Archive member included to satisfy reference by file (symbol)

/home/devil/study_work/RTOS/lambton/2019/fall/ese3025/Real_Time_OS/lpc_board_nxp_lpcxpresso_1769/Debug/liblpc_board_nxp_lpcxpresso_1769.a(board.o)
                              ./example/src/KeyboardHost.o (Board_Debug_Init)
/home/devil/study_work/RTOS/lambton/2019/fall/ese3025/Real_Time_OS/lpc_board_nxp_lpcxpresso_1769/Debug/liblpc_board_nxp_lpcxpresso_1769.a(board_sysinit.o)
                              ./example/src/sysinit.o (Board_SystemInit)
/home/devil/study_work/RTOS/lambton/2019/fall/ese3025/Real_Time_OS/lpc_chip_175x_6x/Debug/liblpc_chip_175x_6x.a(chip_17xx_40xx.o)
                              ./example/src/KeyboardHost.o (SystemCoreClockUpdate)
/home/devil/study_work/RTOS/lambton/2019/fall/ese3025/Real_Time_OS/lpc_chip_175x_6x/Debug/liblpc_chip_175x_6x.a(clock_17xx_40xx.o)
                              ./lpcusblib/Drivers/USB/Core/HAL/LPC17XX/HAL_LPC17xx.o (Chip_Clock_EnablePLL)
/home/devil/study_work/RTOS/lambton/2019/fall/ese3025/Real_Time_OS/lpc_chip_175x_6x/Debug/liblpc_chip_175x_6x.a(i2s_17xx_40xx.o)
                              /home/devil/study_work/RTOS/lambton/2019/fall/ese3025/Real_Time_OS/lpc_board_nxp_lpcxpresso_1769/Debug/liblpc_board_nxp_lpcxpresso_1769.a(board.o) (Chip_I2S_Init)
/home/devil/study_work/RTOS/lambton/2019/fall/ese3025/Real_Time_OS/lpc_chip_175x_6x/Debug/liblpc_chip_175x_6x.a(iocon_17xx_40xx.o)
                              ./lpcusblib/Drivers/USB/Core/HAL/LPC17XX/HAL_LPC17xx.o (Chip_IOCON_PinMux)
/home/devil/study_work/RTOS/lambton/2019/fall/ese3025/Real_Time_OS/lpc_chip_175x_6x/Debug/liblpc_chip_175x_6x.a(sysinit_17xx_40xx.o)
                              /home/devil/study_work/RTOS/lambton/2019/fall/ese3025/Real_Time_OS/lpc_board_nxp_lpcxpresso_1769/Debug/liblpc_board_nxp_lpcxpresso_1769.a(board_sysinit.o) (Chip_SetupXtalClocking)
/home/devil/study_work/RTOS/lambton/2019/fall/ese3025/Real_Time_OS/lpc_chip_175x_6x/Debug/liblpc_chip_175x_6x.a(uart_17xx_40xx.o)
                              /home/devil/study_work/RTOS/lambton/2019/fall/ese3025/Real_Time_OS/lpc_board_nxp_lpcxpresso_1769/Debug/liblpc_board_nxp_lpcxpresso_1769.a(board.o) (Chip_UART_Init)
/home/devil/study_work/RTOS/lambton/2019/fall/ese3025/Real_Time_OS/lpc_chip_175x_6x/Debug/liblpc_chip_175x_6x.a(ring_buffer.o)
                              /home/devil/study_work/RTOS/lambton/2019/fall/ese3025/Real_Time_OS/lpc_chip_175x_6x/Debug/liblpc_chip_175x_6x.a(uart_17xx_40xx.o) (RingBuffer_Insert)
/usr/local/mcuxpressoide-11.0.1_2563/ide/plugins/com.nxp.mcuxpresso.tools.linux_11.0.1.201907311258/tools/bin/../lib/gcc/arm-none-eabi/8.2.1/../../../../arm-none-eabi/lib/thumb/v7-m/nofp/libcr_nohost.a(__ciob.o)
                              ./example/src/KeyboardHost.o (__Ciob)
/usr/local/mcuxpressoide-11.0.1_2563/ide/plugins/com.nxp.mcuxpresso.tools.linux_11.0.1.201907311258/tools/bin/../lib/gcc/arm-none-eabi/8.2.1/../../../../arm-none-eabi/lib/thumb/v7-m/nofp/libcr_nohost.a(_cr__main.o)
                              ./example/src/cr_startup_lpc175x_6x.o (__main)
/usr/local/mcuxpressoide-11.0.1_2563/ide/plugins/com.nxp.mcuxpresso.tools.linux_11.0.1.201907311258/tools/bin/../lib/gcc/arm-none-eabi/8.2.1/../../../../arm-none-eabi/lib/thumb/v7-m/nofp/libcr_c.a(memcpy.o)
                              ./lpcusblib/Drivers/USB/Class/Common/HIDParser.o (memcpy)
/usr/local/mcuxpressoide-11.0.1_2563/ide/plugins/com.nxp.mcuxpresso.tools.linux_11.0.1.201907311258/tools/bin/../lib/gcc/arm-none-eabi/8.2.1/../../../../arm-none-eabi/lib/thumb/v7-m/nofp/libcr_c.a(memset.o)
                              ./lpcusblib/Drivers/USB/Core/HCD/OHCI/OHCI.o (memset)
/usr/local/mcuxpressoide-11.0.1_2563/ide/plugins/com.nxp.mcuxpresso.tools.linux_11.0.1.201907311258/tools/bin/../lib/gcc/arm-none-eabi/8.2.1/../../../../arm-none-eabi/lib/thumb/v7-m/nofp/libcr_c.a(_deferredlazyseek.o)
                              ./example/src/KeyboardHost.o (__flsbuf)
/usr/local/mcuxpressoide-11.0.1_2563/ide/plugins/com.nxp.mcuxpresso.tools.linux_11.0.1.201907311258/tools/bin/../lib/gcc/arm-none-eabi/8.2.1/../../../../arm-none-eabi/lib/thumb/v7-m/nofp/libcr_c.a(_fflush.o)
                              /usr/local/mcuxpressoide-11.0.1_2563/ide/plugins/com.nxp.mcuxpresso.tools.linux_11.0.1.201907311258/tools/bin/../lib/gcc/arm-none-eabi/8.2.1/../../../../arm-none-eabi/lib/thumb/v7-m/nofp/libcr_c.a(_deferredlazyseek.o) (_fflush)
/usr/local/mcuxpressoide-11.0.1_2563/ide/plugins/com.nxp.mcuxpresso.tools.linux_11.0.1.201907311258/tools/bin/../lib/gcc/arm-none-eabi/8.2.1/../../../../arm-none-eabi/lib/thumb/v7-m/nofp/libcr_c.a(_writebuf.o)
                              /usr/local/mcuxpressoide-11.0.1_2563/ide/plugins/com.nxp.mcuxpresso.tools.linux_11.0.1.201907311258/tools/bin/../lib/gcc/arm-none-eabi/8.2.1/../../../../arm-none-eabi/lib/thumb/v7-m/nofp/libcr_c.a(_deferredlazyseek.o) (_Cwritebuf)
[...]
Memory Configuration

Name             Origin             Length             Attributes
MFlash512        0x0000000000000000 0x0000000000080000 xr
RamAHB32         0x000000002007c000 0x0000000000008000 xrw
RamLoc32         0x0000000010000000 0x0000000000008000 xrw
*default*        0x0000000000000000 0xffffffffffffffff

Linker script and memory map

LOAD ./lpcusblib/Drivers/USB/Core/HCD/OHCI/OHCI.o
LOAD ./lpcusblib/Drivers/USB/Core/HCD/HCD.o
LOAD ./lpcusblib/Drivers/USB/Core/HAL/LPC17XX/HAL_LPC17xx.o
LOAD ./lpcusblib/Drivers/USB/Core/ConfigDescriptor.o
LOAD ./lpcusblib/Drivers/USB/Core/Host.o
LOAD ./lpcusblib/Drivers/USB/Core/HostStandardReq.o
LOAD ./lpcusblib/Drivers/USB/Core/Pipe.o
LOAD ./lpcusblib/Drivers/USB/Core/PipeStream.o
LOAD ./lpcusblib/Drivers/USB/Core/USBController.o
LOAD ./lpcusblib/Drivers/USB/Core/USBMemory.o
LOAD ./lpcusblib/Drivers/USB/Core/USBTask.o
LOAD ./lpcusblib/Drivers/USB/Class/Host/HIDClassHost.o
LOAD ./lpcusblib/Drivers/USB/Class/Common/HIDParser.o
LOAD ./example/src/KeyboardHost.o
LOAD ./example/src/cr_startup_lpc175x_6x.o
LOAD ./example/src/sysinit.o
LOAD /home/devil/study_work/RTOS/lambton/2019/fall/ese3025/Real_Time_OS/lpc_board_nxp_lpcxpresso_1769/Debug/liblpc_board_nxp_lpcxpresso_1769.a
LOAD /home/devil/study_work/RTOS/lambton/2019/fall/ese3025/Real_Time_OS/lpc_chip_175x_6x/Debug/liblpc_chip_175x_6x.a
START GROUP
LOAD /usr/local/mcuxpressoide-11.0.1_2563/ide/plugins/com.nxp.mcuxpresso.tools.linux_11.0.1.201907311258/tools/bin/../lib/gcc/arm-none-eabi/8.2.1/../../../../arm-none-eabi/lib/thumb/v7-m/nofp/libcr_nohost.a
LOAD /usr/local/mcuxpressoide-11.0.1_2563/ide/plugins/com.nxp.mcuxpresso.tools.linux_11.0.1.201907311258/tools/bin/../lib/gcc/arm-none-eabi/8.2.1/../../../../arm-none-eabi/lib/thumb/v7-m/nofp/libcr_c.a
LOAD /usr/local/mcuxpressoide-11.0.1_2563/ide/plugins/com.nxp.mcuxpresso.tools.linux_11.0.1.201907311258/tools/bin/../lib/gcc/arm-none-eabi/8.2.1/thumb/v7-m/nofp/libcr_eabihelpers.a
LOAD /usr/local/mcuxpressoide-11.0.1_2563/ide/plugins/com.nxp.mcuxpresso.tools.linux_11.0.1.201907311258/tools/bin/../lib/gcc/arm-none-eabi/8.2.1/thumb/v7-m/nofp/libgcc.a
END GROUP
                0x0000000000000000                __base_MFlash512 = 0x0
                0x0000000000000000                __base_Flash = 0x0
                0x0000000000080000                __top_MFlash512 = 0x80000
                0x0000000000080000                __top_Flash = 0x80000
                0x000000002007c000                __base_RamAHB32 = 0x2007c000
                0x000000002007c000                __base_RAM = 0x2007c000
                0x0000000020084000                __top_RamAHB32 = 0x20084000
                0x0000000020084000                __top_RAM = 0x20084000
                0x0000000010000000                __base_RamLoc32 = 0x10000000
                0x0000000010000000                __base_RAM2 = 0x10000000
                0x0000000010008000                __top_RamLoc32 = 0x10008000
                0x0000000010008000                __top_RAM2 = 0x10008000

.text           0x0000000000000000     0x6aa8
 FILL mask 0xff
                0x0000000000000000                __vectors_start__ = ABSOLUTE (.)
 *(.isr_vector)
 .isr_vector    0x0000000000000000       0xcc ./example/src/cr_startup_lpc175x_6x.o
                0x0000000000000000                g_pfnVectors
                0x00000000000000cc                . = ALIGN (0x4)
                0x00000000000000cc                __section_table_start = .
                0x00000000000000cc                __data_section_table = .
                0x00000000000000cc        0x4 LONG 0x6aa8 LOADADDR (.data)
                0x00000000000000d0        0x4 LONG 0x2007c000 ADDR (.data)
                0x00000000000000d4        0x4 LONG 0x20 SIZEOF (.data)
                0x00000000000000d8        0x4 LONG 0x6aa8 LOADADDR (.data_RAM2)
                0x00000000000000dc        0x4 LONG 0x10000000 ADDR (.data_RAM2)
                0x00000000000000e0        0x4 LONG 0x0 SIZEOF (.data_RAM2)
                0x00000000000000e4                __data_section_table_end = .
                0x00000000000000e4                __bss_section_table = .
                0x00000000000000e4        0x4 LONG 0x2007c020 ADDR (.bss)
                0x00000000000000e8        0x4 LONG 0x290 SIZEOF (.bss)
                0x00000000000000ec        0x4 LONG 0x10000000 ADDR (.bss_RAM2)
                0x00000000000000f0        0x4 LONG 0x1508 SIZEOF (.bss_RAM2)
                0x00000000000000f4                __bss_section_table_end = .
                0x00000000000000f4                __section_table_end = .
 *(.after_vectors*)
 .after_vectors
                0x00000000000000f4      0x12c ./example/src/cr_startup_lpc175x_6x.o
                0x00000000000000f4                data_init
                0x0000000000000136                bss_init
                0x000000000000016c                ResetISR
                0x00000000000001e4                NMI_Handler
                0x00000000000001ea                HardFault_Handler
                0x00000000000001f0                MemManage_Handler
                0x00000000000001f6                BusFault_Handler
                0x00000000000001fc                UsageFault_Handler
                0x0000000000000202                SVC_Handler
                0x0000000000000208                DebugMon_Handler
                0x000000000000020e                PendSV_Handler
                0x0000000000000214                SysTick_Handler
                0x000000000000021a                TIMER2_IRQHandler
                0x000000000000021a                RIT_IRQHandler
                0x000000000000021a                I2C0_IRQHandler
                0x000000000000021a                USBActivity_IRQHandler
                0x000000000000021a                PWM1_IRQHandler
                0x000000000000021a                I2C1_IRQHandler
                0x000000000000021a                EINT2_IRQHandler
                0x000000000000021a                UART1_IRQHandler
                0x000000000000021a                EINT3_IRQHandler
                0x000000000000021a                CANActivity_IRQHandler
                0x000000000000021a                TIMER3_IRQHandler
                0x000000000000021a                UART0_IRQHandler
                0x000000000000021a                IntDefaultHandler
                0x000000000000021a                PLL0_IRQHandler
                0x000000000000021a                CAN_IRQHandler
                0x000000000000021a                PLL1_IRQHandler
                0x000000000000021a                SSP0_IRQHandler
                0x000000000000021a                I2S_IRQHandler
                0x000000000000021a                I2C2_IRQHandler
                0x000000000000021a                RTC_IRQHandler
                0x000000000000021a                TIMER0_IRQHandler
                0x000000000000021a                SPI_IRQHandler
                0x000000000000021a                EINT1_IRQHandler
                0x000000000000021a                TIMER1_IRQHandler
                0x000000000000021a                UART2_IRQHandler
                0x000000000000021a                ADC_IRQHandler
                0x000000000000021a                SSP1_IRQHandler
                0x000000000000021a                BOD_IRQHandler
                0x000000000000021a                WDT_IRQHandler
                0x000000000000021a                QEI_IRQHandler
                0x000000000000021a                EINT0_IRQHandler
                0x000000000000021a                ETH_IRQHandler
                0x000000000000021a                DMA_IRQHandler
                0x000000000000021a                UART3_IRQHandler
                0x000000000000021a                MCPWM_IRQHandler
 *(.text*)
 .text.Align4k  0x0000000000000220       0x1c ./lpcusblib/Drivers/USB/Core/HCD/OHCI/OHCI.o
 .text.Offset4k
                0x000000000000023c       0x18 ./lpcusblib/Drivers/USB/Core/HCD/OHCI/OHCI.o
 .text.HcdGetDeviceSpeed
                0x0000000000000254       0x44 ./lpcusblib/Drivers/USB/Core/HCD/OHCI/OHCI.o
                0x0000000000000254                HcdGetDeviceSpeed
 .text.HcdGetFrameNumber
                0x0000000000000298       0x2c ./lpcusblib/Drivers/USB/Core/HCD/OHCI/OHCI.o
                0x0000000000000298                HcdGetFrameNumber
 .text.HcdRhPortReset
                0x00000000000002c4       0x44 ./lpcusblib/Drivers/USB/Core/HCD/OHCI/OHCI.o
                0x00000000000002c4                HcdRhPortReset
 .text.HcdInitDriver
                0x0000000000000308       0x48 ./lpcusblib/Drivers/USB/Core/HCD/OHCI/OHCI.o
                0x0000000000000308                HcdInitDriver
 .text.HcdDeInitDriver
                0x0000000000000350       0x24 ./lpcusblib/Drivers/USB/Core/HCD/OHCI/OHCI.o
                0x0000000000000350                HcdDeInitDriver
 .text.HcdOpenPipe
                0x0000000000000374      0x120 ./lpcusblib/Drivers/USB/Core/HCD/OHCI/OHCI.o
                0x0000000000000374                HcdOpenPipe
 .text.HcdCancelTransfer
                0x0000000000000494      0x120 ./lpcusblib/Drivers/USB/Core/HCD/OHCI/OHCI.o
                0x0000000000000494                HcdCancelTransfer
 .text.HcdClosePipe
                0x00000000000005b4       0x6a ./lpcusblib/Drivers/USB/Core/HCD/OHCI/OHCI.o
                0x00000000000005b4                HcdClosePipe
 *fill*         0x000000000000061e        0x2 ff
 .text.HcdControlTransfer
                0x0000000000000620      0x120 ./lpcusblib/Drivers/USB/Core/HCD/OHCI/OHCI.o
                0x0000000000000620                HcdControlTransfer
 .text.QueueOneITD
                0x0000000000000740      0x16a ./lpcusblib/Drivers/USB/Core/HCD/OHCI/OHCI.o
 .text.QueueITDs
                0x00000000000008aa       0x9e ./lpcusblib/Drivers/USB/Core/HCD/OHCI/OHCI.o
 .text.HcdDataTransfer
                0x0000000000000948      0x120 ./lpcusblib/Drivers/USB/Core/HCD/OHCI/OHCI.o
                0x0000000000000948                HcdDataTransfer
 .text.HcdGetPipeStatus
                0x0000000000000a68       0x3c ./lpcusblib/Drivers/USB/Core/HCD/OHCI/OHCI.o
                0x0000000000000a68                HcdGetPipeStatus
 .text.OHciRhStatusChangeIsr
                0x0000000000000aa4       0x2c ./lpcusblib/Drivers/USB/Core/HCD/OHCI/OHCI.o
 .text.ProcessDoneQueue
                0x0000000000000ad0      0x192 ./lpcusblib/Drivers/USB/Core/HCD/OHCI/OHCI.o
 *fill*         0x0000000000000c62        0x2 ff
 .text.HcdIrqHandler
                0x0000000000000c64      0x108 ./lpcusblib/Drivers/USB/Core/HCD/OHCI/OHCI.o
                0x0000000000000c64                HcdIrqHandler
 .text.QueueOneGTD
                0x0000000000000d6c       0x9c ./lpcusblib/Drivers/USB/Core/HCD/OHCI/OHCI.o
 .text.QueueGTDs
                0x0000000000000e08       0x7a ./lpcusblib/Drivers/USB/Core/HCD/OHCI/OHCI.o
 .text.WaitForTransferComplete
                0x0000000000000e82       0x32 ./lpcusblib/Drivers/USB/Core/HCD/OHCI/OHCI.o
 .text.InsertEndpoint
                0x0000000000000eb4       0x5c ./lpcusblib/Drivers/USB/Core/HCD/OHCI/OHCI.o
 .text.RemoveEndpoint
                0x0000000000000f10       0x74 ./lpcusblib/Drivers/USB/Core/HCD/OHCI/OHCI.o
 .text.BuildPeriodicStaticEdTree
                0x0000000000000f84       0x54 ./lpcusblib/Drivers/USB/Core/HCD/OHCI/OHCI.o
 .text.Align16  0x0000000000000fd8       0x18 ./lpcusblib/Drivers/USB/Core/HCD/OHCI/OHCI.o
 .text.HcdED    0x0000000000000ff0       0x24 ./lpcusblib/Drivers/USB/Core/HCD/OHCI/OHCI.o
 .text.HcdGTD   0x0000000000001014       0x24 ./lpcusblib/Drivers/USB/Core/HCD/OHCI/OHCI.o
 .text.HcdITD   0x0000000000001038       0x24 ./lpcusblib/Drivers/USB/Core/HCD/OHCI/OHCI.o
 .text.IsIsoEndpoint
                0x000000000000105c       0x26 ./lpcusblib/Drivers/USB/Core/HCD/OHCI/OHCI.o
 .text.PipehandleCreate
                0x0000000000001082       0x28 ./lpcusblib/Drivers/USB/Core/HCD/OHCI/OHCI.o
 .text.PipehandleParse
                0x00000000000010aa       0x54 ./lpcusblib/Drivers/USB/Core/HCD/OHCI/OHCI.o
 .text.AllocEd  0x00000000000010fe      0x1c6 ./lpcusblib/Drivers/USB/Core/HCD/OHCI/OHCI.o
 .text.AllocGtdForEd
                0x00000000000012c4      0x110 ./lpcusblib/Drivers/USB/Core/HCD/OHCI/OHCI.o
 .text.AllocItdForEd
                0x00000000000013d4      0x102 ./lpcusblib/Drivers/USB/Core/HCD/OHCI/OHCI.o
 .text.FreeED   0x00000000000014d6       0x68 ./lpcusblib/Drivers/USB/Core/HCD/OHCI/OHCI.o
 .text.FreeGtd  0x000000000000153e       0x1e ./lpcusblib/Drivers/USB/Core/HCD/OHCI/OHCI.o
 .text.FreeItd  0x000000000000155c       0x22 ./lpcusblib/Drivers/USB/Core/HCD/OHCI/OHCI.o
 *fill*         0x000000000000157e        0x2 ff
 .text.OHciHostInit
                0x0000000000001580      0x108 ./lpcusblib/Drivers/USB/Core/HCD/OHCI/OHCI.o
 .text.OHciHostReset
                0x0000000000001688       0x30 ./lpcusblib/Drivers/USB/Core/HCD/OHCI/OHCI.o
 .text.OHciHostOperational
                0x00000000000016b8       0x2c ./lpcusblib/Drivers/USB/Core/HCD/OHCI/OHCI.o
 .text.HcdDelayUS
                0x00000000000016e4       0x28 ./lpcusblib/Drivers/USB/Core/HCD/HCD.o
                0x00000000000016e4                HcdDelayUS
 .text.HcdDelayMS
                0x000000000000170c       0x2c ./lpcusblib/Drivers/USB/Core/HCD/HCD.o
                0x000000000000170c                HcdDelayMS
 .text.OpenPipe_VerifyParameters
                0x0000000000001738      0x16c ./lpcusblib/Drivers/USB/Core/HCD/HCD.o
                0x0000000000001738                OpenPipe_VerifyParameters
 .text.NVIC_EnableIRQ
                0x00000000000018a4       0x30 ./lpcusblib/Drivers/USB/Core/HAL/LPC17XX/HAL_LPC17xx.o
 .text.Chip_Clock_GetPLLStatus
                0x00000000000018d4       0x24 ./lpcusblib/Drivers/USB/Core/HAL/LPC17XX/HAL_LPC17xx.o
 .text.HAL_USBInit
                0x00000000000018f8       0x74 ./lpcusblib/Drivers/USB/Core/HAL/LPC17XX/HAL_LPC17xx.o
                0x00000000000018f8                HAL_USBInit
 .text.HAL_EnableUSBInterrupt
                0x000000000000196c       0x18 ./lpcusblib/Drivers/USB/Core/HAL/LPC17XX/HAL_LPC17xx.o
                0x000000000000196c                HAL_EnableUSBInterrupt
 .text.USB_IRQHandler
                0x0000000000001984       0x20 ./lpcusblib/Drivers/USB/Core/HAL/LPC17XX/HAL_LPC17xx.o
                0x0000000000001984                USB_IRQHandler
 .text.USB_GetNextDescriptor
                0x00000000000019a4       0x4a ./lpcusblib/Drivers/USB/Core/ConfigDescriptor.o
 *fill*         0x00000000000019ee        0x2 ff
 .text.USB_Host_GetDeviceConfigDescriptor
                0x00000000000019f0       0xd0 ./lpcusblib/Drivers/USB/Core/ConfigDescriptor.o
                0x00000000000019f0                USB_Host_GetDeviceConfigDescriptor
 .text.USB_GetNextDescriptorComp
                0x0000000000001ac0       0x5e ./lpcusblib/Drivers/USB/Core/ConfigDescriptor.o
                0x0000000000001ac0                USB_GetNextDescriptorComp
 *fill*         0x0000000000001b1e        0x2 ff
 .text.USB_Host_ProcessNextHostState
                0x0000000000001b20      0x2f0 ./lpcusblib/Drivers/USB/Core/Host.o
                0x0000000000001b20                USB_Host_ProcessNextHostState
 .text.USB_Host_WaitMS
                0x0000000000001e10       0x16 ./lpcusblib/Drivers/USB/Core/Host.o
                0x0000000000001e10                USB_Host_WaitMS
 *fill*         0x0000000000001e26        0x2 ff
 .text.USB_Host_Enumerate
                0x0000000000001e28       0x28 ./lpcusblib/Drivers/USB/Core/Host.o
                0x0000000000001e28                USB_Host_Enumerate
 .text.USB_Host_DeEnumerate
                0x0000000000001e50       0x68 ./lpcusblib/Drivers/USB/Core/Host.o
                0x0000000000001e50                USB_Host_DeEnumerate
 .text.USB_Host_SetDeviceSpeed
                0x0000000000001eb8       0x28 ./lpcusblib/Drivers/USB/Core/Host.o
                0x0000000000001eb8                USB_Host_SetDeviceSpeed
 .text.USB_Host_SendControlRequest
                0x0000000000001ee0      0x1ac ./lpcusblib/Drivers/USB/Core/HostStandardReq.o
                0x0000000000001ee0                USB_Host_SendControlRequest
 .text.USB_Host_SetDeviceConfiguration
                0x000000000000208c       0x8c ./lpcusblib/Drivers/USB/Core/HostStandardReq.o
                0x000000000000208c                USB_Host_SetDeviceConfiguration
 .text.Pipe_ConfigurePipe
                0x0000000000002118      0x150 ./lpcusblib/Drivers/USB/Core/Pipe.o
                0x0000000000002118                Pipe_ConfigurePipe
 .text.Pipe_ClosePipe
                0x0000000000002268       0x8c ./lpcusblib/Drivers/USB/Core/Pipe.o
                0x0000000000002268                Pipe_ClosePipe
 .text.Pipe_IsEndpointBound
                0x00000000000022f4       0x16 ./lpcusblib/Drivers/USB/Core/Pipe.o
                0x00000000000022f4                Pipe_IsEndpointBound
 *fill*         0x000000000000230a        0x2 ff
 .text.Pipe_WaitUntilReady
                0x000000000000230c      0x16c ./lpcusblib/Drivers/USB/Core/Pipe.o
                0x000000000000230c                Pipe_WaitUntilReady
 .text.Pipe_IsINReceived
                0x0000000000002478       0xd0 ./lpcusblib/Drivers/USB/Core/Pipe.o
                0x0000000000002478                Pipe_IsINReceived
 .text.Pipe_Write_Stream_LE
                0x0000000000002548       0xfc ./lpcusblib/Drivers/USB/Core/PipeStream.o
                0x0000000000002548                Pipe_Write_Stream_LE
 .text.Pipe_Read_Stream_LE
                0x0000000000002644      0x2e8 ./lpcusblib/Drivers/USB/Core/PipeStream.o
                0x0000000000002644                Pipe_Read_Stream_LE
 .text.USB_Init
                0x000000000000292c       0x6c ./lpcusblib/Drivers/USB/Core/USBController.o
                0x000000000000292c                USB_Init
 .text.USB_ResetInterface
                0x0000000000002998       0x2c ./lpcusblib/Drivers/USB/Core/USBController.o
                0x0000000000002998                USB_ResetInterface
 .text.USB_Init_Host
                0x00000000000029c4       0x68 ./lpcusblib/Drivers/USB/Core/USBController.o
 .text.USB_Memory_Init
                0x0000000000002a2c       0x48 ./lpcusblib/Drivers/USB/Core/USBMemory.o
                0x0000000000002a2c                USB_Memory_Init
 .text.USB_Memory_Alloc
                0x0000000000002a74      0x124 ./lpcusblib/Drivers/USB/Core/USBMemory.o
                0x0000000000002a74                USB_Memory_Alloc
 .text.USB_Memory_Free
                0x0000000000002b98      0x150 ./lpcusblib/Drivers/USB/Core/USBMemory.o
                0x0000000000002b98                USB_Memory_Free
 .text.USB_USBTask
                0x0000000000002ce8       0x20 ./lpcusblib/Drivers/USB/Core/USBTask.o
                0x0000000000002ce8                USB_USBTask
 .text.USB_HostTask
                0x0000000000002d08       0x48 ./lpcusblib/Drivers/USB/Core/USBTask.o
 .text.HID_Host_ConfigurePipes
                0x0000000000002d50      0x228 ./lpcusblib/Drivers/USB/Class/Host/HIDClassHost.o
                0x0000000000002d50                HID_Host_ConfigurePipes
 .text.DCOMP_HID_Host_NextHIDInterface
                0x0000000000002f78       0x30 ./lpcusblib/Drivers/USB/Class/Host/HIDClassHost.o
 .text.DCOMP_HID_Host_NextHIDDescriptor
                0x0000000000002fa8       0x30 ./lpcusblib/Drivers/USB/Class/Host/HIDClassHost.o
 .text.DCOMP_HID_Host_NextHIDInterfaceEndpoint
                0x0000000000002fd8       0x48 ./lpcusblib/Drivers/USB/Class/Host/HIDClassHost.o
 .text.HID_Host_ReceiveReport
                0x0000000000003020      0x1d0 ./lpcusblib/Drivers/USB/Class/Host/HIDClassHost.o
                0x0000000000003020                HID_Host_ReceiveReport
 .text.HID_Host_IsReportReceived
                0x00000000000031f0       0x60 ./lpcusblib/Drivers/USB/Class/Host/HIDClassHost.o
                0x00000000000031f0                HID_Host_IsReportReceived
 .text.HID_Host_SetBootProtocol
                0x0000000000003250       0x8c ./lpcusblib/Drivers/USB/Class/Host/HIDClassHost.o
                0x0000000000003250                HID_Host_SetBootProtocol
 .text.USB_GetHIDReportSize
                0x00000000000032dc       0x76 ./lpcusblib/Drivers/USB/Class/Common/HIDParser.o
                0x00000000000032dc                USB_GetHIDReportSize
 .text.HID_Host_USBTask
                0x0000000000003352       0x12 ./example/src/KeyboardHost.o
 .text.KeyboardHost_Task
                0x0000000000003364       0xe4 ./example/src/KeyboardHost.o
 .text.SetupHardware
                0x0000000000003448       0x28 ./example/src/KeyboardHost.o
 .text.main     0x0000000000003470       0x30 ./example/src/KeyboardHost.o
                0x0000000000003470                main
 .text.EVENT_USB_Host_DeviceAttached
                0x00000000000034a0       0x20 ./example/src/KeyboardHost.o
                0x00000000000034a0                EVENT_USB_Host_DeviceAttached
 .text.EVENT_USB_Host_DeviceUnattached
                0x00000000000034c0       0x20 ./example/src/KeyboardHost.o
                0x00000000000034c0                EVENT_USB_Host_DeviceUnattached
 .text.EVENT_USB_Host_DeviceEnumerationComplete
                0x00000000000034e0       0xbc ./example/src/KeyboardHost.o
                0x00000000000034e0                EVENT_USB_Host_DeviceEnumerationComplete
 .text.EVENT_USB_Host_DeviceEnumerationFailed
                0x000000000000359c       0x3c ./example/src/KeyboardHost.o
                0x000000000000359c                EVENT_USB_Host_DeviceEnumerationFailed
 .text.SystemInit
                0x00000000000035d8       0x24 ./example/src/sysinit.o
                0x00000000000035d8                SystemInit
 .text.Chip_IOCON_Init
                0x00000000000035fc       0x16 /home/devil/study_work/RTOS/lambton/2019/fall/ese3025/Real_Time_OS/lpc_board_nxp_lpcxpresso_1769/Debug/liblpc_board_nxp_lpcxpresso_1769.a(board.o)
 .text.Chip_GPIO_Init
                0x0000000000003612       0x16 /home/devil/study_work/RTOS/lambton/2019/fall/ese3025/Real_Time_OS/lpc_board_nxp_lpcxpresso_1769/Debug/liblpc_board_nxp_lpcxpresso_1769.a(board.o)
 .text.Chip_GPIO_SetPinDIROutput
                0x0000000000003628       0x36 /home/devil/study_work/RTOS/lambton/2019/fall/ese3025/Real_Time_OS/lpc_board_nxp_lpcxpresso_1769/Debug/liblpc_board_nxp_lpcxpresso_1769.a(board.o)
 .text.Chip_GPIO_SetPinDIRInput
                0x000000000000365e       0x3a /home/devil/study_work/RTOS/lambton/2019/fall/ese3025/Real_Time_OS/lpc_board_nxp_lpcxpresso_1769/Debug/liblpc_board_nxp_lpcxpresso_1769.a(board.o)
 .text.Chip_GPIO_SetPinDIR
                0x0000000000003698       0x42 /home/devil/study_work/RTOS/lambton/2019/fall/ese3025/Real_Time_OS/lpc_board_nxp_lpcxpresso_1769/Debug/liblpc_board_nxp_lpcxpresso_1769.a(board.o)
 .text.Chip_GPIO_WriteDirBit
                0x00000000000036da       0x2e /home/devil/study_work/RTOS/lambton/2019/fall/ese3025/Real_Time_OS/lpc_board_nxp_lpcxpresso_1769/Debug/liblpc_board_nxp_lpcxpresso_1769.a(board.o)
 .text.Chip_UART_SendByte
                0x0000000000003708       0x1c /home/devil/study_work/RTOS/lambton/2019/fall/ese3025/Real_Time_OS/lpc_board_nxp_lpcxpresso_1769/Debug/liblpc_board_nxp_lpcxpresso_1769.a(board.o)
 .text.Chip_UART_ConfigData
                0x0000000000003724       0x1a /home/devil/study_work/RTOS/lambton/2019/fall/ese3025/Real_Time_OS/lpc_board_nxp_lpcxpresso_1769/Debug/liblpc_board_nxp_lpcxpresso_1769.a(board.o)
 .text.Chip_UART_ReadLineStatus
                0x000000000000373e       0x16 /home/devil/study_work/RTOS/lambton/2019/fall/ese3025/Real_Time_OS/lpc_board_nxp_lpcxpresso_1769/Debug/liblpc_board_nxp_lpcxpresso_1769.a(board.o)
 .text.__sys_write
                0x0000000000003754       0x38 /home/devil/study_work/RTOS/lambton/2019/fall/ese3025/Real_Time_OS/lpc_board_nxp_lpcxpresso_1769/Debug/liblpc_board_nxp_lpcxpresso_1769.a(board.o)
                0x0000000000003754                __sys_write
 .text.Board_LED_Init
                0x000000000000378c       0x30 /home/devil/study_work/RTOS/lambton/2019/fall/ese3025/Real_Time_OS/lpc_board_nxp_lpcxpresso_1769/Debug/liblpc_board_nxp_lpcxpresso_1769.a(board.o)
 .text.Board_UART_Init
                0x00000000000037bc       0x12 /home/devil/study_work/RTOS/lambton/2019/fall/ese3025/Real_Time_OS/lpc_board_nxp_lpcxpresso_1769/Debug/liblpc_board_nxp_lpcxpresso_1769.a(board.o)
                0x00000000000037bc                Board_UART_Init
 *fill*         0x00000000000037ce        0x2 ff
 .text.Board_Debug_Init
                0x00000000000037d0       0x30 /home/devil/study_work/RTOS/lambton/2019/fall/ese3025/Real_Time_OS/lpc_board_nxp_lpcxpresso_1769/Debug/liblpc_board_nxp_lpcxpresso_1769.a(board.o)
                0x00000000000037d0                Board_Debug_Init
 .text.Board_UARTPutChar
                0x0000000000003800       0x34 /home/devil/study_work/RTOS/lambton/2019/fall/ese3025/Real_Time_OS/lpc_board_nxp_lpcxpresso_1769/Debug/liblpc_board_nxp_lpcxpresso_1769.a(board.o)
                0x0000000000003800                Board_UARTPutChar
 .text.Board_Init
                0x0000000000003834       0x24 /home/devil/study_work/RTOS/lambton/2019/fall/ese3025/Real_Time_OS/lpc_board_nxp_lpcxpresso_1769/Debug/liblpc_board_nxp_lpcxpresso_1769.a(board.o)
                0x0000000000003834                Board_Init
 .text.Chip_SYSCTL_SetFLASHAccess
                0x0000000000003858       0x30 /home/devil/study_work/RTOS/lambton/2019/fall/ese3025/Real_Time_OS/lpc_board_nxp_lpcxpresso_1769/Debug/liblpc_board_nxp_lpcxpresso_1769.a(board_sysinit.o)
 .text.Board_SetupMuxing
                0x0000000000003888       0x1c /home/devil/study_work/RTOS/lambton/2019/fall/ese3025/Real_Time_OS/lpc_board_nxp_lpcxpresso_1769/Debug/liblpc_board_nxp_lpcxpresso_1769.a(board_sysinit.o)
                0x0000000000003888                Board_SetupMuxing
 .text.Board_SetupClocking
                0x00000000000038a4       0x12 /home/devil/study_work/RTOS/lambton/2019/fall/ese3025/Real_Time_OS/lpc_board_nxp_lpcxpresso_1769/Debug/liblpc_board_nxp_lpcxpresso_1769.a(board_sysinit.o)
                0x00000000000038a4                Board_SetupClocking
 .text.Board_SystemInit
                0x00000000000038b6       0x10 /home/devil/study_work/RTOS/lambton/2019/fall/ese3025/Real_Time_OS/lpc_board_nxp_lpcxpresso_1769/Debug/liblpc_board_nxp_lpcxpresso_1769.a(board_sysinit.o)
                0x00000000000038b6                Board_SystemInit
 *fill*         0x00000000000038c6        0x2 ff
 .text.Chip_Clock_IsUSBPLLLocked
                0x00000000000038c8       0x24 /home/devil/study_work/RTOS/lambton/2019/fall/ese3025/Real_Time_OS/lpc_chip_175x_6x/Debug/liblpc_chip_175x_6x.a(chip_17xx_40xx.o)
 .text.Chip_Clock_IsUSBPLLConnected
                0x00000000000038ec       0x24 /home/devil/study_work/RTOS/lambton/2019/fall/ese3025/Real_Time_OS/lpc_chip_175x_6x/Debug/liblpc_chip_175x_6x.a(chip_17xx_40xx.o)
 .text.SystemCoreClockUpdate
                0x0000000000003910       0x18 /home/devil/study_work/RTOS/lambton/2019/fall/ese3025/Real_Time_OS/lpc_chip_175x_6x/Debug/liblpc_chip_175x_6x.a(chip_17xx_40xx.o)
                0x0000000000003910                SystemCoreClockUpdate
 .text.Chip_USB_Init
                0x0000000000003928       0x4c /home/devil/study_work/RTOS/lambton/2019/fall/ese3025/Real_Time_OS/lpc_chip_175x_6x/Debug/liblpc_chip_175x_6x.a(chip_17xx_40xx.o)
                0x0000000000003928                Chip_USB_Init
 .text.Chip_Clock_IsMainPLLEnabled
                0x0000000000003974       0x24 /home/devil/study_work/RTOS/lambton/2019/fall/ese3025/Real_Time_OS/lpc_chip_175x_6x/Debug/liblpc_chip_175x_6x.a(clock_17xx_40xx.o)
 .text.Chip_Clock_IsMainPLLConnected
                0x0000000000003998       0x24 /home/devil/study_work/RTOS/lambton/2019/fall/ese3025/Real_Time_OS/lpc_chip_175x_6x/Debug/liblpc_chip_175x_6x.a(clock_17xx_40xx.o)
 .text.Chip_Clock_FeedPLL
                0x00000000000039bc       0x34 /home/devil/study_work/RTOS/lambton/2019/fall/ese3025/Real_Time_OS/lpc_chip_175x_6x/Debug/liblpc_chip_175x_6x.a(clock_17xx_40xx.o)
 .text.Chip_Clock_GetMainPLLSource
                0x00000000000039f0       0x20 /home/devil/study_work/RTOS/lambton/2019/fall/ese3025/Real_Time_OS/lpc_chip_175x_6x/Debug/liblpc_chip_175x_6x.a(clock_17xx_40xx.o)
 .text.Chip_Clock_GetMainOscRate
                0x0000000000003a10       0x14 /home/devil/study_work/RTOS/lambton/2019/fall/ese3025/Real_Time_OS/lpc_chip_175x_6x/Debug/liblpc_chip_175x_6x.a(clock_17xx_40xx.o)
 .text.Chip_Clock_GetIntOscRate
                0x0000000000003a24       0x14 /home/devil/study_work/RTOS/lambton/2019/fall/ese3025/Real_Time_OS/lpc_chip_175x_6x/Debug/liblpc_chip_175x_6x.a(clock_17xx_40xx.o)
 .text.Chip_Clock_GetRTCOscRate
                0x0000000000003a38       0x14 /home/devil/study_work/RTOS/lambton/2019/fall/ese3025/Real_Time_OS/lpc_chip_175x_6x/Debug/liblpc_chip_175x_6x.a(clock_17xx_40xx.o)
 .text.Chip_Clock_GetMainPLLInClockRate
                0x0000000000003a4c        0xe /home/devil/study_work/RTOS/lambton/2019/fall/ese3025/Real_Time_OS/lpc_chip_175x_6x/Debug/liblpc_chip_175x_6x.a(clock_17xx_40xx.o)
 *fill*         0x0000000000003a5a        0x2 ff
 .text.Chip_Clock_EnablePLL
                0x0000000000003a5c       0x44 /home/devil/study_work/RTOS/lambton/2019/fall/ese3025/Real_Time_OS/lpc_chip_175x_6x/Debug/liblpc_chip_175x_6x.a(clock_17xx_40xx.o)
                0x0000000000003a5c                Chip_Clock_EnablePLL
 .text.Chip_Clock_DisablePLL
                0x0000000000003aa0       0x48 /home/devil/study_work/RTOS/lambton/2019/fall/ese3025/Real_Time_OS/lpc_chip_175x_6x/Debug/liblpc_chip_175x_6x.a(clock_17xx_40xx.o)
                0x0000000000003aa0                Chip_Clock_DisablePLL
 .text.Chip_Clock_SetupPLL
                0x0000000000003ae8       0x5c /home/devil/study_work/RTOS/lambton/2019/fall/ese3025/Real_Time_OS/lpc_chip_175x_6x/Debug/liblpc_chip_175x_6x.a(clock_17xx_40xx.o)
                0x0000000000003ae8                Chip_Clock_SetupPLL
 .text.Chip_Clock_EnablePeriphClock
                0x0000000000003b44       0x34 /home/devil/study_work/RTOS/lambton/2019/fall/ese3025/Real_Time_OS/lpc_chip_175x_6x/Debug/liblpc_chip_175x_6x.a(clock_17xx_40xx.o)
                0x0000000000003b44                Chip_Clock_EnablePeriphClock
 .text.Chip_Clock_GetCPUClockSource
                0x0000000000003b78       0x24 /home/devil/study_work/RTOS/lambton/2019/fall/ese3025/Real_Time_OS/lpc_chip_175x_6x/Debug/liblpc_chip_175x_6x.a(clock_17xx_40xx.o)
                0x0000000000003b78                Chip_Clock_GetCPUClockSource
 .text.Chip_Clock_SetCPUClockDiv
                0x0000000000003b9c       0x20 /home/devil/study_work/RTOS/lambton/2019/fall/ese3025/Real_Time_OS/lpc_chip_175x_6x/Debug/liblpc_chip_175x_6x.a(clock_17xx_40xx.o)
                0x0000000000003b9c                Chip_Clock_SetCPUClockDiv
 .text.Chip_Clock_GetCPUClockDiv
                0x0000000000003bbc       0x1c /home/devil/study_work/RTOS/lambton/2019/fall/ese3025/Real_Time_OS/lpc_chip_175x_6x/Debug/liblpc_chip_175x_6x.a(clock_17xx_40xx.o)
                0x0000000000003bbc                Chip_Clock_GetCPUClockDiv
 .text.Chip_Clock_GetPCLKDiv
                0x0000000000003bd8       0x8c /home/devil/study_work/RTOS/lambton/2019/fall/ese3025/Real_Time_OS/lpc_chip_175x_6x/Debug/liblpc_chip_175x_6x.a(clock_17xx_40xx.o)
                0x0000000000003bd8                Chip_Clock_GetPCLKDiv
 .text.Chip_Clock_GetSYSCLKRate
                0x0000000000003c64       0x34 /home/devil/study_work/RTOS/lambton/2019/fall/ese3025/Real_Time_OS/lpc_chip_175x_6x/Debug/liblpc_chip_175x_6x.a(clock_17xx_40xx.o)
                0x0000000000003c64                Chip_Clock_GetSYSCLKRate
 .text.Chip_Clock_GetMainPLLOutClockRate
                0x0000000000003c98       0x54 /home/devil/study_work/RTOS/lambton/2019/fall/ese3025/Real_Time_OS/lpc_chip_175x_6x/Debug/liblpc_chip_175x_6x.a(clock_17xx_40xx.o)
                0x0000000000003c98                Chip_Clock_GetMainPLLOutClockRate
 .text.Chip_Clock_GetMainClockRate
                0x0000000000003cec       0x28 /home/devil/study_work/RTOS/lambton/2019/fall/ese3025/Real_Time_OS/lpc_chip_175x_6x/Debug/liblpc_chip_175x_6x.a(clock_17xx_40xx.o)
                0x0000000000003cec                Chip_Clock_GetMainClockRate
 .text.Chip_Clock_GetSystemClockRate
                0x0000000000003d14       0x18 /home/devil/study_work/RTOS/lambton/2019/fall/ese3025/Real_Time_OS/lpc_chip_175x_6x/Debug/liblpc_chip_175x_6x.a(clock_17xx_40xx.o)
                0x0000000000003d14                Chip_Clock_GetSystemClockRate
 .text.Chip_Clock_GetPeripheralClockRate
                0x0000000000003d2c       0x26 /home/devil/study_work/RTOS/lambton/2019/fall/ese3025/Real_Time_OS/lpc_chip_175x_6x/Debug/liblpc_chip_175x_6x.a(clock_17xx_40xx.o)
                0x0000000000003d2c                Chip_Clock_GetPeripheralClockRate
 .text.Chip_IOCON_PinMuxSet
                0x0000000000003d52       0x36 /home/devil/study_work/RTOS/lambton/2019/fall/ese3025/Real_Time_OS/lpc_chip_175x_6x/Debug/liblpc_chip_175x_6x.a(iocon_17xx_40xx.o)
                0x0000000000003d52                Chip_IOCON_PinMuxSet
 .text.Chip_IOCON_PinMux
                0x0000000000003d88       0x94 /home/devil/study_work/RTOS/lambton/2019/fall/ese3025/Real_Time_OS/lpc_chip_175x_6x/Debug/liblpc_chip_175x_6x.a(iocon_17xx_40xx.o)
                0x0000000000003d88                Chip_IOCON_PinMux
 .text.Chip_IOCON_SetPinMuxing
                0x0000000000003e1c       0x62 /home/devil/study_work/RTOS/lambton/2019/fall/ese3025/Real_Time_OS/lpc_chip_175x_6x/Debug/liblpc_chip_175x_6x.a(iocon_17xx_40xx.o)
                0x0000000000003e1c                Chip_IOCON_SetPinMuxing
 *fill*         0x0000000000003e7e        0x2 ff
 .text.Chip_Clock_IsMainPLLEnabled
                0x0000000000003e80       0x24 /home/devil/study_work/RTOS/lambton/2019/fall/ese3025/Real_Time_OS/lpc_chip_175x_6x/Debug/liblpc_chip_175x_6x.a(sysinit_17xx_40xx.o)
 .text.Chip_Clock_IsMainPLLLocked
                0x0000000000003ea4       0x24 /home/devil/study_work/RTOS/lambton/2019/fall/ese3025/Real_Time_OS/lpc_chip_175x_6x/Debug/liblpc_chip_175x_6x.a(sysinit_17xx_40xx.o)
 .text.Chip_Clock_IsMainPLLConnected
                0x0000000000003ec8       0x24 /home/devil/study_work/RTOS/lambton/2019/fall/ese3025/Real_Time_OS/lpc_chip_175x_6x/Debug/liblpc_chip_175x_6x.a(sysinit_17xx_40xx.o)
 .text.Chip_Clock_EnableCrystal
                0x0000000000003eec       0x20 /home/devil/study_work/RTOS/lambton/2019/fall/ese3025/Real_Time_OS/lpc_chip_175x_6x/Debug/liblpc_chip_175x_6x.a(sysinit_17xx_40xx.o)
 .text.Chip_Clock_IsCrystalEnabled
                0x0000000000003f0c       0x24 /home/devil/study_work/RTOS/lambton/2019/fall/ese3025/Real_Time_OS/lpc_chip_175x_6x/Debug/liblpc_chip_175x_6x.a(sysinit_17xx_40xx.o)
 .text.Chip_Clock_SetMainPLLSource
                0x0000000000003f30       0x20 /home/devil/study_work/RTOS/lambton/2019/fall/ese3025/Real_Time_OS/lpc_chip_175x_6x/Debug/liblpc_chip_175x_6x.a(sysinit_17xx_40xx.o)
 .text.Chip_SetupXtalClocking
                0x0000000000003f50       0x90 /home/devil/study_work/RTOS/lambton/2019/fall/ese3025/Real_Time_OS/lpc_chip_175x_6x/Debug/liblpc_chip_175x_6x.a(sysinit_17xx_40xx.o)
                0x0000000000003f50                Chip_SetupXtalClocking
 .text.Chip_UART_SetupFIFOS
                0x0000000000003fe0       0x1a /home/devil/study_work/RTOS/lambton/2019/fall/ese3025/Real_Time_OS/lpc_chip_175x_6x/Debug/liblpc_chip_175x_6x.a(uart_17xx_40xx.o)
 .text.Chip_UART_ConfigData
                0x0000000000003ffa       0x1a /home/devil/study_work/RTOS/lambton/2019/fall/ese3025/Real_Time_OS/lpc_chip_175x_6x/Debug/liblpc_chip_175x_6x.a(uart_17xx_40xx.o)
 .text.Chip_UART_EnableDivisorAccess
                0x0000000000004014       0x1e /home/devil/study_work/RTOS/lambton/2019/fall/ese3025/Real_Time_OS/lpc_chip_175x_6x/Debug/liblpc_chip_175x_6x.a(uart_17xx_40xx.o)
 .text.Chip_UART_DisableDivisorAccess
                0x0000000000004032       0x1e /home/devil/study_work/RTOS/lambton/2019/fall/ese3025/Real_Time_OS/lpc_chip_175x_6x/Debug/liblpc_chip_175x_6x.a(uart_17xx_40xx.o)
 .text.Chip_UART_SetDivisorLatches
                0x0000000000004050       0x26 /home/devil/study_work/RTOS/lambton/2019/fall/ese3025/Real_Time_OS/lpc_chip_175x_6x/Debug/liblpc_chip_175x_6x.a(uart_17xx_40xx.o)
 *fill*         0x0000000000004076        0x2 ff
 .text.Chip_UART_GetClockIndex
                0x0000000000004078       0x50 /home/devil/study_work/RTOS/lambton/2019/fall/ese3025/Real_Time_OS/lpc_chip_175x_6x/Debug/liblpc_chip_175x_6x.a(uart_17xx_40xx.o)
 .text.Chip_UART_GetClkIndex
                0x00000000000040c8       0x50 /home/devil/study_work/RTOS/lambton/2019/fall/ese3025/Real_Time_OS/lpc_chip_175x_6x/Debug/liblpc_chip_175x_6x.a(uart_17xx_40xx.o)
 .text.Chip_UART_Init
                0x0000000000004118       0x78 /home/devil/study_work/RTOS/lambton/2019/fall/ese3025/Real_Time_OS/lpc_chip_175x_6x/Debug/liblpc_chip_175x_6x.a(uart_17xx_40xx.o)
                0x0000000000004118                Chip_UART_Init
 .text.Chip_UART_TXEnable
                0x0000000000004190       0x18 /home/devil/study_work/RTOS/lambton/2019/fall/ese3025/Real_Time_OS/lpc_chip_175x_6x/Debug/liblpc_chip_175x_6x.a(uart_17xx_40xx.o)
                0x0000000000004190                Chip_UART_TXEnable
 .text.Chip_UART_TXDisable
                0x00000000000041a8       0x18 /home/devil/study_work/RTOS/lambton/2019/fall/ese3025/Real_Time_OS/lpc_chip_175x_6x/Debug/liblpc_chip_175x_6x.a(uart_17xx_40xx.o)
                0x00000000000041a8                Chip_UART_TXDisable
 .text.Chip_UART_SetBaud
                0x00000000000041c0       0x62 /home/devil/study_work/RTOS/lambton/2019/fall/ese3025/Real_Time_OS/lpc_chip_175x_6x/Debug/liblpc_chip_175x_6x.a(uart_17xx_40xx.o)
                0x00000000000041c0                Chip_UART_SetBaud
 .text.__main   0x0000000000004222        0xe /usr/local/mcuxpressoide-11.0.1_2563/ide/plugins/com.nxp.mcuxpresso.tools.linux_11.0.1.201907311258/tools/bin/../lib/gcc/arm-none-eabi/8.2.1/../../../../arm-none-eabi/lib/thumb/v7-m/nofp/libcr_nohost.a(_cr__main.o)
                0x0000000000004222                __main
 .text.memset   0x0000000000004230        0x4 /usr/local/mcuxpressoide-11.0.1_2563/ide/plugins/com.nxp.mcuxpresso.tools.linux_11.0.1.201907311258/tools/bin/../lib/gcc/arm-none-eabi/8.2.1/../../../../arm-none-eabi/lib/thumb/v7-m/nofp/libcr_c.a(memset.o)
                0x0000000000004230                memset
 .text._deferredlazyseek
                0x0000000000004234       0x40 /usr/local/mcuxpressoide-11.0.1_2563/ide/plugins/com.nxp.mcuxpresso.tools.linux_11.0.1.201907311258/tools/bin/../lib/gcc/arm-none-eabi/8.2.1/../../../../arm-none-eabi/lib/thumb/v7-m/nofp/libcr_c.a(_deferredlazyseek.o)
                0x0000000000004234                _deferredlazyseek
 .text.__flsbuf
                0x0000000000004274      0x140 /usr/local/mcuxpressoide-11.0.1_2563/ide/plugins/com.nxp.mcuxpresso.tools.linux_11.0.1.201907311258/tools/bin/../lib/gcc/arm-none-eabi/8.2.1/../../../../arm-none-eabi/lib/thumb/v7-m/nofp/libcr_c.a(_deferredlazyseek.o)
                0x0000000000004274                __flsbuf
 .text._fflush  0x00000000000043b4       0x52 /usr/local/mcuxpressoide-11.0.1_2563/ide/plugins/com.nxp.mcuxpresso.tools.linux_11.0.1.201907311258/tools/bin/../lib/gcc/arm-none-eabi/8.2.1/../../../../arm-none-eabi/lib/thumb/v7-m/nofp/libcr_c.a(_fflush.o)
                0x00000000000043b4                _fflush
 *fill*         0x0000000000004406        0x2 ff
 .text._Cwritebuf
                0x0000000000004408       0x6c /usr/local/mcuxpressoide-11.0.1_2563/ide/plugins/com.nxp.mcuxpresso.tools.linux_11.0.1.201907311258/tools/bin/../lib/gcc/arm-none-eabi/8.2.1/../../../../arm-none-eabi/lib/thumb/v7-m/nofp/libcr_c.a(_writebuf.o)
                0x0000000000004408                _Cwritebuf
 .text.malloc   0x0000000000004474       0xc8 /usr/local/mcuxpressoide-11.0.1_2563/ide/plugins/com.nxp.mcuxpresso.tools.linux_11.0.1.201907311258/tools/bin/../lib/gcc/arm-none-eabi/8.2.1/../../../../arm-none-eabi/lib/thumb/v7-m/nofp/libcr_c.a(alloc.o)
                0x0000000000004474                malloc
 .text.free     0x000000000000453c       0x30 /usr/local/mcuxpressoide-11.0.1_2563/ide/plugins/com.nxp.mcuxpresso.tools.linux_11.0.1.201907311258/tools/bin/../lib/gcc/arm-none-eabi/8.2.1/../../../../arm-none-eabi/lib/thumb/v7-m/nofp/libcr_c.a(alloc.o)
                0x000000000000453c                free
 .text._Csys_alloc
                0x000000000000456c       0x20 /usr/local/mcuxpressoide-11.0.1_2563/ide/plugins/com.nxp.mcuxpresso.tools.linux_11.0.1.201907311258/tools/bin/../lib/gcc/arm-none-eabi/8.2.1/../../../../arm-none-eabi/lib/thumb/v7-m/nofp/libcr_c.a(alloc.o)
                0x000000000000456c                _Csys_alloc
 .text.fp_round
                0x000000000000458c       0x4c /usr/local/mcuxpressoide-11.0.1_2563/ide/plugins/com.nxp.mcuxpresso.tools.linux_11.0.1.201907311258/tools/bin/../lib/gcc/arm-none-eabi/8.2.1/../../../../arm-none-eabi/lib/thumb/v7-m/nofp/libcr_c.a(fpprintf.o)
 .text.pr_dec.constprop.1
                0x00000000000045d8       0x26 /usr/local/mcuxpressoide-11.0.1_2563/ide/plugins/com.nxp.mcuxpresso.tools.linux_11.0.1.201907311258/tools/bin/../lib/gcc/arm-none-eabi/8.2.1/../../../../arm-none-eabi/lib/thumb/v7-m/nofp/libcr_c.a(fpprintf.o)
 *fill*         0x00000000000045fe        0x2 ff
 .text.sprintf  0x0000000000004600       0x6c /usr/local/mcuxpressoide-11.0.1_2563/ide/plugins/com.nxp.mcuxpresso.tools.linux_11.0.1.201907311258/tools/bin/../lib/gcc/arm-none-eabi/8.2.1/../../../../arm-none-eabi/lib/thumb/v7-m/nofp/libcr_c.a(fpprintf.o)
                0x0000000000004600                sprintf
 *fill*         0x000000000000466c        0x4 ff
 .text.fp_display
                0x0000000000004670      0x948 /usr/local/mcuxpressoide-11.0.1_2563/ide/plugins/com.nxp.mcuxpresso.tools.linux_11.0.1.201907311258/tools/bin/../lib/gcc/arm-none-eabi/8.2.1/../../../../arm-none-eabi/lib/thumb/v7-m/nofp/libcr_c.a(fpprintf.o)
 .text.vsnprintf
                0x0000000000004fb8       0x68 /usr/local/mcuxpressoide-11.0.1_2563/ide/plugins/com.nxp.mcuxpresso.tools.linux_11.0.1.201907311258/tools/bin/../lib/gcc/arm-none-eabi/8.2.1/../../../../arm-none-eabi/lib/thumb/v7-m/nofp/libcr_c.a(fpprintf.o)
                0x0000000000004fb8                vsnprintf
 .text.printf   0x0000000000005020       0x54 /usr/local/mcuxpressoide-11.0.1_2563/ide/plugins/com.nxp.mcuxpresso.tools.linux_11.0.1.201907311258/tools/bin/../lib/gcc/arm-none-eabi/8.2.1/../../../../arm-none-eabi/lib/thumb/v7-m/nofp/libcr_c.a(fpprintf.o)
                0x0000000000005020                printf
 .text.fseek    0x0000000000005074      0x100 /usr/local/mcuxpressoide-11.0.1_2563/ide/plugins/com.nxp.mcuxpresso.tools.linux_11.0.1.201907311258/tools/bin/../lib/gcc/arm-none-eabi/8.2.1/../../../../arm-none-eabi/lib/thumb/v7-m/nofp/libcr_c.a(fseek.o)
                0x0000000000005074                fseek
 .text.ftell    0x0000000000005174       0x48 /usr/local/mcuxpressoide-11.0.1_2563/ide/plugins/com.nxp.mcuxpresso.tools.linux_11.0.1.201907311258/tools/bin/../lib/gcc/arm-none-eabi/8.2.1/../../../../arm-none-eabi/lib/thumb/v7-m/nofp/libcr_c.a(ftell.o)
                0x0000000000005174                ftell
 .text._initio  0x00000000000051bc       0x78 /usr/local/mcuxpressoide-11.0.1_2563/ide/plugins/com.nxp.mcuxpresso.tools.linux_11.0.1.201907311258/tools/bin/../lib/gcc/arm-none-eabi/8.2.1/../../../../arm-none-eabi/lib/thumb/v7-m/nofp/libcr_c.a(initio.o)
                0x00000000000051bc                _initio
 .text.__vfprintf
                0x0000000000005234      0xbd4 /usr/local/mcuxpressoide-11.0.1_2563/ide/plugins/com.nxp.mcuxpresso.tools.linux_11.0.1.201907311258/tools/bin/../lib/gcc/arm-none-eabi/8.2.1/../../../../arm-none-eabi/lib/thumb/v7-m/nofp/libcr_c.a(printf.o)
                0x0000000000005234                __vfprintf
 .text.setvbuf  0x0000000000005e08       0x40 /usr/local/mcuxpressoide-11.0.1_2563/ide/plugins/com.nxp.mcuxpresso.tools.linux_11.0.1.201907311258/tools/bin/../lib/gcc/arm-none-eabi/8.2.1/../../../../arm-none-eabi/lib/thumb/v7-m/nofp/libcr_c.a(setvbuf.o)
                0x0000000000005e08                setvbuf
 .text.strlen   0x0000000000005e48       0x4c /usr/local/mcuxpressoide-11.0.1_2563/ide/plugins/com.nxp.mcuxpresso.tools.linux_11.0.1.201907311258/tools/bin/../lib/gcc/arm-none-eabi/8.2.1/../../../../arm-none-eabi/lib/thumb/v7-m/nofp/libcr_c.a(strlen.o)
                0x0000000000005e48                strlen
 .text._sbrk    0x0000000000005e94       0x3c /usr/local/mcuxpressoide-11.0.1_2563/ide/plugins/com.nxp.mcuxpresso.tools.linux_11.0.1.201907311258/tools/bin/../lib/gcc/arm-none-eabi/8.2.1/../../../../arm-none-eabi/lib/thumb/v7-m/nofp/libcr_c.a(_cr_sbrk.o)
                0x0000000000005e94                _sbrk
 .text._fdopen  0x0000000000005ed0       0x68 /usr/local/mcuxpressoide-11.0.1_2563/ide/plugins/com.nxp.mcuxpresso.tools.linux_11.0.1.201907311258/tools/bin/../lib/gcc/arm-none-eabi/8.2.1/../../../../arm-none-eabi/lib/thumb/v7-m/nofp/libcr_c.a(_fdopen.o)
                0x0000000000005ed0                _fdopen
 .text._frexpl  0x0000000000005f38       0x56 /usr/local/mcuxpressoide-11.0.1_2563/ide/plugins/com.nxp.mcuxpresso.tools.linux_11.0.1.201907311258/tools/bin/../lib/gcc/arm-none-eabi/8.2.1/../../../../arm-none-eabi/lib/thumb/v7-m/nofp/libcr_c.a(_frexpl.o)
                0x0000000000005f38                _frexpl
 *fill*         0x0000000000005f8e        0x2 ff
 .text._ldexpl  0x0000000000005f90       0x48 /usr/local/mcuxpressoide-11.0.1_2563/ide/plugins/com.nxp.mcuxpresso.tools.linux_11.0.1.201907311258/tools/bin/../lib/gcc/arm-none-eabi/8.2.1/../../../../arm-none-eabi/lib/thumb/v7-m/nofp/libcr_c.a(_ldexpl.o)
                0x0000000000005f90                _ldexpl
 .text.fclose   0x0000000000005fd8       0x58 /usr/local/mcuxpressoide-11.0.1_2563/ide/plugins/com.nxp.mcuxpresso.tools.linux_11.0.1.201907311258/tools/bin/../lib/gcc/arm-none-eabi/8.2.1/../../../../arm-none-eabi/lib/thumb/v7-m/nofp/libcr_c.a(fclose.o)
                0x0000000000005fd8                fclose
 .text.fflush   0x0000000000006030       0x44 /usr/local/mcuxpressoide-11.0.1_2563/ide/plugins/com.nxp.mcuxpresso.tools.linux_11.0.1.201907311258/tools/bin/../lib/gcc/arm-none-eabi/8.2.1/../../../../arm-none-eabi/lib/thumb/v7-m/nofp/libcr_c.a(fflush.o)
                0x0000000000006030                fflush
 .text.remove   0x0000000000006074       0x14 /usr/local/mcuxpressoide-11.0.1_2563/ide/plugins/com.nxp.mcuxpresso.tools.linux_11.0.1.201907311258/tools/bin/../lib/gcc/arm-none-eabi/8.2.1/../../../../arm-none-eabi/lib/thumb/v7-m/nofp/libcr_c.a(remove.o)
                0x0000000000006074                remove
 .text.__check_heap_overflow
                0x0000000000006088       0x18 /usr/local/mcuxpressoide-11.0.1_2563/ide/plugins/com.nxp.mcuxpresso.tools.linux_11.0.1.201907311258/tools/bin/../lib/gcc/arm-none-eabi/8.2.1/../../../../arm-none-eabi/lib/thumb/v7-m/nofp/libcr_c.a(_cr_check_heap.o)
                0x0000000000006088                __check_heap_overflow
 .text._do_fflush
                0x00000000000060a0       0x40 /usr/local/mcuxpressoide-11.0.1_2563/ide/plugins/com.nxp.mcuxpresso.tools.linux_11.0.1.201907311258/tools/bin/../lib/gcc/arm-none-eabi/8.2.1/../../../../arm-none-eabi/lib/thumb/v7-m/nofp/libcr_c.a(_do_fflush.o)
                0x00000000000060a0                _do_fflush
 .text.__aeabi_dmul
                0x00000000000060e0      0x10c /usr/local/mcuxpressoide-11.0.1_2563/ide/plugins/com.nxp.mcuxpresso.tools.linux_11.0.1.201907311258/tools/bin/../lib/gcc/arm-none-eabi/8.2.1/thumb/v7-m/nofp/libcr_eabihelpers.a(double.o)
                0x00000000000060e0                __aeabi_dmul
 .text.__aeabi_ddiv
                0x00000000000061ec      0x140 /usr/local/mcuxpressoide-11.0.1_2563/ide/plugins/com.nxp.mcuxpresso.tools.linux_11.0.1.201907311258/tools/bin/../lib/gcc/arm-none-eabi/8.2.1/thumb/v7-m/nofp/libcr_eabihelpers.a(double.o)
                0x00000000000061ec                __aeabi_ddiv
 .text.__aeabi_dsub
                0x000000000000632c      0x1a8 /usr/local/mcuxpressoide-11.0.1_2563/ide/plugins/com.nxp.mcuxpresso.tools.linux_11.0.1.201907311258/tools/bin/../lib/gcc/arm-none-eabi/8.2.1/thumb/v7-m/nofp/libcr_eabihelpers.a(double.o)
                0x000000000000632c                __aeabi_dsub
 .text.__aeabi_dadd
                0x00000000000064d4      0x108 /usr/local/mcuxpressoide-11.0.1_2563/ide/plugins/com.nxp.mcuxpresso.tools.linux_11.0.1.201907311258/tools/bin/../lib/gcc/arm-none-eabi/8.2.1/thumb/v7-m/nofp/libcr_eabihelpers.a(double.o)
                0x00000000000064d4                __aeabi_dadd
 .text.__aeabi_d2iz
                0x00000000000065dc       0x40 /usr/local/mcuxpressoide-11.0.1_2563/ide/plugins/com.nxp.mcuxpresso.tools.linux_11.0.1.201907311258/tools/bin/../lib/gcc/arm-none-eabi/8.2.1/thumb/v7-m/nofp/libcr_eabihelpers.a(double.o)
                0x00000000000065dc                __aeabi_d2iz
 .text.__bhs_ui2d
                0x000000000000661c       0x46 /usr/local/mcuxpressoide-11.0.1_2563/ide/plugins/com.nxp.mcuxpresso.tools.linux_11.0.1.201907311258/tools/bin/../lib/gcc/arm-none-eabi/8.2.1/thumb/v7-m/nofp/libcr_eabihelpers.a(double.o)
                0x000000000000661c                __bhs_ui2d
 .text.__aeabi_i2d
                0x0000000000006662       0x12 /usr/local/mcuxpressoide-11.0.1_2563/ide/plugins/com.nxp.mcuxpresso.tools.linux_11.0.1.201907311258/tools/bin/../lib/gcc/arm-none-eabi/8.2.1/thumb/v7-m/nofp/libcr_eabihelpers.a(double.o)
                0x0000000000006662                __aeabi_i2d
 .text.__aeabi_dcmpeq
                0x0000000000006674       0x2a /usr/local/mcuxpressoide-11.0.1_2563/ide/plugins/com.nxp.mcuxpresso.tools.linux_11.0.1.201907311258/tools/bin/../lib/gcc/arm-none-eabi/8.2.1/thumb/v7-m/nofp/libcr_eabihelpers.a(double.o)
                0x0000000000006674                __aeabi_dcmpeq
 .text.__aeabi_dcmplt
                0x000000000000669e       0x52 /usr/local/mcuxpressoide-11.0.1_2563/ide/plugins/com.nxp.mcuxpresso.tools.linux_11.0.1.201907311258/tools/bin/../lib/gcc/arm-none-eabi/8.2.1/thumb/v7-m/nofp/libcr_eabihelpers.a(double.o)
                0x000000000000669e                __aeabi_dcmplt
 .text.__aeabi_dcmple
                0x00000000000066f0       0x52 /usr/local/mcuxpressoide-11.0.1_2563/ide/plugins/com.nxp.mcuxpresso.tools.linux_11.0.1.201907311258/tools/bin/../lib/gcc/arm-none-eabi/8.2.1/thumb/v7-m/nofp/libcr_eabihelpers.a(double.o)
                0x00000000000066f0                __aeabi_dcmple
 .text.__aeabi_dcmpge
                0x0000000000006742       0x58 /usr/local/mcuxpressoide-11.0.1_2563/ide/plugins/com.nxp.mcuxpresso.tools.linux_11.0.1.201907311258/tools/bin/../lib/gcc/arm-none-eabi/8.2.1/thumb/v7-m/nofp/libcr_eabihelpers.a(double.o)
                0x0000000000006742                __aeabi_dcmpge
 .text.__aeabi_memset_lowlevel
                0x000000000000679a       0x32 /usr/local/mcuxpressoide-11.0.1_2563/ide/plugins/com.nxp.mcuxpresso.tools.linux_11.0.1.201907311258/tools/bin/../lib/gcc/arm-none-eabi/8.2.1/thumb/v7-m/nofp/libcr_eabihelpers.a(memcpy.o)
                0x000000000000679a                __aeabi_lowlevel_memset
 .text.__sys_appexit
                0x00000000000067cc        0x2 /usr/local/mcuxpressoide-11.0.1_2563/ide/plugins/com.nxp.mcuxpresso.tools.linux_11.0.1.201907311258/tools/bin/../lib/gcc/arm-none-eabi/8.2.1/../../../../arm-none-eabi/lib/thumb/v7-m/nofp/libcr_nohost.a(__sys_appexit.o)
                0x00000000000067cc                __exit
                0x00000000000067cc                __sys_appexit
 .text.__sys_close
                0x00000000000067ce        0x6 /usr/local/mcuxpressoide-11.0.1_2563/ide/plugins/com.nxp.mcuxpresso.tools.linux_11.0.1.201907311258/tools/bin/../lib/gcc/arm-none-eabi/8.2.1/../../../../arm-none-eabi/lib/thumb/v7-m/nofp/libcr_nohost.a(__sys_close.o)
                0x00000000000067ce                __sys_close
 .text.__sys_flen
                0x00000000000067d4        0x6 /usr/local/mcuxpressoide-11.0.1_2563/ide/plugins/com.nxp.mcuxpresso.tools.linux_11.0.1.201907311258/tools/bin/../lib/gcc/arm-none-eabi/8.2.1/../../../../arm-none-eabi/lib/thumb/v7-m/nofp/libcr_nohost.a(__sys_flen.o)
                0x00000000000067d4                __sys_flen
 .text.__sys_istty
                0x00000000000067da        0x6 /usr/local/mcuxpressoide-11.0.1_2563/ide/plugins/com.nxp.mcuxpresso.tools.linux_11.0.1.201907311258/tools/bin/../lib/gcc/arm-none-eabi/8.2.1/../../../../arm-none-eabi/lib/thumb/v7-m/nofp/libcr_nohost.a(__sys_istty.o)
                0x00000000000067da                __sys_istty
 .text.__sys_remove
                0x00000000000067e0        0x6 /usr/local/mcuxpressoide-11.0.1_2563/ide/plugins/com.nxp.mcuxpresso.tools.linux_11.0.1.201907311258/tools/bin/../lib/gcc/arm-none-eabi/8.2.1/../../../../arm-none-eabi/lib/thumb/v7-m/nofp/libcr_nohost.a(__sys_remove.o)
                0x00000000000067e0                __sys_remove
 .text.__sys_seek
                0x00000000000067e6        0x6 /usr/local/mcuxpressoide-11.0.1_2563/ide/plugins/com.nxp.mcuxpresso.tools.linux_11.0.1.201907311258/tools/bin/../lib/gcc/arm-none-eabi/8.2.1/../../../../arm-none-eabi/lib/thumb/v7-m/nofp/libcr_nohost.a(__sys_seek.o)
                0x00000000000067e6                __sys_seek
 .text.__sys_tmpnam
                0x00000000000067ec        0x6 /usr/local/mcuxpressoide-11.0.1_2563/ide/plugins/com.nxp.mcuxpresso.tools.linux_11.0.1.201907311258/tools/bin/../lib/gcc/arm-none-eabi/8.2.1/../../../../arm-none-eabi/lib/thumb/v7-m/nofp/libcr_nohost.a(__sys_tmpnam.o)
                0x00000000000067ec                __sys_tmpnam
 *(.rodata .rodata.* .constdata .constdata.*)
 *fill*         0x00000000000067f2        0x2 ff
 .rodata        0x00000000000067f4       0x10 ./lpcusblib/Drivers/USB/Core/Host.o
 .rodata        0x0000000000006804      0x1b7 ./example/src/KeyboardHost.o
 *fill*         0x00000000000069bb        0x1 ff
 .rodata.OscRateIn
                0x00000000000069bc        0x4 /home/devil/study_work/RTOS/lambton/2019/fall/ese3025/Real_Time_OS/lpc_board_nxp_lpcxpresso_1769/Debug/liblpc_board_nxp_lpcxpresso_1769.a(board.o)
                0x00000000000069bc                OscRateIn
 .rodata.RTCOscRateIn
                0x00000000000069c0        0x4 /home/devil/study_work/RTOS/lambton/2019/fall/ese3025/Real_Time_OS/lpc_board_nxp_lpcxpresso_1769/Debug/liblpc_board_nxp_lpcxpresso_1769.a(board.o)
                0x00000000000069c0                RTCOscRateIn
 .rodata.pinmuxing
                0x00000000000069c4       0x5c /home/devil/study_work/RTOS/lambton/2019/fall/ese3025/Real_Time_OS/lpc_board_nxp_lpcxpresso_1769/Debug/liblpc_board_nxp_lpcxpresso_1769.a(board_sysinit.o)
 .rodata.__num_Ciob_streams
                0x0000000000006a20        0x4 /usr/local/mcuxpressoide-11.0.1_2563/ide/plugins/com.nxp.mcuxpresso.tools.linux_11.0.1.201907311258/tools/bin/../lib/gcc/arm-none-eabi/8.2.1/../../../../arm-none-eabi/lib/thumb/v7-m/nofp/libcr_nohost.a(__ciob.o)
                0x0000000000006a20                __num_Ciob_streams
 .rodata._Csys_alloc.str1.1
                0x0000000000006a24       0x18 /usr/local/mcuxpressoide-11.0.1_2563/ide/plugins/com.nxp.mcuxpresso.tools.linux_11.0.1.201907311258/tools/bin/../lib/gcc/arm-none-eabi/8.2.1/../../../../arm-none-eabi/lib/thumb/v7-m/nofp/libcr_c.a(alloc.o)
 .rodata.fp_display.str1.1
                0x0000000000006a3c       0x34 /usr/local/mcuxpressoide-11.0.1_2563/ide/plugins/com.nxp.mcuxpresso.tools.linux_11.0.1.201907311258/tools/bin/../lib/gcc/arm-none-eabi/8.2.1/../../../../arm-none-eabi/lib/thumb/v7-m/nofp/libcr_c.a(fpprintf.o)
                                         0x35 (size before relaxing)
 .rodata._initio.str1.1
                0x0000000000006a70        0x4 /usr/local/mcuxpressoide-11.0.1_2563/ide/plugins/com.nxp.mcuxpresso.tools.linux_11.0.1.201907311258/tools/bin/../lib/gcc/arm-none-eabi/8.2.1/../../../../arm-none-eabi/lib/thumb/v7-m/nofp/libcr_c.a(initio.o)
 .rodata.__vfprintf.str1.1
                0x0000000000006a74       0x31 /usr/local/mcuxpressoide-11.0.1_2563/ide/plugins/com.nxp.mcuxpresso.tools.linux_11.0.1.201907311258/tools/bin/../lib/gcc/arm-none-eabi/8.2.1/../../../../arm-none-eabi/lib/thumb/v7-m/nofp/libcr_c.a(printf.o)
                                         0x38 (size before relaxing)
                0x0000000000006aa8                . = ALIGN (0x4)
 *fill*         0x0000000000006aa5        0x3 ff

.glue_7         0x0000000000006aa8        0x0
 .glue_7        0x0000000000006aa8        0x0 linker stubs

.glue_7t        0x0000000000006aa8        0x0
 .glue_7t       0x0000000000006aa8        0x0 linker stubs

.vfp11_veneer   0x0000000000006aa8        0x0
 .vfp11_veneer  0x0000000000006aa8        0x0 linker stubs

.v4_bx          0x0000000000006aa8        0x0
 .v4_bx         0x0000000000006aa8        0x0 linker stubs

.iplt           0x0000000000006aa8        0x0
 .iplt          0x0000000000006aa8        0x0 ./lpcusblib/Drivers/USB/Core/HCD/OHCI/OHCI.o

.rel.dyn        0x0000000000006aa8        0x0
 .rel.iplt      0x0000000000006aa8        0x0 ./lpcusblib/Drivers/USB/Core/HCD/OHCI/OHCI.o

.ARM.extab
 *(.ARM.extab* .gnu.linkonce.armextab.*)
                0x0000000000006aa8                __exidx_start = .

.ARM.exidx
 *(.ARM.exidx* .gnu.linkonce.armexidx.*)
                0x0000000000006aa8                __exidx_end = .
                0x0000000000006aa8                _etext = .

.data_RAM2      0x0000000010000000        0x0 load address 0x0000000000006aa8
 FILL mask 0xff
                [!provide]                        PROVIDE (__start_data_RAM2 = .)
 *(.ramfunc.$RAM2)
 *(.ramfunc.$RamLoc32)
 *(.data.$RAM2)
 *(.data.$RamLoc32)
 *(.data.$RAM2.*)
 *(.data.$RamLoc32.*)
                0x0000000010000000                . = ALIGN (0x4)
                [!provide]                        PROVIDE (__end_data_RAM2 = .)

.uninit_RESERVED
                0x000000002007c000        0x0
                0x000000002007c000                . = ALIGN (0x4)
 *(.bss.$RESERVED*)
                0x000000002007c000                . = ALIGN (0x4)
                0x000000002007c000                _end_uninit_RESERVED = .

.data           0x000000002007c000       0x20 load address 0x0000000000006aa8
 FILL mask 0xff
                0x000000002007c000                _data = .
 *(vtable)
 *(.ramfunc*)
 *(CodeQuickAccess)
 *(DataQuickAccess)
 *(RamFunction)
 *(.data*)
 .data.Keyboard_HID_Interface
                0x000000002007c000       0x20 ./example/src/KeyboardHost.o
                0x000000002007c020                . = ALIGN (0x4)
                0x000000002007c020                _edata = .

.igot.plt       0x000000002007c020        0x0 load address 0x0000000000006ac8
 .igot.plt      0x000000002007c020        0x0 ./lpcusblib/Drivers/USB/Core/HCD/OHCI/OHCI.o

.bss_RAM2       0x0000000010000000     0x1508
                0x0000000010000000                . = ALIGN (0x4)
                [!provide]                        PROVIDE (__start_bss_RAM2 = .)
 *(.bss.$RAM2)
 .bss.$RAM2     0x0000000010000000      0x500 ./lpcusblib/Drivers/USB/Core/HCD/OHCI/OHCI.o
                0x0000000010000000                ohci_data
 .bss.$RAM2     0x0000000010000500     0x1000 ./lpcusblib/Drivers/USB/Core/USBMemory.o
 .bss.$RAM2     0x0000000010001500        0x8 ./lpcusblib/Drivers/USB/Core/USBTask.o
                0x0000000010001500                USB_ControlRequest
 *(.bss.$RamLoc32)
 *(.bss.$RAM2.*)
 *(.bss.$RamLoc32.*)
                0x0000000010001508                . = ALIGN ((. != 0x0)?0x4:0x1)
                [!provide]                        PROVIDE (__end_bss_RAM2 = .)

.bss            0x000000002007c020      0x290
                0x000000002007c020                . = ALIGN (0x4)
                0x000000002007c020                _bss = .
 *(.bss*)
 .bss.WaitMSRemaining.8456
                0x000000002007c020        0x2 ./lpcusblib/Drivers/USB/Core/Host.o
 .bss.PostWaitState.8457
                0x000000002007c022        0x1 ./lpcusblib/Drivers/USB/Core/Host.o
 .bss.Mem_IsInitialized
                0x000000002007c023        0x1 ./lpcusblib/Drivers/USB/Core/USBController.o
                0x000000002007c023                Mem_IsInitialized
 .bss.__Ciob    0x000000002007c024      0x1e0 /usr/local/mcuxpressoide-11.0.1_2563/ide/plugins/com.nxp.mcuxpresso.tools.linux_11.0.1.201907311258/tools/bin/../lib/gcc/arm-none-eabi/8.2.1/../../../../arm-none-eabi/lib/thumb/v7-m/nofp/libcr_nohost.a(__ciob.o)
                0x000000002007c024                __Ciob
 .bss.__end_of_heap
                0x000000002007c204        0x4 /usr/local/mcuxpressoide-11.0.1_2563/ide/plugins/com.nxp.mcuxpresso.tools.linux_11.0.1.201907311258/tools/bin/../lib/gcc/arm-none-eabi/8.2.1/../../../../arm-none-eabi/lib/thumb/v7-m/nofp/libcr_c.a(__init_alloc.o)
                0x000000002007c204                __end_of_heap
 .bss.__heaps   0x000000002007c208        0x4 /usr/local/mcuxpressoide-11.0.1_2563/ide/plugins/com.nxp.mcuxpresso.tools.linux_11.0.1.201907311258/tools/bin/../lib/gcc/arm-none-eabi/8.2.1/../../../../arm-none-eabi/lib/thumb/v7-m/nofp/libcr_c.a(__init_alloc.o)
                0x000000002007c208                __heaps
 .bss.errno     0x000000002007c20c        0x4 /usr/local/mcuxpressoide-11.0.1_2563/ide/plugins/com.nxp.mcuxpresso.tools.linux_11.0.1.201907311258/tools/bin/../lib/gcc/arm-none-eabi/8.2.1/../../../../arm-none-eabi/lib/thumb/v7-m/nofp/libcr_c.a(errno.o)
                0x000000002007c20c                errno
 *(COMMON)
 COMMON         0x000000002007c210        0x1 ./lpcusblib/Drivers/USB/Core/Host.o
                0x000000002007c210                USB_Host_ControlPipeSize
 COMMON         0x000000002007c211        0x1 ./lpcusblib/Drivers/USB/Core/HostStandardReq.o
                0x000000002007c211                USB_Host_ConfigurationNumber
 *fill*         0x000000002007c212        0x2 
 COMMON         0x000000002007c214       0x89 ./lpcusblib/Drivers/USB/Core/Pipe.o
                0x000000002007c214                hostportspeed
                0x000000002007c218                PipeInfo
                0x000000002007c298                hostselected
                0x000000002007c29c                pipeselected
 *fill*         0x000000002007c29d        0x3 
 COMMON         0x000000002007c2a0        0x1 ./lpcusblib/Drivers/USB/Core/USBController.o
                0x000000002007c2a0                USB_CurrentMode
 *fill*         0x000000002007c2a1        0x3 
 COMMON         0x000000002007c2a4        0x5 ./lpcusblib/Drivers/USB/Core/USBTask.o
                0x000000002007c2a4                USB_IsInitialized
                0x000000002007c2a8                USB_HostState
 *fill*         0x000000002007c2a9        0x3 
 COMMON         0x000000002007c2ac        0x4 /home/devil/study_work/RTOS/lambton/2019/fall/ese3025/Real_Time_OS/lpc_chip_175x_6x/Debug/liblpc_chip_175x_6x.a(chip_17xx_40xx.o)
                0x000000002007c2ac                SystemCoreClock
                0x000000002007c2b0                . = ALIGN (0x4)
                0x000000002007c2b0                _ebss = .
                [!provide]                        PROVIDE (end = .)

.noinit_RAM2    0x0000000010001508        0x0
                0x0000000010001508                . = ALIGN (0x4)
 *(.noinit.$RAM2)
 *(.noinit.$RamLoc32)
 *(.noinit.$RAM2.*)
 *(.noinit.$RamLoc32.*)
                0x0000000010001508                . = ALIGN (0x4)

.noinit         0x000000002007c2b0        0x0
                0x000000002007c2b0                . = ALIGN (0x4)
                0x000000002007c2b0                _noinit = .
 *(.noinit*)
                0x000000002007c2b0                . = ALIGN (0x4)
                0x000000002007c2b0                _end_noinit = .
                0x000000002007c2b0                PROVIDE (_pvHeapStart = DEFINED (__user_heap_base)?__user_heap_base:.)
                0x0000000020084000                PROVIDE (_vStackTop = DEFINED (__user_stack_top)?__user_stack_top:(__top_RamAHB32 - 0x0))
                [!provide]                        PROVIDE (__valid_user_code_checksum = (0x0 - ((((((_vStackTop + (ResetISR + 0x1)) + (NMI_Handler + 0x1)) + (HardFault_Handler + 0x1)) + (DEFINED (MemManage_Handler)?MemManage_Handler:0x0 + 0x1)) + (DEFINED (BusFault_Handler)?BusFault_Handler:0x0 + 0x1)) + (DEFINED (UsageFault_Handler)?UsageFault_Handler:0x0 + 0x1))))
                0x0000000000000000                _image_start = LOADADDR (.text)
                0x0000000000006ac8                _image_end = (LOADADDR (.data) + SIZEOF (.data))
                0x0000000000006ac8                _image_size = (_image_end - _image_start)
OUTPUT(lpcusblib_KeyboardHost.axf elf32-littlearm)

.debug_info     0x0000000000000000     0xeb7c
 .debug_info    0x0000000000000000     0x20b6 ./lpcusblib/Drivers/USB/Core/HCD/OHCI/OHCI.o
 .debug_info    0x00000000000020b6      0x705 ./lpcusblib/Drivers/USB/Core/HCD/HCD.o
 .debug_info    0x00000000000027bb      0xb72 ./lpcusblib/Drivers/USB/Core/HAL/LPC17XX/HAL_LPC17xx.o
 .debug_info    0x000000000000332d      0x913 ./lpcusblib/Drivers/USB/Core/ConfigDescriptor.o
 .debug_info    0x0000000000003c40      0xa0e ./lpcusblib/Drivers/USB/Core/Host.o
 .debug_info    0x000000000000464e      0x982 ./lpcusblib/Drivers/USB/Core/HostStandardReq.o
 .debug_info    0x0000000000004fd0      0x94a ./lpcusblib/Drivers/USB/Core/Pipe.o
 .debug_info    0x000000000000591a      0xbf5 ./lpcusblib/Drivers/USB/Core/PipeStream.o
 .debug_info    0x000000000000650f      0x702 ./lpcusblib/Drivers/USB/Core/USBController.o
 .debug_info    0x0000000000006c11      0x632 ./lpcusblib/Drivers/USB/Core/USBMemory.o
 .debug_info    0x0000000000007243      0x603 ./lpcusblib/Drivers/USB/Core/USBTask.o
 .debug_info    0x0000000000007846     0x13d8 ./lpcusblib/Drivers/USB/Class/Host/HIDClassHost.o
 .debug_info    0x0000000000008c1e      0x74e ./lpcusblib/Drivers/USB/Class/Common/HIDParser.o
 .debug_info    0x000000000000936c      0xc42 ./example/src/KeyboardHost.o
 .debug_info    0x0000000000009fae      0x272 ./example/src/cr_startup_lpc175x_6x.o
 .debug_info    0x000000000000a220      0x250 ./example/src/sysinit.o
 .debug_info    0x000000000000a470     0x1663 /home/devil/study_work/RTOS/lambton/2019/fall/ese3025/Real_Time_OS/lpc_board_nxp_lpcxpresso_1769/Debug/liblpc_board_nxp_lpcxpresso_1769.a(board.o)
 .debug_info    0x000000000000bad3      0x71d /home/devil/study_work/RTOS/lambton/2019/fall/ese3025/Real_Time_OS/lpc_board_nxp_lpcxpresso_1769/Debug/liblpc_board_nxp_lpcxpresso_1769.a(board_sysinit.o)
 .debug_info    0x000000000000c1f0      0x591 /home/devil/study_work/RTOS/lambton/2019/fall/ese3025/Real_Time_OS/lpc_chip_175x_6x/Debug/liblpc_chip_175x_6x.a(chip_17xx_40xx.o)
 .debug_info    0x000000000000c781      0xc2a /home/devil/study_work/RTOS/lambton/2019/fall/ese3025/Real_Time_OS/lpc_chip_175x_6x/Debug/liblpc_chip_175x_6x.a(clock_17xx_40xx.o)
 .debug_info    0x000000000000d3ab      0x347 /home/devil/study_work/RTOS/lambton/2019/fall/ese3025/Real_Time_OS/lpc_chip_175x_6x/Debug/liblpc_chip_175x_6x.a(iocon_17xx_40xx.o)
 .debug_info    0x000000000000d6f2      0x4b0 /home/devil/study_work/RTOS/lambton/2019/fall/ese3025/Real_Time_OS/lpc_chip_175x_6x/Debug/liblpc_chip_175x_6x.a(sysinit_17xx_40xx.o)
 .debug_info    0x000000000000dba2      0xfda /home/devil/study_work/RTOS/lambton/2019/fall/ese3025/Real_Time_OS/lpc_chip_175x_6x/Debug/liblpc_chip_175x_6x.a(uart_17xx_40xx.o)

.debug_abbrev   0x0000000000000000     0x332e
 .debug_abbrev  0x0000000000000000      0x44c ./lpcusblib/Drivers/USB/Core/HCD/OHCI/OHCI.o
 .debug_abbrev  0x000000000000044c      0x17f ./lpcusblib/Drivers/USB/Core/HCD/HCD.o
 .debug_abbrev  0x00000000000005cb      0x271 ./lpcusblib/Drivers/USB/Core/HAL/LPC17XX/HAL_LPC17xx.o
 .debug_abbrev  0x000000000000083c      0x223 ./lpcusblib/Drivers/USB/Core/ConfigDescriptor.o
 .debug_abbrev  0x0000000000000a5f      0x2be ./lpcusblib/Drivers/USB/Core/Host.o
 .debug_abbrev  0x0000000000000d1d      0x21e ./lpcusblib/Drivers/USB/Core/HostStandardReq.o
 .debug_abbrev  0x0000000000000f3b      0x222 ./lpcusblib/Drivers/USB/Core/Pipe.o
 .debug_abbrev  0x000000000000115d      0x24d ./lpcusblib/Drivers/USB/Core/PipeStream.o
 .debug_abbrev  0x00000000000013aa      0x191 ./lpcusblib/Drivers/USB/Core/USBController.o
 .debug_abbrev  0x000000000000153b      0x19f ./lpcusblib/Drivers/USB/Core/USBMemory.o
 .debug_abbrev  0x00000000000016da      0x1b4 ./lpcusblib/Drivers/USB/Core/USBTask.o
 .debug_abbrev  0x000000000000188e      0x345 ./lpcusblib/Drivers/USB/Class/Host/HIDClassHost.o
 .debug_abbrev  0x0000000000001bd3      0x22d ./lpcusblib/Drivers/USB/Class/Common/HIDParser.o
 .debug_abbrev  0x0000000000001e00      0x255 ./example/src/KeyboardHost.o
 .debug_abbrev  0x0000000000002055      0x117 ./example/src/cr_startup_lpc175x_6x.o
 .debug_abbrev  0x000000000000216c       0xeb ./example/src/sysinit.o
 .debug_abbrev  0x0000000000002257      0x413 /home/devil/study_work/RTOS/lambton/2019/fall/ese3025/Real_Time_OS/lpc_board_nxp_lpcxpresso_1769/Debug/liblpc_board_nxp_lpcxpresso_1769.a(board.o)
 .debug_abbrev  0x000000000000266a      0x1a2 /home/devil/study_work/RTOS/lambton/2019/fall/ese3025/Real_Time_OS/lpc_board_nxp_lpcxpresso_1769/Debug/liblpc_board_nxp_lpcxpresso_1769.a(board_sysinit.o)
 .debug_abbrev  0x000000000000280c      0x16d /home/devil/study_work/RTOS/lambton/2019/fall/ese3025/Real_Time_OS/lpc_chip_175x_6x/Debug/liblpc_chip_175x_6x.a(chip_17xx_40xx.o)
 .debug_abbrev  0x0000000000002979      0x34d /home/devil/study_work/RTOS/lambton/2019/fall/ese3025/Real_Time_OS/lpc_chip_175x_6x/Debug/liblpc_chip_175x_6x.a(clock_17xx_40xx.o)
 .debug_abbrev  0x0000000000002cc6      0x164 /home/devil/study_work/RTOS/lambton/2019/fall/ese3025/Real_Time_OS/lpc_chip_175x_6x/Debug/liblpc_chip_175x_6x.a(iocon_17xx_40xx.o)
 .debug_abbrev  0x0000000000002e2a      0x1b0 /home/devil/study_work/RTOS/lambton/2019/fall/ese3025/Real_Time_OS/lpc_chip_175x_6x/Debug/liblpc_chip_175x_6x.a(sysinit_17xx_40xx.o)
 .debug_abbrev  0x0000000000002fda      0x354 /home/devil/study_work/RTOS/lambton/2019/fall/ese3025/Real_Time_OS/lpc_chip_175x_6x/Debug/liblpc_chip_175x_6x.a(uart_17xx_40xx.o)

.debug_aranges  0x0000000000000000      0xab0
 .debug_aranges
                0x0000000000000000      0x178 ./lpcusblib/Drivers/USB/Core/HCD/OHCI/OHCI.o
 .debug_aranges
                0x0000000000000178       0x30 ./lpcusblib/Drivers/USB/Core/HCD/HCD.o
 .debug_aranges
                0x00000000000001a8       0x60 ./lpcusblib/Drivers/USB/Core/HAL/LPC17XX/HAL_LPC17xx.o
 .debug_aranges
                0x0000000000000208       0x48 ./lpcusblib/Drivers/USB/Core/ConfigDescriptor.o
 .debug_aranges
                0x0000000000000250       0x60 ./lpcusblib/Drivers/USB/Core/Host.o
 .debug_aranges
                0x00000000000002b0       0x50 ./lpcusblib/Drivers/USB/Core/HostStandardReq.o
 .debug_aranges
                0x0000000000000300       0x48 ./lpcusblib/Drivers/USB/Core/Pipe.o
 .debug_aranges
                0x0000000000000348       0x80 ./lpcusblib/Drivers/USB/Core/PipeStream.o
 .debug_aranges
                0x00000000000003c8       0x38 ./lpcusblib/Drivers/USB/Core/USBController.o
 .debug_aranges
                0x0000000000000400       0x30 ./lpcusblib/Drivers/USB/Core/USBMemory.o
 .debug_aranges
                0x0000000000000430       0x28 ./lpcusblib/Drivers/USB/Core/USBTask.o
 .debug_aranges
                0x0000000000000458       0x70 ./lpcusblib/Drivers/USB/Class/Host/HIDClassHost.o
 .debug_aranges
                0x00000000000004c8       0x38 ./lpcusblib/Drivers/USB/Class/Common/HIDParser.o
 .debug_aranges
                0x0000000000000500       0x68 ./example/src/KeyboardHost.o
 .debug_aranges
                0x0000000000000568       0x80 ./example/src/cr_startup_lpc175x_6x.o
 .debug_aranges
                0x00000000000005e8       0x20 ./example/src/sysinit.o
 .debug_aranges
                0x0000000000000608      0x160 /home/devil/study_work/RTOS/lambton/2019/fall/ese3025/Real_Time_OS/lpc_board_nxp_lpcxpresso_1769/Debug/liblpc_board_nxp_lpcxpresso_1769.a(board.o)
 .debug_aranges
                0x0000000000000768       0x38 /home/devil/study_work/RTOS/lambton/2019/fall/ese3025/Real_Time_OS/lpc_board_nxp_lpcxpresso_1769/Debug/liblpc_board_nxp_lpcxpresso_1769.a(board_sysinit.o)
 .debug_aranges
                0x00000000000007a0       0x38 /home/devil/study_work/RTOS/lambton/2019/fall/ese3025/Real_Time_OS/lpc_chip_175x_6x/Debug/liblpc_chip_175x_6x.a(chip_17xx_40xx.o)
 .debug_aranges
                0x00000000000007d8      0x120 /home/devil/study_work/RTOS/lambton/2019/fall/ese3025/Real_Time_OS/lpc_chip_175x_6x/Debug/liblpc_chip_175x_6x.a(clock_17xx_40xx.o)
 .debug_aranges
                0x00000000000008f8       0x30 /home/devil/study_work/RTOS/lambton/2019/fall/ese3025/Real_Time_OS/lpc_chip_175x_6x/Debug/liblpc_chip_175x_6x.a(iocon_17xx_40xx.o)
 .debug_aranges
                0x0000000000000928       0x60 /home/devil/study_work/RTOS/lambton/2019/fall/ese3025/Real_Time_OS/lpc_chip_175x_6x/Debug/liblpc_chip_175x_6x.a(sysinit_17xx_40xx.o)
 .debug_aranges
                0x0000000000000988      0x128 /home/devil/study_work/RTOS/lambton/2019/fall/ese3025/Real_Time_OS/lpc_chip_175x_6x/Debug/liblpc_chip_175x_6x.a(uart_17xx_40xx.o)

.debug_ranges   0x0000000000000000      0x940
 .debug_ranges  0x0000000000000000      0x168 ./lpcusblib/Drivers/USB/Core/HCD/OHCI/OHCI.o
 .debug_ranges  0x0000000000000168       0x20 ./lpcusblib/Drivers/USB/Core/HCD/HCD.o
 .debug_ranges  0x0000000000000188       0x50 ./lpcusblib/Drivers/USB/Core/HAL/LPC17XX/HAL_LPC17xx.o
 .debug_ranges  0x00000000000001d8       0x38 ./lpcusblib/Drivers/USB/Core/ConfigDescriptor.o
 .debug_ranges  0x0000000000000210       0x50 ./lpcusblib/Drivers/USB/Core/Host.o
 .debug_ranges  0x0000000000000260       0x40 ./lpcusblib/Drivers/USB/Core/HostStandardReq.o
 .debug_ranges  0x00000000000002a0       0x38 ./lpcusblib/Drivers/USB/Core/Pipe.o
 .debug_ranges  0x00000000000002d8       0x70 ./lpcusblib/Drivers/USB/Core/PipeStream.o
 .debug_ranges  0x0000000000000348       0x28 ./lpcusblib/Drivers/USB/Core/USBController.o
 .debug_ranges  0x0000000000000370       0x20 ./lpcusblib/Drivers/USB/Core/USBMemory.o
 .debug_ranges  0x0000000000000390       0x18 ./lpcusblib/Drivers/USB/Core/USBTask.o
 .debug_ranges  0x00000000000003a8       0x60 ./lpcusblib/Drivers/USB/Class/Host/HIDClassHost.o
 .debug_ranges  0x0000000000000408       0x28 ./lpcusblib/Drivers/USB/Class/Common/HIDParser.o
 .debug_ranges  0x0000000000000430       0x58 ./example/src/KeyboardHost.o
 .debug_ranges  0x0000000000000488       0x70 ./example/src/cr_startup_lpc175x_6x.o
 .debug_ranges  0x00000000000004f8       0x10 ./example/src/sysinit.o
 .debug_ranges  0x0000000000000508      0x150 /home/devil/study_work/RTOS/lambton/2019/fall/ese3025/Real_Time_OS/lpc_board_nxp_lpcxpresso_1769/Debug/liblpc_board_nxp_lpcxpresso_1769.a(board.o)
 .debug_ranges  0x0000000000000658       0x28 /home/devil/study_work/RTOS/lambton/2019/fall/ese3025/Real_Time_OS/lpc_board_nxp_lpcxpresso_1769/Debug/liblpc_board_nxp_lpcxpresso_1769.a(board_sysinit.o)
 .debug_ranges  0x0000000000000680       0x28 /home/devil/study_work/RTOS/lambton/2019/fall/ese3025/Real_Time_OS/lpc_chip_175x_6x/Debug/liblpc_chip_175x_6x.a(chip_17xx_40xx.o)
 .debug_ranges  0x00000000000006a8      0x110 /home/devil/study_work/RTOS/lambton/2019/fall/ese3025/Real_Time_OS/lpc_chip_175x_6x/Debug/liblpc_chip_175x_6x.a(clock_17xx_40xx.o)
 .debug_ranges  0x00000000000007b8       0x20 /home/devil/study_work/RTOS/lambton/2019/fall/ese3025/Real_Time_OS/lpc_chip_175x_6x/Debug/liblpc_chip_175x_6x.a(iocon_17xx_40xx.o)
 .debug_ranges  0x00000000000007d8       0x50 /home/devil/study_work/RTOS/lambton/2019/fall/ese3025/Real_Time_OS/lpc_chip_175x_6x/Debug/liblpc_chip_175x_6x.a(sysinit_17xx_40xx.o)
 .debug_ranges  0x0000000000000828      0x118 /home/devil/study_work/RTOS/lambton/2019/fall/ese3025/Real_Time_OS/lpc_chip_175x_6x/Debug/liblpc_chip_175x_6x.a(uart_17xx_40xx.o)

.debug_macro    0x0000000000000000     0x9d25
 .debug_macro   0x0000000000000000      0x394 ./lpcusblib/Drivers/USB/Core/HCD/OHCI/OHCI.o
 .debug_macro   0x0000000000000394      0xaa8 ./lpcusblib/Drivers/USB/Core/HCD/OHCI/OHCI.o
 .debug_macro   0x0000000000000e3c       0x28 ./lpcusblib/Drivers/USB/Core/HCD/OHCI/OHCI.o
 .debug_macro   0x0000000000000e64       0x2e ./lpcusblib/Drivers/USB/Core/HCD/OHCI/OHCI.o
 .debug_macro   0x0000000000000e92       0x10 ./lpcusblib/Drivers/USB/Core/HCD/OHCI/OHCI.o
 .debug_macro   0x0000000000000ea2       0x10 ./lpcusblib/Drivers/USB/Core/HCD/OHCI/OHCI.o
 .debug_macro   0x0000000000000eb2      0x12e ./lpcusblib/Drivers/USB/Core/HCD/OHCI/OHCI.o
 .debug_macro   0x0000000000000fe0      0x5b3 ./lpcusblib/Drivers/USB/Core/HCD/OHCI/OHCI.o
 .debug_macro   0x0000000000001593       0x22 ./lpcusblib/Drivers/USB/Core/HCD/OHCI/OHCI.o
 .debug_macro   0x00000000000015b5       0x10 ./lpcusblib/Drivers/USB/Core/HCD/OHCI/OHCI.o
 .debug_macro   0x00000000000015c5       0x1c ./lpcusblib/Drivers/USB/Core/HCD/OHCI/OHCI.o
 .debug_macro   0x00000000000015e1       0xc7 ./lpcusblib/Drivers/USB/Core/HCD/OHCI/OHCI.o
 .debug_macro   0x00000000000016a8       0x22 ./lpcusblib/Drivers/USB/Core/HCD/OHCI/OHCI.o
 .debug_macro   0x00000000000016ca       0x86 ./lpcusblib/Drivers/USB/Core/HCD/OHCI/OHCI.o
 .debug_macro   0x0000000000001750       0x2b ./lpcusblib/Drivers/USB/Core/HCD/OHCI/OHCI.o
 .debug_macro   0x000000000000177b       0x3a ./lpcusblib/Drivers/USB/Core/HCD/OHCI/OHCI.o
 .debug_macro   0x00000000000017b5       0x8d ./lpcusblib/Drivers/USB/Core/HCD/OHCI/OHCI.o
 .debug_macro   0x0000000000001842       0x22 ./lpcusblib/Drivers/USB/Core/HCD/OHCI/OHCI.o
 .debug_macro   0x0000000000001864       0x5d ./lpcusblib/Drivers/USB/Core/HCD/OHCI/OHCI.o
 .debug_macro   0x00000000000018c1       0x82 ./lpcusblib/Drivers/USB/Core/HCD/OHCI/OHCI.o
 .debug_macro   0x0000000000001943       0x6c ./lpcusblib/Drivers/USB/Core/HCD/OHCI/OHCI.o
 .debug_macro   0x00000000000019af       0x10 ./lpcusblib/Drivers/USB/Core/HCD/OHCI/OHCI.o
 .debug_macro   0x00000000000019bf       0x2d ./lpcusblib/Drivers/USB/Core/HCD/OHCI/OHCI.o
 .debug_macro   0x00000000000019ec       0x3a ./lpcusblib/Drivers/USB/Core/HCD/OHCI/OHCI.o
 .debug_macro   0x0000000000001a26       0x2d ./lpcusblib/Drivers/USB/Core/HCD/OHCI/OHCI.o
 .debug_macro   0x0000000000001a53      0xbb1 ./lpcusblib/Drivers/USB/Core/HCD/OHCI/OHCI.o
 .debug_macro   0x0000000000002604      0x22c ./lpcusblib/Drivers/USB/Core/HCD/OHCI/OHCI.o
 .debug_macro   0x0000000000002830       0x42 ./lpcusblib/Drivers/USB/Core/HCD/OHCI/OHCI.o
 .debug_macro   0x0000000000002872       0x52 ./lpcusblib/Drivers/USB/Core/HCD/OHCI/OHCI.o
 .debug_macro   0x00000000000028c4       0x78 ./lpcusblib/Drivers/USB/Core/HCD/OHCI/OHCI.o
 .debug_macro   0x000000000000293c       0x82 ./lpcusblib/Drivers/USB/Core/HCD/OHCI/OHCI.o
 .debug_macro   0x00000000000029be      0x48c ./lpcusblib/Drivers/USB/Core/HCD/OHCI/OHCI.o
 .debug_macro   0x0000000000002e4a       0x34 ./lpcusblib/Drivers/USB/Core/HCD/OHCI/OHCI.o
 .debug_macro   0x0000000000002e7e      0x4c5 ./lpcusblib/Drivers/USB/Core/HCD/OHCI/OHCI.o
 .debug_macro   0x0000000000003343      0x1b7 ./lpcusblib/Drivers/USB/Core/HCD/OHCI/OHCI.o
 .debug_macro   0x00000000000034fa       0x10 ./lpcusblib/Drivers/USB/Core/HCD/OHCI/OHCI.o
 .debug_macro   0x000000000000350a      0x21b ./lpcusblib/Drivers/USB/Core/HCD/OHCI/OHCI.o
 .debug_macro   0x0000000000003725      0x1b9 ./lpcusblib/Drivers/USB/Core/HCD/OHCI/OHCI.o
 .debug_macro   0x00000000000038de       0x40 ./lpcusblib/Drivers/USB/Core/HCD/OHCI/OHCI.o
 .debug_macro   0x000000000000391e       0x22 ./lpcusblib/Drivers/USB/Core/HCD/OHCI/OHCI.o
 .debug_macro   0x0000000000003940      0x162 ./lpcusblib/Drivers/USB/Core/HCD/OHCI/OHCI.o
 .debug_macro   0x0000000000003aa2       0x94 ./lpcusblib/Drivers/USB/Core/HCD/OHCI/OHCI.o
 .debug_macro   0x0000000000003b36       0xb8 ./lpcusblib/Drivers/USB/Core/HCD/OHCI/OHCI.o
 .debug_macro   0x0000000000003bee       0x4c ./lpcusblib/Drivers/USB/Core/HCD/OHCI/OHCI.o
 .debug_macro   0x0000000000003c3a       0x16 ./lpcusblib/Drivers/USB/Core/HCD/OHCI/OHCI.o
 .debug_macro   0x0000000000003c50      0x328 ./lpcusblib/Drivers/USB/Core/HCD/OHCI/OHCI.o
 .debug_macro   0x0000000000003f78       0x49 ./lpcusblib/Drivers/USB/Core/HCD/OHCI/OHCI.o
 .debug_macro   0x0000000000003fc1       0x16 ./lpcusblib/Drivers/USB/Core/HCD/OHCI/OHCI.o
 .debug_macro   0x0000000000003fd7       0xca ./lpcusblib/Drivers/USB/Core/HCD/OHCI/OHCI.o
 .debug_macro   0x00000000000040a1       0x11 ./lpcusblib/Drivers/USB/Core/HCD/OHCI/OHCI.o
 .debug_macro   0x00000000000040b2       0x70 ./lpcusblib/Drivers/USB/Core/HCD/OHCI/OHCI.o
 .debug_macro   0x0000000000004122       0x9a ./lpcusblib/Drivers/USB/Core/HCD/OHCI/OHCI.o
 .debug_macro   0x00000000000041bc       0x20 ./lpcusblib/Drivers/USB/Core/HCD/OHCI/OHCI.o
 .debug_macro   0x00000000000041dc       0x28 ./lpcusblib/Drivers/USB/Core/HCD/OHCI/OHCI.o
 .debug_macro   0x0000000000004204       0x10 ./lpcusblib/Drivers/USB/Core/HCD/OHCI/OHCI.o
 .debug_macro   0x0000000000004214       0x56 ./lpcusblib/Drivers/USB/Core/HCD/OHCI/OHCI.o
 .debug_macro   0x000000000000426a       0x72 ./lpcusblib/Drivers/USB/Core/HCD/OHCI/OHCI.o
 .debug_macro   0x00000000000042dc       0x19 ./lpcusblib/Drivers/USB/Core/HCD/OHCI/OHCI.o
 .debug_macro   0x00000000000042f5       0x27 ./lpcusblib/Drivers/USB/Core/HCD/OHCI/OHCI.o
 .debug_macro   0x000000000000431c      0x222 ./lpcusblib/Drivers/USB/Core/HCD/OHCI/OHCI.o
 .debug_macro   0x000000000000453e      0x36f ./lpcusblib/Drivers/USB/Core/HCD/HCD.o
 .debug_macro   0x00000000000048ad      0x369 ./lpcusblib/Drivers/USB/Core/HAL/LPC17XX/HAL_LPC17xx.o
 .debug_macro   0x0000000000004c16       0x7b ./lpcusblib/Drivers/USB/Core/HAL/LPC17XX/HAL_LPC17xx.o
 .debug_macro   0x0000000000004c91       0x18 ./lpcusblib/Drivers/USB/Core/HAL/LPC17XX/HAL_LPC17xx.o
 .debug_macro   0x0000000000004ca9       0x1e ./lpcusblib/Drivers/USB/Core/HAL/LPC17XX/HAL_LPC17xx.o
 .debug_macro   0x0000000000004cc7      0x36c ./lpcusblib/Drivers/USB/Core/ConfigDescriptor.o
 .debug_macro   0x0000000000005033       0x63 ./lpcusblib/Drivers/USB/Core/ConfigDescriptor.o
 .debug_macro   0x0000000000005096       0x1c ./lpcusblib/Drivers/USB/Core/ConfigDescriptor.o
 .debug_macro   0x00000000000050b2      0x377 ./lpcusblib/Drivers/USB/Core/Host.o
 .debug_macro   0x0000000000005429       0x87 ./lpcusblib/Drivers/USB/Core/Host.o
 .debug_macro   0x00000000000054b0       0x12 ./lpcusblib/Drivers/USB/Core/Host.o
 .debug_macro   0x00000000000054c2      0x363 ./lpcusblib/Drivers/USB/Core/HostStandardReq.o
 .debug_macro   0x0000000000005825      0x367 ./lpcusblib/Drivers/USB/Core/Pipe.o
 .debug_macro   0x0000000000005b8c       0x1c ./lpcusblib/Drivers/USB/Core/Pipe.o
 .debug_macro   0x0000000000005ba8      0x36f ./lpcusblib/Drivers/USB/Core/PipeStream.o
 .debug_macro   0x0000000000005f17      0x364 ./lpcusblib/Drivers/USB/Core/USBController.o
 .debug_macro   0x000000000000627b       0x34 ./lpcusblib/Drivers/USB/Core/USBController.o
 .debug_macro   0x00000000000062af       0x10 ./lpcusblib/Drivers/USB/Core/USBController.o
 .debug_macro   0x00000000000062bf      0x393 ./lpcusblib/Drivers/USB/Core/USBMemory.o
 .debug_macro   0x0000000000006652      0x371 ./lpcusblib/Drivers/USB/Core/USBTask.o
 .debug_macro   0x00000000000069c3      0x50b ./lpcusblib/Drivers/USB/Class/Host/HIDClassHost.o
 .debug_macro   0x0000000000006ece       0x12 ./lpcusblib/Drivers/USB/Class/Host/HIDClassHost.o
 .debug_macro   0x0000000000006ee0       0x22 ./lpcusblib/Drivers/USB/Class/Host/HIDClassHost.o
 .debug_macro   0x0000000000006f02       0x16 ./lpcusblib/Drivers/USB/Class/Host/HIDClassHost.o
 .debug_macro   0x0000000000006f18      0x12a ./lpcusblib/Drivers/USB/Class/Host/HIDClassHost.o
 .debug_macro   0x0000000000007042       0x16 ./lpcusblib/Drivers/USB/Class/Host/HIDClassHost.o
 .debug_macro   0x0000000000007058       0x46 ./lpcusblib/Drivers/USB/Class/Host/HIDClassHost.o
 .debug_macro   0x000000000000709e       0x16 ./lpcusblib/Drivers/USB/Class/Host/HIDClassHost.o
 .debug_macro   0x00000000000070b4       0x16 ./lpcusblib/Drivers/USB/Class/Host/HIDClassHost.o
 .debug_macro   0x00000000000070ca      0x129 ./lpcusblib/Drivers/USB/Class/Host/HIDClassHost.o
 .debug_macro   0x00000000000071f3       0x11 ./lpcusblib/Drivers/USB/Class/Host/HIDClassHost.o
 .debug_macro   0x0000000000007204       0x16 ./lpcusblib/Drivers/USB/Class/Host/HIDClassHost.o
 .debug_macro   0x000000000000721a       0x10 ./lpcusblib/Drivers/USB/Class/Host/HIDClassHost.o
 .debug_macro   0x000000000000722a       0x1c ./lpcusblib/Drivers/USB/Class/Host/HIDClassHost.o
 .debug_macro   0x0000000000007246       0x16 ./lpcusblib/Drivers/USB/Class/Host/HIDClassHost.o
 .debug_macro   0x000000000000725c       0x1c ./lpcusblib/Drivers/USB/Class/Host/HIDClassHost.o
 .debug_macro   0x0000000000007278       0x16 ./lpcusblib/Drivers/USB/Class/Host/HIDClassHost.o
 .debug_macro   0x000000000000728e       0x10 ./lpcusblib/Drivers/USB/Class/Host/HIDClassHost.o
 .debug_macro   0x000000000000729e      0x1bd ./lpcusblib/Drivers/USB/Class/Host/HIDClassHost.o
 .debug_macro   0x000000000000745b       0x16 ./lpcusblib/Drivers/USB/Class/Host/HIDClassHost.o
 .debug_macro   0x0000000000007471       0x1c ./lpcusblib/Drivers/USB/Class/Host/HIDClassHost.o
 .debug_macro   0x000000000000748d       0x11 ./lpcusblib/Drivers/USB/Class/Host/HIDClassHost.o
 .debug_macro   0x000000000000749e      0x154 ./lpcusblib/Drivers/USB/Class/Host/HIDClassHost.o
 .debug_macro   0x00000000000075f2       0x29 ./lpcusblib/Drivers/USB/Class/Host/HIDClassHost.o
 .debug_macro   0x000000000000761b      0x640 ./lpcusblib/Drivers/USB/Class/Host/HIDClassHost.o
 .debug_macro   0x0000000000007c5b      0x10a ./lpcusblib/Drivers/USB/Class/Common/HIDParser.o
 .debug_macro   0x0000000000007d65      0x4f5 ./example/src/KeyboardHost.o
 .debug_macro   0x000000000000825a       0x10 ./example/src/KeyboardHost.o
 .debug_macro   0x000000000000826a       0x20 ./example/src/KeyboardHost.o
 .debug_macro   0x000000000000828a       0x1d ./example/src/cr_startup_lpc175x_6x.o
 .debug_macro   0x00000000000082a7      0x217 ./example/src/sysinit.o
 .debug_macro   0x00000000000084be      0x2a1 /home/devil/study_work/RTOS/lambton/2019/fall/ese3025/Real_Time_OS/lpc_board_nxp_lpcxpresso_1769/Debug/liblpc_board_nxp_lpcxpresso_1769.a(board.o)
 .debug_macro   0x000000000000875f      0xa9c /home/devil/study_work/RTOS/lambton/2019/fall/ese3025/Real_Time_OS/lpc_board_nxp_lpcxpresso_1769/Debug/liblpc_board_nxp_lpcxpresso_1769.a(board.o)
 .debug_macro   0x00000000000091fb       0x12 /home/devil/study_work/RTOS/lambton/2019/fall/ese3025/Real_Time_OS/lpc_board_nxp_lpcxpresso_1769/Debug/liblpc_board_nxp_lpcxpresso_1769.a(board.o)
 .debug_macro   0x000000000000920d      0x217 /home/devil/study_work/RTOS/lambton/2019/fall/ese3025/Real_Time_OS/lpc_board_nxp_lpcxpresso_1769/Debug/liblpc_board_nxp_lpcxpresso_1769.a(board_sysinit.o)
 .debug_macro   0x0000000000009424      0x1cd /home/devil/study_work/RTOS/lambton/2019/fall/ese3025/Real_Time_OS/lpc_chip_175x_6x/Debug/liblpc_chip_175x_6x.a(chip_17xx_40xx.o)
 .debug_macro   0x00000000000095f1      0x1cd /home/devil/study_work/RTOS/lambton/2019/fall/ese3025/Real_Time_OS/lpc_chip_175x_6x/Debug/liblpc_chip_175x_6x.a(clock_17xx_40xx.o)
 .debug_macro   0x00000000000097be      0x1cd /home/devil/study_work/RTOS/lambton/2019/fall/ese3025/Real_Time_OS/lpc_chip_175x_6x/Debug/liblpc_chip_175x_6x.a(iocon_17xx_40xx.o)
 .debug_macro   0x000000000000998b      0x1cd /home/devil/study_work/RTOS/lambton/2019/fall/ese3025/Real_Time_OS/lpc_chip_175x_6x/Debug/liblpc_chip_175x_6x.a(sysinit_17xx_40xx.o)
 .debug_macro   0x0000000000009b58      0x1cd /home/devil/study_work/RTOS/lambton/2019/fall/ese3025/Real_Time_OS/lpc_chip_175x_6x/Debug/liblpc_chip_175x_6x.a(uart_17xx_40xx.o)

.debug_line     0x0000000000000000     0xef9a
 .debug_line    0x0000000000000000     0x17f2 ./lpcusblib/Drivers/USB/Core/HCD/OHCI/OHCI.o
 .debug_line    0x00000000000017f2      0xab1 ./lpcusblib/Drivers/USB/Core/HCD/HCD.o
 .debug_line    0x00000000000022a3      0xb2d ./lpcusblib/Drivers/USB/Core/HAL/LPC17XX/HAL_LPC17xx.o
 .debug_line    0x0000000000002dd0      0xa6b ./lpcusblib/Drivers/USB/Core/ConfigDescriptor.o
 .debug_line    0x000000000000383b      0xaf1 ./lpcusblib/Drivers/USB/Core/Host.o
 .debug_line    0x000000000000432c      0xac2 ./lpcusblib/Drivers/USB/Core/HostStandardReq.o
 .debug_line    0x0000000000004dee      0xb00 ./lpcusblib/Drivers/USB/Core/Pipe.o
 .debug_line    0x00000000000058ee      0xcf2 ./lpcusblib/Drivers/USB/Core/PipeStream.o
 .debug_line    0x00000000000065e0      0x99a ./lpcusblib/Drivers/USB/Core/USBController.o
 .debug_line    0x0000000000006f7a      0xaee ./lpcusblib/Drivers/USB/Core/USBMemory.o
 .debug_line    0x0000000000007a68      0x950 ./lpcusblib/Drivers/USB/Core/USBTask.o
 .debug_line    0x00000000000083b8     0x13c1 ./lpcusblib/Drivers/USB/Class/Host/HIDClassHost.o
 .debug_line    0x0000000000009779      0x783 ./lpcusblib/Drivers/USB/Class/Common/HIDParser.o
 .debug_line    0x0000000000009efc     0x1505 ./example/src/KeyboardHost.o
 .debug_line    0x000000000000b401      0x168 ./example/src/cr_startup_lpc175x_6x.o
 .debug_line    0x000000000000b569      0x53a ./example/src/sysinit.o
 .debug_line    0x000000000000baa3      0xae4 /home/devil/study_work/RTOS/lambton/2019/fall/ese3025/Real_Time_OS/lpc_board_nxp_lpcxpresso_1769/Debug/liblpc_board_nxp_lpcxpresso_1769.a(board.o)
 .debug_line    0x000000000000c587      0x58b /home/devil/study_work/RTOS/lambton/2019/fall/ese3025/Real_Time_OS/lpc_board_nxp_lpcxpresso_1769/Debug/liblpc_board_nxp_lpcxpresso_1769.a(board_sysinit.o)
 .debug_line    0x000000000000cb12      0x52f /home/devil/study_work/RTOS/lambton/2019/fall/ese3025/Real_Time_OS/lpc_chip_175x_6x/Debug/liblpc_chip_175x_6x.a(chip_17xx_40xx.o)
 .debug_line    0x000000000000d041      0x996 /home/devil/study_work/RTOS/lambton/2019/fall/ese3025/Real_Time_OS/lpc_chip_175x_6x/Debug/liblpc_chip_175x_6x.a(clock_17xx_40xx.o)
 .debug_line    0x000000000000d9d7      0x54b /home/devil/study_work/RTOS/lambton/2019/fall/ese3025/Real_Time_OS/lpc_chip_175x_6x/Debug/liblpc_chip_175x_6x.a(iocon_17xx_40xx.o)
 .debug_line    0x000000000000df22      0x608 /home/devil/study_work/RTOS/lambton/2019/fall/ese3025/Real_Time_OS/lpc_chip_175x_6x/Debug/liblpc_chip_175x_6x.a(sysinit_17xx_40xx.o)
 .debug_line    0x000000000000e52a      0xa70 /home/devil/study_work/RTOS/lambton/2019/fall/ese3025/Real_Time_OS/lpc_chip_175x_6x/Debug/liblpc_chip_175x_6x.a(uart_17xx_40xx.o)

.debug_str      0x0000000000000000    0x1e91f
 .debug_str     0x0000000000000000    0x14ca6 ./lpcusblib/Drivers/USB/Core/HCD/OHCI/OHCI.o
                                      0x14ea9 (size before relaxing)
 .debug_str     0x0000000000014ca6       0x5e ./lpcusblib/Drivers/USB/Core/HCD/HCD.o
                                      0x13523 (size before relaxing)
 .debug_str     0x0000000000014d04      0x55a ./lpcusblib/Drivers/USB/Core/HAL/LPC17XX/HAL_LPC17xx.o
                                      0x1354d (size before relaxing)
 .debug_str     0x000000000001525e      0x7eb ./lpcusblib/Drivers/USB/Core/ConfigDescriptor.o
                                      0x13816 (size before relaxing)
 .debug_str     0x0000000000015a49      0x526 ./lpcusblib/Drivers/USB/Core/Host.o
                                      0x139b6 (size before relaxing)
 .debug_str     0x0000000000015f6f      0x1f5 ./lpcusblib/Drivers/USB/Core/HostStandardReq.o
                                      0x13784 (size before relaxing)
 .debug_str     0x0000000000016164      0x186 ./lpcusblib/Drivers/USB/Core/Pipe.o
                                      0x1390a (size before relaxing)
 .debug_str     0x00000000000162ea      0x236 ./lpcusblib/Drivers/USB/Core/PipeStream.o
                                      0x1368c (size before relaxing)
 .debug_str     0x0000000000016520       0x8e ./lpcusblib/Drivers/USB/Core/USBController.o
                                      0x1379d (size before relaxing)
 .debug_str     0x00000000000165ae      0x1e7 ./lpcusblib/Drivers/USB/Core/USBMemory.o
                                      0x13373 (size before relaxing)
 .debug_str     0x0000000000016795       0x78 ./lpcusblib/Drivers/USB/Core/USBTask.o
                                      0x13222 (size before relaxing)
 .debug_str     0x000000000001680d     0x610a ./lpcusblib/Drivers/USB/Class/Host/HIDClassHost.o
                                      0x199a1 (size before relaxing)
 .debug_str     0x000000000001c917      0x16d ./lpcusblib/Drivers/USB/Class/Common/HIDParser.o
                                       0x92f6 (size before relaxing)
 .debug_str     0x000000000001ca84      0x241 ./example/src/KeyboardHost.o
                                      0x194d4 (size before relaxing)
 .debug_str     0x000000000001ccc5      0x1c2 ./example/src/cr_startup_lpc175x_6x.o
                                       0x2fd2 (size before relaxing)
 .debug_str     0x000000000001ce87       0x23 ./example/src/sysinit.o
                                      0x113b4 (size before relaxing)
 .debug_str     0x000000000001ceaa      0xb4d /home/devil/study_work/RTOS/lambton/2019/fall/ese3025/Real_Time_OS/lpc_board_nxp_lpcxpresso_1769/Debug/liblpc_board_nxp_lpcxpresso_1769.a(board.o)
                                      0x122b1 (size before relaxing)
 .debug_str     0x000000000001d9f7      0x135 /home/devil/study_work/RTOS/lambton/2019/fall/ese3025/Real_Time_OS/lpc_board_nxp_lpcxpresso_1769/Debug/liblpc_board_nxp_lpcxpresso_1769.a(board_sysinit.o)
                                      0x1178f (size before relaxing)
 .debug_str     0x000000000001db2c       0xcd /home/devil/study_work/RTOS/lambton/2019/fall/ese3025/Real_Time_OS/lpc_chip_175x_6x/Debug/liblpc_chip_175x_6x.a(chip_17xx_40xx.o)
                                      0x113df (size before relaxing)
 .debug_str     0x000000000001dbf9      0x839 /home/devil/study_work/RTOS/lambton/2019/fall/ese3025/Real_Time_OS/lpc_chip_175x_6x/Debug/liblpc_chip_175x_6x.a(clock_17xx_40xx.o)
                                      0x11a5d (size before relaxing)
 .debug_str     0x000000000001e432       0x74 /home/devil/study_work/RTOS/lambton/2019/fall/ese3025/Real_Time_OS/lpc_chip_175x_6x/Debug/liblpc_chip_175x_6x.a(iocon_17xx_40xx.o)
                                      0x10eda (size before relaxing)