Archive member included to satisfy reference by file (symbol)

/home/devil/study_work/RTOS/lambton/2019/fall/ese3025/Real_Time_OS/lpc_board_nxp_lpcxpresso_1769/Debug/liblpc_board_nxp_lpcxpresso_1769.a(board.o)
                              ./example/src/MassStorageHost.o (Board_Debug_Init)
/home/devil/study_work/RTOS/lambton/2019/fall/ese3025/Real_Time_OS/lpc_board_nxp_lpcxpresso_1769/Debug/liblpc_board_nxp_lpcxpresso_1769.a(board_sysinit.o)
                              ./example/src/sysinit.o (Board_SystemInit)
/home/devil/study_work/RTOS/lambton/2019/fall/ese3025/Real_Time_OS/lpc_chip_175x_6x/Debug/liblpc_chip_175x_6x.a(chip_17xx_40xx.o)
                              ./example/src/MassStorageHost.o (SystemCoreClockUpdate)
/home/devil/study_work/RTOS/lambton/2019/fall/ese3025/Real_Time_OS/lpc_chip_175x_6x/Debug/liblpc_chip_175x_6x.a(clock_17xx_40xx.o)
                              ./lpcusblib/Drivers/USB/Core/HAL/LPC17XX/HAL_LPC17xx.o (Chip_Clock_EnablePLL)
/home/devil/study_work/RTOS/lambton/2019/fall/ese3025/Real_Time_OS/lpc_chip_175x_6x/Debug/liblpc_chip_175x_6x.a(i2s_17xx_40xx.o)
                              /home/devil/study_work/RTOS/lambton/2019/fall/ese3025/Real_Time_OS/lpc_board_nxp_lpcxpresso_1769/Debug/liblpc_board_nxp_lpcxpresso_1769.a(board.o) (Chip_I2S_Init)
/home/devil/study_work/RTOS/lambton/2019/fall/ese3025/Real_Time_OS/lpc_chip_175x_6x/Debug/liblpc_chip_175x_6x.a(iocon_17xx_40xx.o)
                              ./lpcusblib/Drivers/USB/Core/HAL/LPC17XX/HAL_LPC17xx.o (Chip_IOCON_PinMux)
/home/devil/study_work/RTOS/lambton/2019/fall/ese3025/Real_Time_OS/lpc_chip_175x_6x/Debug/liblpc_chip_175x_6x.a(rtc_17xx_40xx.o)
                              ./fatfs/src/rtc.o (Chip_RTC_Init)
/home/devil/study_work/RTOS/lambton/2019/fall/ese3025/Real_Time_OS/lpc_chip_175x_6x/Debug/liblpc_chip_175x_6x.a(sysinit_17xx_40xx.o)
                              /home/devil/study_work/RTOS/lambton/2019/fall/ese3025/Real_Time_OS/lpc_board_nxp_lpcxpresso_1769/Debug/liblpc_board_nxp_lpcxpresso_1769.a(board_sysinit.o) (Chip_SetupXtalClocking)
/home/devil/study_work/RTOS/lambton/2019/fall/ese3025/Real_Time_OS/lpc_chip_175x_6x/Debug/liblpc_chip_175x_6x.a(uart_17xx_40xx.o)
                              /home/devil/study_work/RTOS/lambton/2019/fall/ese3025/Real_Time_OS/lpc_board_nxp_lpcxpresso_1769/Debug/liblpc_board_nxp_lpcxpresso_1769.a(board.o) (Chip_UART_Init)
/home/devil/study_work/RTOS/lambton/2019/fall/ese3025/Real_Time_OS/lpc_chip_175x_6x/Debug/liblpc_chip_175x_6x.a(ring_buffer.o)
                              /home/devil/study_work/RTOS/lambton/2019/fall/ese3025/Real_Time_OS/lpc_chip_175x_6x/Debug/liblpc_chip_175x_6x.a(uart_17xx_40xx.o) (RingBuffer_Insert)
/usr/local/mcuxpressoide-11.0.1_2563/ide/plugins/com.nxp.mcuxpresso.tools.linux_11.0.1.201907311258/tools/bin/../lib/gcc/arm-none-eabi/8.2.1/../../../../arm-none-eabi/lib/thumb/v7-m/nofp/libcr_nohost.a(_cr__main.o)
                              ./example/src/cr_startup_lpc175x_6x.o (__main)
/usr/local/mcuxpressoide-11.0.1_2563/ide/plugins/com.nxp.mcuxpresso.tools.linux_11.0.1.201907311258/tools/bin/../lib/gcc/arm-none-eabi/8.2.1/../../../../arm-none-eabi/lib/thumb/v7-m/nofp/libcr_c.a(memcpy.o)
                              ./lpcusblib/Drivers/USB/Class/Common/HIDParser.o (memcpy)
/usr/local/mcuxpressoide-11.0.1_2563/ide/plugins/com.nxp.mcuxpresso.tools.linux_11.0.1.201907311258/tools/bin/../lib/gcc/arm-none-eabi/8.2.1/../../../../arm-none-eabi/lib/thumb/v7-m/nofp/libcr_c.a(memset.o)
                              ./lpcusblib/Drivers/USB/Core/HCD/OHCI/OHCI.o (memset)
/usr/local/mcuxpressoide-11.0.1_2563/ide/plugins/com.nxp.mcuxpresso.tools.linux_11.0.1.201907311258/tools/bin/../lib/gcc/arm-none-eabi/8.2.1/../../../../arm-none-eabi/lib/thumb/v7-m/nofp/libcr_c.a(fpprintf.o)
                              ./example/src/MassStorageHost.o (sprintf)
/usr/local/mcuxpressoide-11.0.1_2563/ide/plugins/com.nxp.mcuxpresso.tools.linux_11.0.1.201907311258/tools/bin/../lib/gcc/arm-none-eabi/8.2.1/../../../../arm-none-eabi/lib/thumb/v7-m/nofp/libcr_c.a(initio.o)
                              /usr/local/mcuxpressoide-11.0.1_2563/ide/plugins/com.nxp.mcuxpresso.tools.linux_11.0.1.201907311258/tools/bin/../lib/gcc/arm-none-eabi/8.2.1/../../../../arm-none-eabi/lib/thumb/v7-m/nofp/libcr_nohost.a(_cr__main.o) (_initio)
/usr/local/mcuxpressoide-11.0.1_2563/ide/plugins/com.nxp.mcuxpresso.tools.linux_11.0.1.201907311258/tools/bin/../lib/gcc/arm-none-eabi/8.2.1/../../../../arm-none-eabi/lib/thumb/v7-m/nofp/libcr_c.a(printf.o)
                              /usr/local/mcuxpressoide-11.0.1_2563/ide/plugins/com.nxp.mcuxpresso.tools.linux_11.0.1.201907311258/tools/bin/../lib/gcc/arm-none-eabi/8.2.1/../../../../arm-none-eabi/lib/thumb/v7-m/nofp/libcr_c.a(fpprintf.o) (__vfprintf)
/usr/local/mcuxpressoide-11.0.1_2563/ide/plugins/com.nxp.mcuxpresso.tools.linux_11.0.1.201907311258/tools/bin/../lib/gcc/arm-none-eabi/8.2.1/../../../../arm-none-eabi/lib/thumb/v7-m/nofp/libcr_c.a(setvbuf.o)
[...]
Memory Configuration

Name             Origin             Length             Attributes
MFlash512        0x0000000000000000 0x0000000000080000 xr
RamAHB32         0x000000002007c000 0x0000000000008000 xrw
RamLoc32         0x0000000010000000 0x0000000000008000 xrw
*default*        0x0000000000000000 0xffffffffffffffff

Linker script and memory map

LOAD ./lpcusblib/Drivers/USB/Core/HCD/OHCI/OHCI.o
LOAD ./lpcusblib/Drivers/USB/Core/HCD/HCD.o
LOAD ./lpcusblib/Drivers/USB/Core/HAL/LPC17XX/HAL_LPC17xx.o
LOAD ./lpcusblib/Drivers/USB/Core/ConfigDescriptor.o
LOAD ./lpcusblib/Drivers/USB/Core/Host.o
LOAD ./lpcusblib/Drivers/USB/Core/HostStandardReq.o
LOAD ./lpcusblib/Drivers/USB/Core/Pipe.o
LOAD ./lpcusblib/Drivers/USB/Core/PipeStream.o
LOAD ./lpcusblib/Drivers/USB/Core/USBController.o
LOAD ./lpcusblib/Drivers/USB/Core/USBMemory.o
LOAD ./lpcusblib/Drivers/USB/Core/USBTask.o
LOAD ./lpcusblib/Drivers/USB/Class/Host/MassStorageClassHost.o
LOAD ./lpcusblib/Drivers/USB/Class/Common/HIDParser.o
LOAD ./fatfs/src/ff.o
LOAD ./fatfs/src/fs_usb.o
LOAD ./fatfs/src/rtc.o
LOAD ./example/src/MassStorageHost.o
LOAD ./example/src/cr_startup_lpc175x_6x.o
LOAD ./example/src/sysinit.o
LOAD /home/devil/study_work/RTOS/lambton/2019/fall/ese3025/Real_Time_OS/lpc_board_nxp_lpcxpresso_1769/Debug/liblpc_board_nxp_lpcxpresso_1769.a
LOAD /home/devil/study_work/RTOS/lambton/2019/fall/ese3025/Real_Time_OS/lpc_chip_175x_6x/Debug/liblpc_chip_175x_6x.a
START GROUP
LOAD /usr/local/mcuxpressoide-11.0.1_2563/ide/plugins/com.nxp.mcuxpresso.tools.linux_11.0.1.201907311258/tools/bin/../lib/gcc/arm-none-eabi/8.2.1/../../../../arm-none-eabi/lib/thumb/v7-m/nofp/libcr_nohost.a
LOAD /usr/local/mcuxpressoide-11.0.1_2563/ide/plugins/com.nxp.mcuxpresso.tools.linux_11.0.1.201907311258/tools/bin/../lib/gcc/arm-none-eabi/8.2.1/../../../../arm-none-eabi/lib/thumb/v7-m/nofp/libcr_c.a
LOAD /usr/local/mcuxpressoide-11.0.1_2563/ide/plugins/com.nxp.mcuxpresso.tools.linux_11.0.1.201907311258/tools/bin/../lib/gcc/arm-none-eabi/8.2.1/thumb/v7-m/nofp/libcr_eabihelpers.a
LOAD /usr/local/mcuxpressoide-11.0.1_2563/ide/plugins/com.nxp.mcuxpresso.tools.linux_11.0.1.201907311258/tools/bin/../lib/gcc/arm-none-eabi/8.2.1/thumb/v7-m/nofp/libgcc.a
END GROUP
                0x0000000000000000                __base_MFlash512 = 0x0
                0x0000000000000000                __base_Flash = 0x0
                0x0000000000080000                __top_MFlash512 = 0x80000
                0x0000000000080000                __top_Flash = 0x80000
                0x000000002007c000                __base_RamAHB32 = 0x2007c000
                0x000000002007c000                __base_RAM = 0x2007c000
                0x0000000020084000                __top_RamAHB32 = 0x20084000
                0x0000000020084000                __top_RAM = 0x20084000
                0x0000000010000000                __base_RamLoc32 = 0x10000000
                0x0000000010000000                __base_RAM2 = 0x10000000
                0x0000000010008000                __top_RamLoc32 = 0x10008000
                0x0000000010008000                __top_RAM2 = 0x10008000

.text           0x0000000000000000     0xa1e0
 FILL mask 0xff
                0x0000000000000000                __vectors_start__ = ABSOLUTE (.)
 *(.isr_vector)
 .isr_vector    0x0000000000000000       0xcc ./example/src/cr_startup_lpc175x_6x.o
                0x0000000000000000                g_pfnVectors
                0x00000000000000cc                . = ALIGN (0x4)
                0x00000000000000cc                __section_table_start = .
                0x00000000000000cc                __data_section_table = .
                0x00000000000000cc        0x4 LONG 0xa1e0 LOADADDR (.data)
                0x00000000000000d0        0x4 LONG 0x2007c000 ADDR (.data)
                0x00000000000000d4        0x4 LONG 0x18 SIZEOF (.data)
                0x00000000000000d8        0x4 LONG 0xa1e0 LOADADDR (.data_RAM2)
                0x00000000000000dc        0x4 LONG 0x10000000 ADDR (.data_RAM2)
                0x00000000000000e0        0x4 LONG 0x0 SIZEOF (.data_RAM2)
                0x00000000000000e4                __data_section_table_end = .
                0x00000000000000e4                __bss_section_table = .
                0x00000000000000e4        0x4 LONG 0x2007c018 ADDR (.bss)
                0x00000000000000e8        0x4 LONG 0x26fc SIZEOF (.bss)
                0x00000000000000ec        0x4 LONG 0x10000000 ADDR (.bss_RAM2)
                0x00000000000000f0        0x4 LONG 0x1508 SIZEOF (.bss_RAM2)
                0x00000000000000f4                __bss_section_table_end = .
                0x00000000000000f4                __section_table_end = .
 *(.after_vectors*)
 .after_vectors
                0x00000000000000f4      0x12c ./example/src/cr_startup_lpc175x_6x.o
                0x00000000000000f4                data_init
                0x0000000000000136                bss_init
                0x000000000000016c                ResetISR
                0x00000000000001e4                NMI_Handler
                0x00000000000001ea                HardFault_Handler
                0x00000000000001f0                MemManage_Handler
                0x00000000000001f6                BusFault_Handler
                0x00000000000001fc                UsageFault_Handler
                0x0000000000000202                SVC_Handler
                0x0000000000000208                DebugMon_Handler
                0x000000000000020e                PendSV_Handler
                0x0000000000000214                SysTick_Handler
                0x000000000000021a                TIMER2_IRQHandler
                0x000000000000021a                RIT_IRQHandler
                0x000000000000021a                I2C0_IRQHandler
                0x000000000000021a                USBActivity_IRQHandler
                0x000000000000021a                PWM1_IRQHandler
                0x000000000000021a                I2C1_IRQHandler
                0x000000000000021a                EINT2_IRQHandler
                0x000000000000021a                UART1_IRQHandler
                0x000000000000021a                EINT3_IRQHandler
                0x000000000000021a                CANActivity_IRQHandler
                0x000000000000021a                TIMER3_IRQHandler
                0x000000000000021a                UART0_IRQHandler
                0x000000000000021a                IntDefaultHandler
                0x000000000000021a                PLL0_IRQHandler
                0x000000000000021a                CAN_IRQHandler
                0x000000000000021a                PLL1_IRQHandler
                0x000000000000021a                SSP0_IRQHandler
                0x000000000000021a                I2S_IRQHandler
                0x000000000000021a                I2C2_IRQHandler
                0x000000000000021a                RTC_IRQHandler
                0x000000000000021a                TIMER0_IRQHandler
                0x000000000000021a                SPI_IRQHandler
                0x000000000000021a                EINT1_IRQHandler
                0x000000000000021a                TIMER1_IRQHandler
                0x000000000000021a                UART2_IRQHandler
                0x000000000000021a                ADC_IRQHandler
                0x000000000000021a                SSP1_IRQHandler
                0x000000000000021a                BOD_IRQHandler
                0x000000000000021a                WDT_IRQHandler
                0x000000000000021a                QEI_IRQHandler
                0x000000000000021a                EINT0_IRQHandler
                0x000000000000021a                ETH_IRQHandler
                0x000000000000021a                DMA_IRQHandler
                0x000000000000021a                UART3_IRQHandler
                0x000000000000021a                MCPWM_IRQHandler
 *(.text*)
 .text.Align4k  0x0000000000000220       0x1c ./lpcusblib/Drivers/USB/Core/HCD/OHCI/OHCI.o
 .text.Offset4k
                0x000000000000023c       0x18 ./lpcusblib/Drivers/USB/Core/HCD/OHCI/OHCI.o
 .text.HcdGetDeviceSpeed
                0x0000000000000254       0x44 ./lpcusblib/Drivers/USB/Core/HCD/OHCI/OHCI.o
                0x0000000000000254                HcdGetDeviceSpeed
 .text.HcdGetFrameNumber
                0x0000000000000298       0x2c ./lpcusblib/Drivers/USB/Core/HCD/OHCI/OHCI.o
                0x0000000000000298                HcdGetFrameNumber
 .text.HcdRhPortReset
                0x00000000000002c4       0x44 ./lpcusblib/Drivers/USB/Core/HCD/OHCI/OHCI.o
                0x00000000000002c4                HcdRhPortReset
 .text.HcdInitDriver
                0x0000000000000308       0x48 ./lpcusblib/Drivers/USB/Core/HCD/OHCI/OHCI.o
                0x0000000000000308                HcdInitDriver
 .text.HcdDeInitDriver
                0x0000000000000350       0x24 ./lpcusblib/Drivers/USB/Core/HCD/OHCI/OHCI.o
                0x0000000000000350                HcdDeInitDriver
 .text.HcdOpenPipe
                0x0000000000000374      0x120 ./lpcusblib/Drivers/USB/Core/HCD/OHCI/OHCI.o
                0x0000000000000374                HcdOpenPipe
 .text.HcdCancelTransfer
                0x0000000000000494      0x120 ./lpcusblib/Drivers/USB/Core/HCD/OHCI/OHCI.o
                0x0000000000000494                HcdCancelTransfer
 .text.HcdClosePipe
                0x00000000000005b4       0x6a ./lpcusblib/Drivers/USB/Core/HCD/OHCI/OHCI.o
                0x00000000000005b4                HcdClosePipe
 .text.HcdClearEndpointHalt
                0x000000000000061e       0x62 ./lpcusblib/Drivers/USB/Core/HCD/OHCI/OHCI.o
                0x000000000000061e                HcdClearEndpointHalt
 .text.HcdControlTransfer
                0x0000000000000680      0x120 ./lpcusblib/Drivers/USB/Core/HCD/OHCI/OHCI.o
                0x0000000000000680                HcdControlTransfer
 .text.QueueOneITD
                0x00000000000007a0      0x16a ./lpcusblib/Drivers/USB/Core/HCD/OHCI/OHCI.o
 .text.QueueITDs
                0x000000000000090a       0x9e ./lpcusblib/Drivers/USB/Core/HCD/OHCI/OHCI.o
 .text.HcdDataTransfer
                0x00000000000009a8      0x120 ./lpcusblib/Drivers/USB/Core/HCD/OHCI/OHCI.o
                0x00000000000009a8                HcdDataTransfer
 .text.HcdGetPipeStatus
                0x0000000000000ac8       0x3c ./lpcusblib/Drivers/USB/Core/HCD/OHCI/OHCI.o
                0x0000000000000ac8                HcdGetPipeStatus
 .text.OHciRhStatusChangeIsr
                0x0000000000000b04       0x2c ./lpcusblib/Drivers/USB/Core/HCD/OHCI/OHCI.o
 .text.ProcessDoneQueue
                0x0000000000000b30      0x192 ./lpcusblib/Drivers/USB/Core/HCD/OHCI/OHCI.o
 *fill*         0x0000000000000cc2        0x2 ff
 .text.HcdIrqHandler
                0x0000000000000cc4      0x108 ./lpcusblib/Drivers/USB/Core/HCD/OHCI/OHCI.o
                0x0000000000000cc4                HcdIrqHandler
 .text.QueueOneGTD
                0x0000000000000dcc       0x9c ./lpcusblib/Drivers/USB/Core/HCD/OHCI/OHCI.o
 .text.QueueGTDs
                0x0000000000000e68       0x7a ./lpcusblib/Drivers/USB/Core/HCD/OHCI/OHCI.o
 .text.WaitForTransferComplete
                0x0000000000000ee2       0x32 ./lpcusblib/Drivers/USB/Core/HCD/OHCI/OHCI.o
 .text.InsertEndpoint
                0x0000000000000f14       0x5c ./lpcusblib/Drivers/USB/Core/HCD/OHCI/OHCI.o
 .text.RemoveEndpoint
                0x0000000000000f70       0x74 ./lpcusblib/Drivers/USB/Core/HCD/OHCI/OHCI.o
 .text.BuildPeriodicStaticEdTree
                0x0000000000000fe4       0x54 ./lpcusblib/Drivers/USB/Core/HCD/OHCI/OHCI.o
 .text.Align16  0x0000000000001038       0x18 ./lpcusblib/Drivers/USB/Core/HCD/OHCI/OHCI.o
 .text.HcdED    0x0000000000001050       0x24 ./lpcusblib/Drivers/USB/Core/HCD/OHCI/OHCI.o
 .text.HcdGTD   0x0000000000001074       0x24 ./lpcusblib/Drivers/USB/Core/HCD/OHCI/OHCI.o
 .text.HcdITD   0x0000000000001098       0x24 ./lpcusblib/Drivers/USB/Core/HCD/OHCI/OHCI.o
 .text.IsIsoEndpoint
                0x00000000000010bc       0x26 ./lpcusblib/Drivers/USB/Core/HCD/OHCI/OHCI.o
 .text.PipehandleCreate
                0x00000000000010e2       0x28 ./lpcusblib/Drivers/USB/Core/HCD/OHCI/OHCI.o
 .text.PipehandleParse
                0x000000000000110a       0x54 ./lpcusblib/Drivers/USB/Core/HCD/OHCI/OHCI.o
 .text.AllocEd  0x000000000000115e      0x1c6 ./lpcusblib/Drivers/USB/Core/HCD/OHCI/OHCI.o
 .text.AllocGtdForEd
                0x0000000000001324      0x110 ./lpcusblib/Drivers/USB/Core/HCD/OHCI/OHCI.o
 .text.AllocItdForEd
                0x0000000000001434      0x102 ./lpcusblib/Drivers/USB/Core/HCD/OHCI/OHCI.o
 .text.FreeED   0x0000000000001536       0x68 ./lpcusblib/Drivers/USB/Core/HCD/OHCI/OHCI.o
 .text.FreeGtd  0x000000000000159e       0x1e ./lpcusblib/Drivers/USB/Core/HCD/OHCI/OHCI.o
 .text.FreeItd  0x00000000000015bc       0x22 ./lpcusblib/Drivers/USB/Core/HCD/OHCI/OHCI.o
 *fill*         0x00000000000015de        0x2 ff
 .text.OHciHostInit
                0x00000000000015e0      0x108 ./lpcusblib/Drivers/USB/Core/HCD/OHCI/OHCI.o
 .text.OHciHostReset
                0x00000000000016e8       0x30 ./lpcusblib/Drivers/USB/Core/HCD/OHCI/OHCI.o
 .text.OHciHostOperational
                0x0000000000001718       0x2c ./lpcusblib/Drivers/USB/Core/HCD/OHCI/OHCI.o
 .text.HcdSetStreamPacketSize
                0x0000000000001744       0x16 ./lpcusblib/Drivers/USB/Core/HCD/OHCI/OHCI.o
                0x0000000000001744                HcdSetStreamPacketSize
 .text.HcdDelayUS
                0x000000000000175a       0x28 ./lpcusblib/Drivers/USB/Core/HCD/HCD.o
                0x000000000000175a                HcdDelayUS
 .text.HcdDelayMS
                0x0000000000001782       0x2c ./lpcusblib/Drivers/USB/Core/HCD/HCD.o
                0x0000000000001782                HcdDelayMS
 *fill*         0x00000000000017ae        0x2 ff
 .text.OpenPipe_VerifyParameters
                0x00000000000017b0      0x16c ./lpcusblib/Drivers/USB/Core/HCD/HCD.o
                0x00000000000017b0                OpenPipe_VerifyParameters
 .text.NVIC_EnableIRQ
                0x000000000000191c       0x30 ./lpcusblib/Drivers/USB/Core/HAL/LPC17XX/HAL_LPC17xx.o
 .text.Chip_Clock_GetPLLStatus
                0x000000000000194c       0x24 ./lpcusblib/Drivers/USB/Core/HAL/LPC17XX/HAL_LPC17xx.o
 .text.HAL_USBInit
                0x0000000000001970       0x74 ./lpcusblib/Drivers/USB/Core/HAL/LPC17XX/HAL_LPC17xx.o
                0x0000000000001970                HAL_USBInit
 .text.HAL_EnableUSBInterrupt
                0x00000000000019e4       0x18 ./lpcusblib/Drivers/USB/Core/HAL/LPC17XX/HAL_LPC17xx.o
                0x00000000000019e4                HAL_EnableUSBInterrupt
 .text.USB_IRQHandler
                0x00000000000019fc       0x20 ./lpcusblib/Drivers/USB/Core/HAL/LPC17XX/HAL_LPC17xx.o
                0x00000000000019fc                USB_IRQHandler
 .text.USB_GetNextDescriptor
                0x0000000000001a1c       0x4a ./lpcusblib/Drivers/USB/Core/ConfigDescriptor.o
 *fill*         0x0000000000001a66        0x2 ff
 .text.USB_Host_GetDeviceConfigDescriptor
                0x0000000000001a68       0xd0 ./lpcusblib/Drivers/USB/Core/ConfigDescriptor.o
                0x0000000000001a68                USB_Host_GetDeviceConfigDescriptor
 .text.USB_GetNextDescriptorComp
                0x0000000000001b38       0x5e ./lpcusblib/Drivers/USB/Core/ConfigDescriptor.o
                0x0000000000001b38                USB_GetNextDescriptorComp
 *fill*         0x0000000000001b96        0x2 ff
 .text.USB_Host_ProcessNextHostState
                0x0000000000001b98      0x2f0 ./lpcusblib/Drivers/USB/Core/Host.o
                0x0000000000001b98                USB_Host_ProcessNextHostState
 .text.USB_Host_WaitMS
                0x0000000000001e88       0x16 ./lpcusblib/Drivers/USB/Core/Host.o
                0x0000000000001e88                USB_Host_WaitMS
 *fill*         0x0000000000001e9e        0x2 ff
 .text.USB_Host_Enumerate
                0x0000000000001ea0       0x28 ./lpcusblib/Drivers/USB/Core/Host.o
                0x0000000000001ea0                USB_Host_Enumerate
 .text.USB_Host_DeEnumerate
                0x0000000000001ec8       0x68 ./lpcusblib/Drivers/USB/Core/Host.o
                0x0000000000001ec8                USB_Host_DeEnumerate
 .text.USB_Host_GetActiveHost
                0x0000000000001f30       0x14 ./lpcusblib/Drivers/USB/Core/Host.o
                0x0000000000001f30                USB_Host_GetActiveHost
 .text.USB_Host_SetDeviceSpeed
                0x0000000000001f44       0x28 ./lpcusblib/Drivers/USB/Core/Host.o
                0x0000000000001f44                USB_Host_SetDeviceSpeed
 .text.USB_Host_GetFrameNumber
                0x0000000000001f6c       0x18 ./lpcusblib/Drivers/USB/Core/Host.o
                0x0000000000001f6c                USB_Host_GetFrameNumber
 .text.USB_Host_SendControlRequest
                0x0000000000001f84      0x1ac ./lpcusblib/Drivers/USB/Core/HostStandardReq.o
                0x0000000000001f84                USB_Host_SendControlRequest
 .text.USB_Host_SetDeviceConfiguration
                0x0000000000002130       0x8c ./lpcusblib/Drivers/USB/Core/HostStandardReq.o
                0x0000000000002130                USB_Host_SetDeviceConfiguration
 .text.USB_Host_ClearEndpointStall
                0x00000000000021bc       0x60 ./lpcusblib/Drivers/USB/Core/HostStandardReq.o
                0x00000000000021bc                USB_Host_ClearEndpointStall
 .text.Pipe_ConfigurePipe
                0x000000000000221c      0x150 ./lpcusblib/Drivers/USB/Core/Pipe.o
                0x000000000000221c                Pipe_ConfigurePipe
 .text.Pipe_ClosePipe
                0x000000000000236c       0x8c ./lpcusblib/Drivers/USB/Core/Pipe.o
                0x000000000000236c                Pipe_ClosePipe
 .text.Pipe_IsEndpointBound
                0x00000000000023f8       0x16 ./lpcusblib/Drivers/USB/Core/Pipe.o
                0x00000000000023f8                Pipe_IsEndpointBound
 *fill*         0x000000000000240e        0x2 ff
 .text.Pipe_WaitUntilReady
                0x0000000000002410      0x16c ./lpcusblib/Drivers/USB/Core/Pipe.o
                0x0000000000002410                Pipe_WaitUntilReady
 .text.Pipe_IsINReceived
                0x000000000000257c       0xd0 ./lpcusblib/Drivers/USB/Core/Pipe.o
                0x000000000000257c                Pipe_IsINReceived
 .text.Pipe_Write_Stream_LE
                0x000000000000264c       0xfc ./lpcusblib/Drivers/USB/Core/PipeStream.o
                0x000000000000264c                Pipe_Write_Stream_LE
 .text.Pipe_Read_Stream_LE
                0x0000000000002748      0x2e8 ./lpcusblib/Drivers/USB/Core/PipeStream.o
                0x0000000000002748                Pipe_Read_Stream_LE
 .text.Pipe_Streaming
                0x0000000000002a30       0x78 ./lpcusblib/Drivers/USB/Core/PipeStream.o
                0x0000000000002a30                Pipe_Streaming
 .text.USB_Init
                0x0000000000002aa8       0x6c ./lpcusblib/Drivers/USB/Core/USBController.o
                0x0000000000002aa8                USB_Init
 .text.USB_ResetInterface
                0x0000000000002b14       0x2c ./lpcusblib/Drivers/USB/Core/USBController.o
                0x0000000000002b14                USB_ResetInterface
 .text.USB_Init_Host
                0x0000000000002b40       0x68 ./lpcusblib/Drivers/USB/Core/USBController.o
 .text.USB_Memory_Init
                0x0000000000002ba8       0x48 ./lpcusblib/Drivers/USB/Core/USBMemory.o
                0x0000000000002ba8                USB_Memory_Init
 .text.USB_Memory_Alloc
                0x0000000000002bf0      0x124 ./lpcusblib/Drivers/USB/Core/USBMemory.o
                0x0000000000002bf0                USB_Memory_Alloc
 .text.USB_Memory_Free
                0x0000000000002d14      0x150 ./lpcusblib/Drivers/USB/Core/USBMemory.o
                0x0000000000002d14                USB_Memory_Free
 .text.USB_USBTask
                0x0000000000002e64       0x20 ./lpcusblib/Drivers/USB/Core/USBTask.o
                0x0000000000002e64                USB_USBTask
 .text.USB_HostTask
                0x0000000000002e84       0x48 ./lpcusblib/Drivers/USB/Core/USBTask.o
 .text.MS_Host_ConfigurePipes
                0x0000000000002ecc      0x180 ./lpcusblib/Drivers/USB/Class/Host/MassStorageClassHost.o
                0x0000000000002ecc                MS_Host_ConfigurePipes
 .text.DCOMP_MS_Host_NextMSInterface
                0x000000000000304c       0x40 ./lpcusblib/Drivers/USB/Class/Host/MassStorageClassHost.o
 .text.DCOMP_MS_Host_NextMSInterfaceEndpoint
                0x000000000000308c       0x58 ./lpcusblib/Drivers/USB/Class/Host/MassStorageClassHost.o
 .text.MS_Host_SendCommand
                0x00000000000030e4      0x1a0 ./lpcusblib/Drivers/USB/Class/Host/MassStorageClassHost.o
 .text.MS_Host_WaitForDataReceived
                0x0000000000003284      0x1d4 ./lpcusblib/Drivers/USB/Class/Host/MassStorageClassHost.o
 .text.MS_Host_SendReceiveData
                0x0000000000003458       0xf4 ./lpcusblib/Drivers/USB/Class/Host/MassStorageClassHost.o
 .text.MS_Host_GetReturnedStatus
                0x000000000000354c       0xb8 ./lpcusblib/Drivers/USB/Class/Host/MassStorageClassHost.o
 .text.MS_Host_ResetMSInterface
                0x0000000000003604      0x104 ./lpcusblib/Drivers/USB/Class/Host/MassStorageClassHost.o
                0x0000000000003604                MS_Host_ResetMSInterface
 .text.MS_Host_GetMaxLUN
                0x0000000000003708       0x7c ./lpcusblib/Drivers/USB/Class/Host/MassStorageClassHost.o
                0x0000000000003708                MS_Host_GetMaxLUN
 .text.MS_Host_GetInquiryData
                0x0000000000003784       0x98 ./lpcusblib/Drivers/USB/Class/Host/MassStorageClassHost.o
                0x0000000000003784                MS_Host_GetInquiryData
 .text.MS_Host_TestUnitReady
                0x000000000000381c       0x78 ./lpcusblib/Drivers/USB/Class/Host/MassStorageClassHost.o
                0x000000000000381c                MS_Host_TestUnitReady
 .text.MS_Host_ReadDeviceCapacity
                0x0000000000003894       0xd8 ./lpcusblib/Drivers/USB/Class/Host/MassStorageClassHost.o
                0x0000000000003894                MS_Host_ReadDeviceCapacity
 .text.MS_Host_RequestSense
                0x000000000000396c       0x88 ./lpcusblib/Drivers/USB/Class/Host/MassStorageClassHost.o
                0x000000000000396c                MS_Host_RequestSense
 .text.MS_Host_ReadDeviceBlocks
                0x00000000000039f4       0xbc ./lpcusblib/Drivers/USB/Class/Host/MassStorageClassHost.o
                0x00000000000039f4                MS_Host_ReadDeviceBlocks
 .text.MS_Host_WriteDeviceBlocks
                0x0000000000003ab0       0xb8 ./lpcusblib/Drivers/USB/Class/Host/MassStorageClassHost.o
                0x0000000000003ab0                MS_Host_WriteDeviceBlocks
 .text.mem_cpy  0x0000000000003b68       0x3a ./fatfs/src/ff.o
 .text.mem_set  0x0000000000003ba2       0x32 ./fatfs/src/ff.o
 .text.mem_cmp  0x0000000000003bd4       0x4c ./fatfs/src/ff.o
 .text.chk_chr  0x0000000000003c20       0x34 ./fatfs/src/ff.o
 .text.move_window
                0x0000000000003c54       0xb4 ./fatfs/src/ff.o
 .text.sync     0x0000000000003d08      0x142 ./fatfs/src/ff.o
 .text.clust2sect
                0x0000000000003e4a       0x3c ./fatfs/src/ff.o
                0x0000000000003e4a                clust2sect
 .text.get_fat  0x0000000000003e86      0x15e ./fatfs/src/ff.o
                0x0000000000003e86                get_fat
 .text.put_fat  0x0000000000003fe4      0x200 ./fatfs/src/ff.o
                0x0000000000003fe4                put_fat
 .text.remove_chain
                0x00000000000041e4       0x9e ./fatfs/src/ff.o
 .text.create_chain
                0x0000000000004282      0x112 ./fatfs/src/ff.o
 .text.dir_sdi  0x0000000000004394      0x104 ./fatfs/src/ff.o
 .text.dir_next
                0x0000000000004498      0x1a8 ./fatfs/src/ff.o
 .text.ld_clust
                0x0000000000004640       0x58 ./fatfs/src/ff.o
 .text.st_clust
                0x0000000000004698       0x4c ./fatfs/src/ff.o
 .text.dir_find
                0x00000000000046e4       0x96 ./fatfs/src/ff.o
 .text.dir_read
                0x000000000000477a       0x96 ./fatfs/src/ff.o
 .text.dir_register
                0x0000000000004810       0xae ./fatfs/src/ff.o
 *fill*         0x00000000000048be        0x2 ff
 .text.create_name
                0x00000000000048c0      0x230 ./fatfs/src/ff.o
 .text.get_fileinfo
                0x0000000000004af0      0x11a ./fatfs/src/ff.o
 .text.follow_path
                0x0000000000004c0a       0xd4 ./fatfs/src/ff.o
 *fill*         0x0000000000004cde        0x2 ff
 .text.check_fs
                0x0000000000004ce0       0xcc ./fatfs/src/ff.o
 .text.chk_mounted
                0x0000000000004dac      0x548 ./fatfs/src/ff.o
 .text.validate
                0x00000000000052f4       0x54 ./fatfs/src/ff.o
 .text.f_mount  0x0000000000005348       0x54 ./fatfs/src/ff.o
                0x0000000000005348                f_mount
 .text.f_open   0x000000000000539c      0x278 ./fatfs/src/ff.o
                0x000000000000539c                f_open
 .text.f_read   0x0000000000005614      0x2a0 ./fatfs/src/ff.o
                0x0000000000005614                f_read
 .text.f_write  0x00000000000058b4      0x302 ./fatfs/src/ff.o
                0x00000000000058b4                f_write
 .text.f_sync   0x0000000000005bb6      0x150 ./fatfs/src/ff.o
                0x0000000000005bb6                f_sync
 .text.f_close  0x0000000000005d06       0x28 ./fatfs/src/ff.o
                0x0000000000005d06                f_close
 .text.f_opendir
                0x0000000000005d2e       0xbe ./fatfs/src/ff.o
                0x0000000000005d2e                f_opendir
 .text.f_readdir
                0x0000000000005dec       0x84 ./fatfs/src/ff.o
                0x0000000000005dec                f_readdir
 .text.disk_initialize
                0x0000000000005e70       0x8c ./fatfs/src/fs_usb.o
                0x0000000000005e70                disk_initialize
 .text.disk_ioctl
                0x0000000000005efc       0xbc ./fatfs/src/fs_usb.o
                0x0000000000005efc                disk_ioctl
 .text.disk_read
                0x0000000000005fb8       0x60 ./fatfs/src/fs_usb.o
                0x0000000000005fb8                disk_read
 .text.disk_status
                0x0000000000006018       0x28 ./fatfs/src/fs_usb.o
                0x0000000000006018                disk_status
 .text.disk_write
                0x0000000000006040       0x60 ./fatfs/src/fs_usb.o
                0x0000000000006040                disk_write
 .text.rtc_initialize
                0x00000000000060a0       0x5c ./fatfs/src/rtc.o
                0x00000000000060a0                rtc_initialize
 .text.rtc_gettime
                0x00000000000060fc       0x5c ./fatfs/src/rtc.o
                0x00000000000060fc                rtc_gettime
 .text.get_fattime
                0x0000000000006158       0x3e ./fatfs/src/rtc.o
                0x0000000000006158                get_fattime
 .text.die      0x0000000000006196       0x14 ./example/src/MassStorageHost.o
 *fill*         0x00000000000061aa        0x2 ff
 .text.SetupHardware
                0x00000000000061ac       0x28 ./example/src/MassStorageHost.o
 .text.USB_ReadWriteFile
                0x00000000000061d4      0x270 ./example/src/MassStorageHost.o
 .text.main     0x0000000000006444       0x24 ./example/src/MassStorageHost.o
                0x0000000000006444                main
 .text.EVENT_USB_Host_DeviceAttached
                0x0000000000006468       0x20 ./example/src/MassStorageHost.o
                0x0000000000006468                EVENT_USB_Host_DeviceAttached
 .text.EVENT_USB_Host_DeviceUnattached
                0x0000000000006488       0x20 ./example/src/MassStorageHost.o
                0x0000000000006488                EVENT_USB_Host_DeviceUnattached
 .text.EVENT_USB_Host_DeviceEnumerationComplete
                0x00000000000064a8      0x154 ./example/src/MassStorageHost.o
                0x00000000000064a8                EVENT_USB_Host_DeviceEnumerationComplete
 .text.EVENT_USB_Host_DeviceEnumerationFailed
                0x00000000000065fc       0x3c ./example/src/MassStorageHost.o
                0x00000000000065fc                EVENT_USB_Host_DeviceEnumerationFailed
 .text.FSUSB_DiskInit
                0x0000000000006638       0x14 ./example/src/MassStorageHost.o
                0x0000000000006638                FSUSB_DiskInit
 .text.FSUSB_DiskInsertWait
                0x000000000000664c       0x38 ./example/src/MassStorageHost.o
                0x000000000000664c                FSUSB_DiskInsertWait
 .text.FSUSB_DiskAcquire
                0x0000000000006684       0x9c ./example/src/MassStorageHost.o
                0x0000000000006684                FSUSB_DiskAcquire
 .text.FSUSB_DiskGetSectorCnt
                0x0000000000006720       0x1c ./example/src/MassStorageHost.o
                0x0000000000006720                FSUSB_DiskGetSectorCnt
 .text.FSUSB_DiskGetSectorSz
                0x000000000000673c       0x1c ./example/src/MassStorageHost.o
                0x000000000000673c                FSUSB_DiskGetSectorSz
 .text.FSUSB_DiskReadSectors
                0x0000000000006758       0x5c ./example/src/MassStorageHost.o
                0x0000000000006758                FSUSB_DiskReadSectors
 .text.FSUSB_DiskWriteSectors
                0x00000000000067b4       0x4c ./example/src/MassStorageHost.o
                0x00000000000067b4                FSUSB_DiskWriteSectors
 .text.FSUSB_DiskReadyWait
                0x0000000000006800       0x2c ./example/src/MassStorageHost.o
                0x0000000000006800                FSUSB_DiskReadyWait
 .text.SystemInit
                0x000000000000682c       0x24 ./example/src/sysinit.o
                0x000000000000682c                SystemInit
 .text.Chip_IOCON_Init
                0x0000000000006850       0x16 /home/devil/study_work/RTOS/lambton/2019/fall/ese3025/Real_Time_OS/lpc_board_nxp_lpcxpresso_1769/Debug/liblpc_board_nxp_lpcxpresso_1769.a(board.o)
 .text.Chip_GPIO_Init
                0x0000000000006866       0x16 /home/devil/study_work/RTOS/lambton/2019/fall/ese3025/Real_Time_OS/lpc_board_nxp_lpcxpresso_1769/Debug/liblpc_board_nxp_lpcxpresso_1769.a(board.o)
 .text.Chip_GPIO_SetPinDIROutput
                0x000000000000687c       0x36 /home/devil/study_work/RTOS/lambton/2019/fall/ese3025/Real_Time_OS/lpc_board_nxp_lpcxpresso_1769/Debug/liblpc_board_nxp_lpcxpresso_1769.a(board.o)
 .text.Chip_GPIO_SetPinDIRInput
                0x00000000000068b2       0x3a /home/devil/study_work/RTOS/lambton/2019/fall/ese3025/Real_Time_OS/lpc_board_nxp_lpcxpresso_1769/Debug/liblpc_board_nxp_lpcxpresso_1769.a(board.o)
 .text.Chip_GPIO_SetPinDIR
                0x00000000000068ec       0x42 /home/devil/study_work/RTOS/lambton/2019/fall/ese3025/Real_Time_OS/lpc_board_nxp_lpcxpresso_1769/Debug/liblpc_board_nxp_lpcxpresso_1769.a(board.o)
 .text.Chip_GPIO_WriteDirBit
                0x000000000000692e       0x2e /home/devil/study_work/RTOS/lambton/2019/fall/ese3025/Real_Time_OS/lpc_board_nxp_lpcxpresso_1769/Debug/liblpc_board_nxp_lpcxpresso_1769.a(board.o)
 .text.Chip_UART_SendByte
                0x000000000000695c       0x1c /home/devil/study_work/RTOS/lambton/2019/fall/ese3025/Real_Time_OS/lpc_board_nxp_lpcxpresso_1769/Debug/liblpc_board_nxp_lpcxpresso_1769.a(board.o)
 .text.Chip_UART_ConfigData
                0x0000000000006978       0x1a /home/devil/study_work/RTOS/lambton/2019/fall/ese3025/Real_Time_OS/lpc_board_nxp_lpcxpresso_1769/Debug/liblpc_board_nxp_lpcxpresso_1769.a(board.o)
 .text.Chip_UART_ReadLineStatus
                0x0000000000006992       0x16 /home/devil/study_work/RTOS/lambton/2019/fall/ese3025/Real_Time_OS/lpc_board_nxp_lpcxpresso_1769/Debug/liblpc_board_nxp_lpcxpresso_1769.a(board.o)
 .text.__sys_write
                0x00000000000069a8       0x38 /home/devil/study_work/RTOS/lambton/2019/fall/ese3025/Real_Time_OS/lpc_board_nxp_lpcxpresso_1769/Debug/liblpc_board_nxp_lpcxpresso_1769.a(board.o)
                0x00000000000069a8                __sys_write
 .text.Board_LED_Init
                0x00000000000069e0       0x30 /home/devil/study_work/RTOS/lambton/2019/fall/ese3025/Real_Time_OS/lpc_board_nxp_lpcxpresso_1769/Debug/liblpc_board_nxp_lpcxpresso_1769.a(board.o)
 .text.Board_UART_Init
                0x0000000000006a10       0x12 /home/devil/study_work/RTOS/lambton/2019/fall/ese3025/Real_Time_OS/lpc_board_nxp_lpcxpresso_1769/Debug/liblpc_board_nxp_lpcxpresso_1769.a(board.o)
                0x0000000000006a10                Board_UART_Init
 *fill*         0x0000000000006a22        0x2 ff
 .text.Board_Debug_Init
                0x0000000000006a24       0x30 /home/devil/study_work/RTOS/lambton/2019/fall/ese3025/Real_Time_OS/lpc_board_nxp_lpcxpresso_1769/Debug/liblpc_board_nxp_lpcxpresso_1769.a(board.o)
                0x0000000000006a24                Board_Debug_Init
 .text.Board_UARTPutChar
                0x0000000000006a54       0x34 /home/devil/study_work/RTOS/lambton/2019/fall/ese3025/Real_Time_OS/lpc_board_nxp_lpcxpresso_1769/Debug/liblpc_board_nxp_lpcxpresso_1769.a(board.o)
                0x0000000000006a54                Board_UARTPutChar
 .text.Board_Init
                0x0000000000006a88       0x24 /home/devil/study_work/RTOS/lambton/2019/fall/ese3025/Real_Time_OS/lpc_board_nxp_lpcxpresso_1769/Debug/liblpc_board_nxp_lpcxpresso_1769.a(board.o)
                0x0000000000006a88                Board_Init
 .text.Chip_SYSCTL_SetFLASHAccess
                0x0000000000006aac       0x30 /home/devil/study_work/RTOS/lambton/2019/fall/ese3025/Real_Time_OS/lpc_board_nxp_lpcxpresso_1769/Debug/liblpc_board_nxp_lpcxpresso_1769.a(board_sysinit.o)
 .text.Board_SetupMuxing
                0x0000000000006adc       0x1c /home/devil/study_work/RTOS/lambton/2019/fall/ese3025/Real_Time_OS/lpc_board_nxp_lpcxpresso_1769/Debug/liblpc_board_nxp_lpcxpresso_1769.a(board_sysinit.o)
                0x0000000000006adc                Board_SetupMuxing
 .text.Board_SetupClocking
                0x0000000000006af8       0x12 /home/devil/study_work/RTOS/lambton/2019/fall/ese3025/Real_Time_OS/lpc_board_nxp_lpcxpresso_1769/Debug/liblpc_board_nxp_lpcxpresso_1769.a(board_sysinit.o)
                0x0000000000006af8                Board_SetupClocking
 .text.Board_SystemInit
                0x0000000000006b0a       0x10 /home/devil/study_work/RTOS/lambton/2019/fall/ese3025/Real_Time_OS/lpc_board_nxp_lpcxpresso_1769/Debug/liblpc_board_nxp_lpcxpresso_1769.a(board_sysinit.o)
                0x0000000000006b0a                Board_SystemInit
 *fill*         0x0000000000006b1a        0x2 ff
 .text.Chip_Clock_IsUSBPLLLocked
                0x0000000000006b1c       0x24 /home/devil/study_work/RTOS/lambton/2019/fall/ese3025/Real_Time_OS/lpc_chip_175x_6x/Debug/liblpc_chip_175x_6x.a(chip_17xx_40xx.o)
 .text.Chip_Clock_IsUSBPLLConnected
                0x0000000000006b40       0x24 /home/devil/study_work/RTOS/lambton/2019/fall/ese3025/Real_Time_OS/lpc_chip_175x_6x/Debug/liblpc_chip_175x_6x.a(chip_17xx_40xx.o)
 .text.SystemCoreClockUpdate
                0x0000000000006b64       0x18 /home/devil/study_work/RTOS/lambton/2019/fall/ese3025/Real_Time_OS/lpc_chip_175x_6x/Debug/liblpc_chip_175x_6x.a(chip_17xx_40xx.o)
                0x0000000000006b64                SystemCoreClockUpdate
 .text.Chip_USB_Init
                0x0000000000006b7c       0x4c /home/devil/study_work/RTOS/lambton/2019/fall/ese3025/Real_Time_OS/lpc_chip_175x_6x/Debug/liblpc_chip_175x_6x.a(chip_17xx_40xx.o)
                0x0000000000006b7c                Chip_USB_Init
 .text.Chip_Clock_IsMainPLLEnabled
                0x0000000000006bc8       0x24 /home/devil/study_work/RTOS/lambton/2019/fall/ese3025/Real_Time_OS/lpc_chip_175x_6x/Debug/liblpc_chip_175x_6x.a(clock_17xx_40xx.o)
 .text.Chip_Clock_IsMainPLLConnected
                0x0000000000006bec       0x24 /home/devil/study_work/RTOS/lambton/2019/fall/ese3025/Real_Time_OS/lpc_chip_175x_6x/Debug/liblpc_chip_175x_6x.a(clock_17xx_40xx.o)
 .text.Chip_Clock_FeedPLL
                0x0000000000006c10       0x34 /home/devil/study_work/RTOS/lambton/2019/fall/ese3025/Real_Time_OS/lpc_chip_175x_6x/Debug/liblpc_chip_175x_6x.a(clock_17xx_40xx.o)
 .text.Chip_Clock_GetMainPLLSource
                0x0000000000006c44       0x20 /home/devil/study_work/RTOS/lambton/2019/fall/ese3025/Real_Time_OS/lpc_chip_175x_6x/Debug/liblpc_chip_175x_6x.a(clock_17xx_40xx.o)
 .text.Chip_Clock_GetMainOscRate
                0x0000000000006c64       0x14 /home/devil/study_work/RTOS/lambton/2019/fall/ese3025/Real_Time_OS/lpc_chip_175x_6x/Debug/liblpc_chip_175x_6x.a(clock_17xx_40xx.o)
 .text.Chip_Clock_GetIntOscRate
                0x0000000000006c78       0x14 /home/devil/study_work/RTOS/lambton/2019/fall/ese3025/Real_Time_OS/lpc_chip_175x_6x/Debug/liblpc_chip_175x_6x.a(clock_17xx_40xx.o)
 .text.Chip_Clock_GetRTCOscRate
                0x0000000000006c8c       0x14 /home/devil/study_work/RTOS/lambton/2019/fall/ese3025/Real_Time_OS/lpc_chip_175x_6x/Debug/liblpc_chip_175x_6x.a(clock_17xx_40xx.o)
 .text.Chip_Clock_GetMainPLLInClockRate
                0x0000000000006ca0        0xe /home/devil/study_work/RTOS/lambton/2019/fall/ese3025/Real_Time_OS/lpc_chip_175x_6x/Debug/liblpc_chip_175x_6x.a(clock_17xx_40xx.o)
 *fill*         0x0000000000006cae        0x2 ff
 .text.Chip_Clock_EnablePLL
                0x0000000000006cb0       0x44 /home/devil/study_work/RTOS/lambton/2019/fall/ese3025/Real_Time_OS/lpc_chip_175x_6x/Debug/liblpc_chip_175x_6x.a(clock_17xx_40xx.o)
                0x0000000000006cb0                Chip_Clock_EnablePLL
 .text.Chip_Clock_DisablePLL
                0x0000000000006cf4       0x48 /home/devil/study_work/RTOS/lambton/2019/fall/ese3025/Real_Time_OS/lpc_chip_175x_6x/Debug/liblpc_chip_175x_6x.a(clock_17xx_40xx.o)
                0x0000000000006cf4                Chip_Clock_DisablePLL
 .text.Chip_Clock_SetupPLL
                0x0000000000006d3c       0x5c /home/devil/study_work/RTOS/lambton/2019/fall/ese3025/Real_Time_OS/lpc_chip_175x_6x/Debug/liblpc_chip_175x_6x.a(clock_17xx_40xx.o)
                0x0000000000006d3c                Chip_Clock_SetupPLL
 .text.Chip_Clock_EnablePeriphClock
                0x0000000000006d98       0x34 /home/devil/study_work/RTOS/lambton/2019/fall/ese3025/Real_Time_OS/lpc_chip_175x_6x/Debug/liblpc_chip_175x_6x.a(clock_17xx_40xx.o)
                0x0000000000006d98                Chip_Clock_EnablePeriphClock
 .text.Chip_Clock_GetCPUClockSource
                0x0000000000006dcc       0x24 /home/devil/study_work/RTOS/lambton/2019/fall/ese3025/Real_Time_OS/lpc_chip_175x_6x/Debug/liblpc_chip_175x_6x.a(clock_17xx_40xx.o)
                0x0000000000006dcc                Chip_Clock_GetCPUClockSource
 .text.Chip_Clock_SetCPUClockDiv
                0x0000000000006df0       0x20 /home/devil/study_work/RTOS/lambton/2019/fall/ese3025/Real_Time_OS/lpc_chip_175x_6x/Debug/liblpc_chip_175x_6x.a(clock_17xx_40xx.o)
                0x0000000000006df0                Chip_Clock_SetCPUClockDiv
 .text.Chip_Clock_GetCPUClockDiv
                0x0000000000006e10       0x1c /home/devil/study_work/RTOS/lambton/2019/fall/ese3025/Real_Time_OS/lpc_chip_175x_6x/Debug/liblpc_chip_175x_6x.a(clock_17xx_40xx.o)
                0x0000000000006e10                Chip_Clock_GetCPUClockDiv
 .text.Chip_Clock_GetPCLKDiv
                0x0000000000006e2c       0x8c /home/devil/study_work/RTOS/lambton/2019/fall/ese3025/Real_Time_OS/lpc_chip_175x_6x/Debug/liblpc_chip_175x_6x.a(clock_17xx_40xx.o)
                0x0000000000006e2c                Chip_Clock_GetPCLKDiv
 .text.Chip_Clock_GetSYSCLKRate
                0x0000000000006eb8       0x34 /home/devil/study_work/RTOS/lambton/2019/fall/ese3025/Real_Time_OS/lpc_chip_175x_6x/Debug/liblpc_chip_175x_6x.a(clock_17xx_40xx.o)
                0x0000000000006eb8                Chip_Clock_GetSYSCLKRate
 .text.Chip_Clock_GetMainPLLOutClockRate
                0x0000000000006eec       0x54 /home/devil/study_work/RTOS/lambton/2019/fall/ese3025/Real_Time_OS/lpc_chip_175x_6x/Debug/liblpc_chip_175x_6x.a(clock_17xx_40xx.o)
                0x0000000000006eec                Chip_Clock_GetMainPLLOutClockRate
 .text.Chip_Clock_GetMainClockRate
                0x0000000000006f40       0x28 /home/devil/study_work/RTOS/lambton/2019/fall/ese3025/Real_Time_OS/lpc_chip_175x_6x/Debug/liblpc_chip_175x_6x.a(clock_17xx_40xx.o)
                0x0000000000006f40                Chip_Clock_GetMainClockRate
 .text.Chip_Clock_GetSystemClockRate
                0x0000000000006f68       0x18 /home/devil/study_work/RTOS/lambton/2019/fall/ese3025/Real_Time_OS/lpc_chip_175x_6x/Debug/liblpc_chip_175x_6x.a(clock_17xx_40xx.o)
                0x0000000000006f68                Chip_Clock_GetSystemClockRate
 .text.Chip_Clock_GetPeripheralClockRate
                0x0000000000006f80       0x26 /home/devil/study_work/RTOS/lambton/2019/fall/ese3025/Real_Time_OS/lpc_chip_175x_6x/Debug/liblpc_chip_175x_6x.a(clock_17xx_40xx.o)
                0x0000000000006f80                Chip_Clock_GetPeripheralClockRate
 .text.Chip_IOCON_PinMuxSet
                0x0000000000006fa6       0x36 /home/devil/study_work/RTOS/lambton/2019/fall/ese3025/Real_Time_OS/lpc_chip_175x_6x/Debug/liblpc_chip_175x_6x.a(iocon_17xx_40xx.o)
                0x0000000000006fa6                Chip_IOCON_PinMuxSet
 .text.Chip_IOCON_PinMux
                0x0000000000006fdc       0x94 /home/devil/study_work/RTOS/lambton/2019/fall/ese3025/Real_Time_OS/lpc_chip_175x_6x/Debug/liblpc_chip_175x_6x.a(iocon_17xx_40xx.o)
                0x0000000000006fdc                Chip_IOCON_PinMux
 .text.Chip_IOCON_SetPinMuxing
                0x0000000000007070       0x62 /home/devil/study_work/RTOS/lambton/2019/fall/ese3025/Real_Time_OS/lpc_chip_175x_6x/Debug/liblpc_chip_175x_6x.a(iocon_17xx_40xx.o)
                0x0000000000007070                Chip_IOCON_SetPinMuxing
 .text.Chip_RTC_Init
                0x00000000000070d2       0x4e /home/devil/study_work/RTOS/lambton/2019/fall/ese3025/Real_Time_OS/lpc_chip_175x_6x/Debug/liblpc_chip_175x_6x.a(rtc_17xx_40xx.o)
                0x00000000000070d2                Chip_RTC_Init
 .text.Chip_RTC_ResetClockTickCounter
                0x0000000000007120       0x42 /home/devil/study_work/RTOS/lambton/2019/fall/ese3025/Real_Time_OS/lpc_chip_175x_6x/Debug/liblpc_chip_175x_6x.a(rtc_17xx_40xx.o)
                0x0000000000007120                Chip_RTC_ResetClockTickCounter
 .text.Chip_RTC_Enable
                0x0000000000007162       0x42 /home/devil/study_work/RTOS/lambton/2019/fall/ese3025/Real_Time_OS/lpc_chip_175x_6x/Debug/liblpc_chip_175x_6x.a(rtc_17xx_40xx.o)
                0x0000000000007162                Chip_RTC_Enable
 .text.Chip_RTC_GetFullTime
                0x00000000000071a4       0x56 /home/devil/study_work/RTOS/lambton/2019/fall/ese3025/Real_Time_OS/lpc_chip_175x_6x/Debug/liblpc_chip_175x_6x.a(rtc_17xx_40xx.o)
                0x00000000000071a4                Chip_RTC_GetFullTime
 .text.Chip_RTC_SetFullAlarmTime
                0x00000000000071fa       0x38 /home/devil/study_work/RTOS/lambton/2019/fall/ese3025/Real_Time_OS/lpc_chip_175x_6x/Debug/liblpc_chip_175x_6x.a(rtc_17xx_40xx.o)
                0x00000000000071fa                Chip_RTC_SetFullAlarmTime
 .text.Chip_RTC_CalibCounterCmd
                0x0000000000007232       0x42 /home/devil/study_work/RTOS/lambton/2019/fall/ese3025/Real_Time_OS/lpc_chip_175x_6x/Debug/liblpc_chip_175x_6x.a(rtc_17xx_40xx.o)
                0x0000000000007232                Chip_RTC_CalibCounterCmd
 .text.Chip_Clock_IsMainPLLEnabled
                0x0000000000007274       0x24 /home/devil/study_work/RTOS/lambton/2019/fall/ese3025/Real_Time_OS/lpc_chip_175x_6x/Debug/liblpc_chip_175x_6x.a(sysinit_17xx_40xx.o)
 .text.Chip_Clock_IsMainPLLLocked
                0x0000000000007298       0x24 /home/devil/study_work/RTOS/lambton/2019/fall/ese3025/Real_Time_OS/lpc_chip_175x_6x/Debug/liblpc_chip_175x_6x.a(sysinit_17xx_40xx.o)
 .text.Chip_Clock_IsMainPLLConnected
                0x00000000000072bc       0x24 /home/devil/study_work/RTOS/lambton/2019/fall/ese3025/Real_Time_OS/lpc_chip_175x_6x/Debug/liblpc_chip_175x_6x.a(sysinit_17xx_40xx.o)
 .text.Chip_Clock_EnableCrystal
                0x00000000000072e0       0x20 /home/devil/study_work/RTOS/lambton/2019/fall/ese3025/Real_Time_OS/lpc_chip_175x_6x/Debug/liblpc_chip_175x_6x.a(sysinit_17xx_40xx.o)
 .text.Chip_Clock_IsCrystalEnabled
                0x0000000000007300       0x24 /home/devil/study_work/RTOS/lambton/2019/fall/ese3025/Real_Time_OS/lpc_chip_175x_6x/Debug/liblpc_chip_175x_6x.a(sysinit_17xx_40xx.o)
 .text.Chip_Clock_SetMainPLLSource
                0x0000000000007324       0x20 /home/devil/study_work/RTOS/lambton/2019/fall/ese3025/Real_Time_OS/lpc_chip_175x_6x/Debug/liblpc_chip_175x_6x.a(sysinit_17xx_40xx.o)
 .text.Chip_SetupXtalClocking
                0x0000000000007344       0x90 /home/devil/study_work/RTOS/lambton/2019/fall/ese3025/Real_Time_OS/lpc_chip_175x_6x/Debug/liblpc_chip_175x_6x.a(sysinit_17xx_40xx.o)
                0x0000000000007344                Chip_SetupXtalClocking
 .text.Chip_UART_SetupFIFOS
                0x00000000000073d4       0x1a /home/devil/study_work/RTOS/lambton/2019/fall/ese3025/Real_Time_OS/lpc_chip_175x_6x/Debug/liblpc_chip_175x_6x.a(uart_17xx_40xx.o)
 .text.Chip_UART_ConfigData
                0x00000000000073ee       0x1a /home/devil/study_work/RTOS/lambton/2019/fall/ese3025/Real_Time_OS/lpc_chip_175x_6x/Debug/liblpc_chip_175x_6x.a(uart_17xx_40xx.o)
 .text.Chip_UART_EnableDivisorAccess
                0x0000000000007408       0x1e /home/devil/study_work/RTOS/lambton/2019/fall/ese3025/Real_Time_OS/lpc_chip_175x_6x/Debug/liblpc_chip_175x_6x.a(uart_17xx_40xx.o)
 .text.Chip_UART_DisableDivisorAccess
                0x0000000000007426       0x1e /home/devil/study_work/RTOS/lambton/2019/fall/ese3025/Real_Time_OS/lpc_chip_175x_6x/Debug/liblpc_chip_175x_6x.a(uart_17xx_40xx.o)
 .text.Chip_UART_SetDivisorLatches
                0x0000000000007444       0x26 /home/devil/study_work/RTOS/lambton/2019/fall/ese3025/Real_Time_OS/lpc_chip_175x_6x/Debug/liblpc_chip_175x_6x.a(uart_17xx_40xx.o)
 *fill*         0x000000000000746a        0x2 ff
 .text.Chip_UART_GetClockIndex
                0x000000000000746c       0x50 /home/devil/study_work/RTOS/lambton/2019/fall/ese3025/Real_Time_OS/lpc_chip_175x_6x/Debug/liblpc_chip_175x_6x.a(uart_17xx_40xx.o)
 .text.Chip_UART_GetClkIndex
                0x00000000000074bc       0x50 /home/devil/study_work/RTOS/lambton/2019/fall/ese3025/Real_Time_OS/lpc_chip_175x_6x/Debug/liblpc_chip_175x_6x.a(uart_17xx_40xx.o)
 .text.Chip_UART_Init
                0x000000000000750c       0x78 /home/devil/study_work/RTOS/lambton/2019/fall/ese3025/Real_Time_OS/lpc_chip_175x_6x/Debug/liblpc_chip_175x_6x.a(uart_17xx_40xx.o)
                0x000000000000750c                Chip_UART_Init
 .text.Chip_UART_TXEnable
                0x0000000000007584       0x18 /home/devil/study_work/RTOS/lambton/2019/fall/ese3025/Real_Time_OS/lpc_chip_175x_6x/Debug/liblpc_chip_175x_6x.a(uart_17xx_40xx.o)
                0x0000000000007584                Chip_UART_TXEnable
 .text.Chip_UART_TXDisable
                0x000000000000759c       0x18 /home/devil/study_work/RTOS/lambton/2019/fall/ese3025/Real_Time_OS/lpc_chip_175x_6x/Debug/liblpc_chip_175x_6x.a(uart_17xx_40xx.o)
                0x000000000000759c                Chip_UART_TXDisable
 .text.Chip_UART_SetBaud
                0x00000000000075b4       0x62 /home/devil/study_work/RTOS/lambton/2019/fall/ese3025/Real_Time_OS/lpc_chip_175x_6x/Debug/liblpc_chip_175x_6x.a(uart_17xx_40xx.o)
                0x00000000000075b4                Chip_UART_SetBaud
 .text.__main   0x0000000000007616        0xe /usr/local/mcuxpressoide-11.0.1_2563/ide/plugins/com.nxp.mcuxpresso.tools.linux_11.0.1.201907311258/tools/bin/../lib/gcc/arm-none-eabi/8.2.1/../../../../arm-none-eabi/lib/thumb/v7-m/nofp/libcr_nohost.a(_cr__main.o)
                0x0000000000007616                __main
 .text.memset   0x0000000000007624        0x4 /usr/local/mcuxpressoide-11.0.1_2563/ide/plugins/com.nxp.mcuxpresso.tools.linux_11.0.1.201907311258/tools/bin/../lib/gcc/arm-none-eabi/8.2.1/../../../../arm-none-eabi/lib/thumb/v7-m/nofp/libcr_c.a(memset.o)
                0x0000000000007624                memset
 .text.fp_round
                0x0000000000007628       0x4c /usr/local/mcuxpressoide-11.0.1_2563/ide/plugins/com.nxp.mcuxpresso.tools.linux_11.0.1.201907311258/tools/bin/../lib/gcc/arm-none-eabi/8.2.1/../../../../arm-none-eabi/lib/thumb/v7-m/nofp/libcr_c.a(fpprintf.o)
 .text.pr_dec.constprop.1
                0x0000000000007674       0x26 /usr/local/mcuxpressoide-11.0.1_2563/ide/plugins/com.nxp.mcuxpresso.tools.linux_11.0.1.201907311258/tools/bin/../lib/gcc/arm-none-eabi/8.2.1/../../../../arm-none-eabi/lib/thumb/v7-m/nofp/libcr_c.a(fpprintf.o)
 *fill*         0x000000000000769a        0x2 ff
 .text.sprintf  0x000000000000769c       0x6c /usr/local/mcuxpressoide-11.0.1_2563/ide/plugins/com.nxp.mcuxpresso.tools.linux_11.0.1.201907311258/tools/bin/../lib/gcc/arm-none-eabi/8.2.1/../../../../arm-none-eabi/lib/thumb/v7-m/nofp/libcr_c.a(fpprintf.o)
                0x000000000000769c                sprintf
 .text.fp_display
                0x0000000000007708      0x948 /usr/local/mcuxpressoide-11.0.1_2563/ide/plugins/com.nxp.mcuxpresso.tools.linux_11.0.1.201907311258/tools/bin/../lib/gcc/arm-none-eabi/8.2.1/../../../../arm-none-eabi/lib/thumb/v7-m/nofp/libcr_c.a(fpprintf.o)
 .text.vsnprintf
                0x0000000000008050       0x68 /usr/local/mcuxpressoide-11.0.1_2563/ide/plugins/com.nxp.mcuxpresso.tools.linux_11.0.1.201907311258/tools/bin/../lib/gcc/arm-none-eabi/8.2.1/../../../../arm-none-eabi/lib/thumb/v7-m/nofp/libcr_c.a(fpprintf.o)
                0x0000000000008050                vsnprintf
 .text.printf   0x00000000000080b8       0x54 /usr/local/mcuxpressoide-11.0.1_2563/ide/plugins/com.nxp.mcuxpresso.tools.linux_11.0.1.201907311258/tools/bin/../lib/gcc/arm-none-eabi/8.2.1/../../../../arm-none-eabi/lib/thumb/v7-m/nofp/libcr_c.a(fpprintf.o)
                0x00000000000080b8                printf
 .text._initio  0x000000000000810c       0x78 /usr/local/mcuxpressoide-11.0.1_2563/ide/plugins/com.nxp.mcuxpresso.tools.linux_11.0.1.201907311258/tools/bin/../lib/gcc/arm-none-eabi/8.2.1/../../../../arm-none-eabi/lib/thumb/v7-m/nofp/libcr_c.a(initio.o)
                0x000000000000810c                _initio
 .text.__vfprintf
                0x0000000000008184      0xbd4 /usr/local/mcuxpressoide-11.0.1_2563/ide/plugins/com.nxp.mcuxpresso.tools.linux_11.0.1.201907311258/tools/bin/../lib/gcc/arm-none-eabi/8.2.1/../../../../arm-none-eabi/lib/thumb/v7-m/nofp/libcr_c.a(printf.o)
                0x0000000000008184                __vfprintf
 .text.setvbuf  0x0000000000008d58       0x40 /usr/local/mcuxpressoide-11.0.1_2563/ide/plugins/com.nxp.mcuxpresso.tools.linux_11.0.1.201907311258/tools/bin/../lib/gcc/arm-none-eabi/8.2.1/../../../../arm-none-eabi/lib/thumb/v7-m/nofp/libcr_c.a(setvbuf.o)
                0x0000000000008d58                setvbuf
 .text.strlen   0x0000000000008d98       0x4c /usr/local/mcuxpressoide-11.0.1_2563/ide/plugins/com.nxp.mcuxpresso.tools.linux_11.0.1.201907311258/tools/bin/../lib/gcc/arm-none-eabi/8.2.1/../../../../arm-none-eabi/lib/thumb/v7-m/nofp/libcr_c.a(strlen.o)
                0x0000000000008d98                strlen
 .text._deferredlazyseek
                0x0000000000008de4       0x40 /usr/local/mcuxpressoide-11.0.1_2563/ide/plugins/com.nxp.mcuxpresso.tools.linux_11.0.1.201907311258/tools/bin/../lib/gcc/arm-none-eabi/8.2.1/../../../../arm-none-eabi/lib/thumb/v7-m/nofp/libcr_c.a(_deferredlazyseek.o)
                0x0000000000008de4                _deferredlazyseek
 .text.__flsbuf
                0x0000000000008e24      0x140 /usr/local/mcuxpressoide-11.0.1_2563/ide/plugins/com.nxp.mcuxpresso.tools.linux_11.0.1.201907311258/tools/bin/../lib/gcc/arm-none-eabi/8.2.1/../../../../arm-none-eabi/lib/thumb/v7-m/nofp/libcr_c.a(_deferredlazyseek.o)
                0x0000000000008e24                __flsbuf
 .text._fdopen  0x0000000000008f64       0x68 /usr/local/mcuxpressoide-11.0.1_2563/ide/plugins/com.nxp.mcuxpresso.tools.linux_11.0.1.201907311258/tools/bin/../lib/gcc/arm-none-eabi/8.2.1/../../../../arm-none-eabi/lib/thumb/v7-m/nofp/libcr_c.a(_fdopen.o)
                0x0000000000008f64                _fdopen
 .text._fflush  0x0000000000008fcc       0x52 /usr/local/mcuxpressoide-11.0.1_2563/ide/plugins/com.nxp.mcuxpresso.tools.linux_11.0.1.201907311258/tools/bin/../lib/gcc/arm-none-eabi/8.2.1/../../../../arm-none-eabi/lib/thumb/v7-m/nofp/libcr_c.a(_fflush.o)
                0x0000000000008fcc                _fflush
 .text._frexpl  0x000000000000901e       0x56 /usr/local/mcuxpressoide-11.0.1_2563/ide/plugins/com.nxp.mcuxpresso.tools.linux_11.0.1.201907311258/tools/bin/../lib/gcc/arm-none-eabi/8.2.1/../../../../arm-none-eabi/lib/thumb/v7-m/nofp/libcr_c.a(_frexpl.o)
                0x000000000000901e                _frexpl
 .text._ldexpl  0x0000000000009074       0x48 /usr/local/mcuxpressoide-11.0.1_2563/ide/plugins/com.nxp.mcuxpresso.tools.linux_11.0.1.201907311258/tools/bin/../lib/gcc/arm-none-eabi/8.2.1/../../../../arm-none-eabi/lib/thumb/v7-m/nofp/libcr_c.a(_ldexpl.o)
                0x0000000000009074                _ldexpl
 .text._Cwritebuf
                0x00000000000090bc       0x6c /usr/local/mcuxpressoide-11.0.1_2563/ide/plugins/com.nxp.mcuxpresso.tools.linux_11.0.1.201907311258/tools/bin/../lib/gcc/arm-none-eabi/8.2.1/../../../../arm-none-eabi/lib/thumb/v7-m/nofp/libcr_c.a(_writebuf.o)
                0x00000000000090bc                _Cwritebuf
 .text.malloc   0x0000000000009128       0xc8 /usr/local/mcuxpressoide-11.0.1_2563/ide/plugins/com.nxp.mcuxpresso.tools.linux_11.0.1.201907311258/tools/bin/../lib/gcc/arm-none-eabi/8.2.1/../../../../arm-none-eabi/lib/thumb/v7-m/nofp/libcr_c.a(alloc.o)
                0x0000000000009128                malloc
 .text.free     0x00000000000091f0       0x30 /usr/local/mcuxpressoide-11.0.1_2563/ide/plugins/com.nxp.mcuxpresso.tools.linux_11.0.1.201907311258/tools/bin/../lib/gcc/arm-none-eabi/8.2.1/../../../../arm-none-eabi/lib/thumb/v7-m/nofp/libcr_c.a(alloc.o)
                0x00000000000091f0                free
 .text._Csys_alloc
                0x0000000000009220       0x20 /usr/local/mcuxpressoide-11.0.1_2563/ide/plugins/com.nxp.mcuxpresso.tools.linux_11.0.1.201907311258/tools/bin/../lib/gcc/arm-none-eabi/8.2.1/../../../../arm-none-eabi/lib/thumb/v7-m/nofp/libcr_c.a(alloc.o)
                0x0000000000009220                _Csys_alloc
 .text.fclose   0x0000000000009240       0x58 /usr/local/mcuxpressoide-11.0.1_2563/ide/plugins/com.nxp.mcuxpresso.tools.linux_11.0.1.201907311258/tools/bin/../lib/gcc/arm-none-eabi/8.2.1/../../../../arm-none-eabi/lib/thumb/v7-m/nofp/libcr_c.a(fclose.o)
                0x0000000000009240                fclose
 .text.fflush   0x0000000000009298       0x44 /usr/local/mcuxpressoide-11.0.1_2563/ide/plugins/com.nxp.mcuxpresso.tools.linux_11.0.1.201907311258/tools/bin/../lib/gcc/arm-none-eabi/8.2.1/../../../../arm-none-eabi/lib/thumb/v7-m/nofp/libcr_c.a(fflush.o)
                0x0000000000009298                fflush
 .text.fseek    0x00000000000092dc      0x100 /usr/local/mcuxpressoide-11.0.1_2563/ide/plugins/com.nxp.mcuxpresso.tools.linux_11.0.1.201907311258/tools/bin/../lib/gcc/arm-none-eabi/8.2.1/../../../../arm-none-eabi/lib/thumb/v7-m/nofp/libcr_c.a(fseek.o)
                0x00000000000092dc                fseek
 .text.ftell    0x00000000000093dc       0x48 /usr/local/mcuxpressoide-11.0.1_2563/ide/plugins/com.nxp.mcuxpresso.tools.linux_11.0.1.201907311258/tools/bin/../lib/gcc/arm-none-eabi/8.2.1/../../../../arm-none-eabi/lib/thumb/v7-m/nofp/libcr_c.a(ftell.o)
                0x00000000000093dc                ftell
 .text.remove   0x0000000000009424       0x14 /usr/local/mcuxpressoide-11.0.1_2563/ide/plugins/com.nxp.mcuxpresso.tools.linux_11.0.1.201907311258/tools/bin/../lib/gcc/arm-none-eabi/8.2.1/../../../../arm-none-eabi/lib/thumb/v7-m/nofp/libcr_c.a(remove.o)
                0x0000000000009424                remove
 .text._sbrk    0x0000000000009438       0x3c /usr/local/mcuxpressoide-11.0.1_2563/ide/plugins/com.nxp.mcuxpresso.tools.linux_11.0.1.201907311258/tools/bin/../lib/gcc/arm-none-eabi/8.2.1/../../../../arm-none-eabi/lib/thumb/v7-m/nofp/libcr_c.a(_cr_sbrk.o)
                0x0000000000009438                _sbrk
 .text._do_fflush
                0x0000000000009474       0x40 /usr/local/mcuxpressoide-11.0.1_2563/ide/plugins/com.nxp.mcuxpresso.tools.linux_11.0.1.201907311258/tools/bin/../lib/gcc/arm-none-eabi/8.2.1/../../../../arm-none-eabi/lib/thumb/v7-m/nofp/libcr_c.a(_do_fflush.o)
                0x0000000000009474                _do_fflush
 .text.__check_heap_overflow
                0x00000000000094b4       0x18 /usr/local/mcuxpressoide-11.0.1_2563/ide/plugins/com.nxp.mcuxpresso.tools.linux_11.0.1.201907311258/tools/bin/../lib/gcc/arm-none-eabi/8.2.1/../../../../arm-none-eabi/lib/thumb/v7-m/nofp/libcr_c.a(_cr_check_heap.o)
                0x00000000000094b4                __check_heap_overflow
 .text.__aeabi_dmul
                0x00000000000094cc      0x10c /usr/local/mcuxpressoide-11.0.1_2563/ide/plugins/com.nxp.mcuxpresso.tools.linux_11.0.1.201907311258/tools/bin/../lib/gcc/arm-none-eabi/8.2.1/thumb/v7-m/nofp/libcr_eabihelpers.a(double.o)
                0x00000000000094cc                __aeabi_dmul
 .text.__aeabi_ddiv
                0x00000000000095d8      0x140 /usr/local/mcuxpressoide-11.0.1_2563/ide/plugins/com.nxp.mcuxpresso.tools.linux_11.0.1.201907311258/tools/bin/../lib/gcc/arm-none-eabi/8.2.1/thumb/v7-m/nofp/libcr_eabihelpers.a(double.o)
                0x00000000000095d8                __aeabi_ddiv
 .text.__aeabi_dsub
                0x0000000000009718      0x1a8 /usr/local/mcuxpressoide-11.0.1_2563/ide/plugins/com.nxp.mcuxpresso.tools.linux_11.0.1.201907311258/tools/bin/../lib/gcc/arm-none-eabi/8.2.1/thumb/v7-m/nofp/libcr_eabihelpers.a(double.o)
                0x0000000000009718                __aeabi_dsub
 .text.__aeabi_dadd
                0x00000000000098c0      0x108 /usr/local/mcuxpressoide-11.0.1_2563/ide/plugins/com.nxp.mcuxpresso.tools.linux_11.0.1.201907311258/tools/bin/../lib/gcc/arm-none-eabi/8.2.1/thumb/v7-m/nofp/libcr_eabihelpers.a(double.o)
                0x00000000000098c0                __aeabi_dadd
 .text.__aeabi_d2iz
                0x00000000000099c8       0x40 /usr/local/mcuxpressoide-11.0.1_2563/ide/plugins/com.nxp.mcuxpresso.tools.linux_11.0.1.201907311258/tools/bin/../lib/gcc/arm-none-eabi/8.2.1/thumb/v7-m/nofp/libcr_eabihelpers.a(double.o)
                0x00000000000099c8                __aeabi_d2iz
 .text.__bhs_ui2d
                0x0000000000009a08       0x46 /usr/local/mcuxpressoide-11.0.1_2563/ide/plugins/com.nxp.mcuxpresso.tools.linux_11.0.1.201907311258/tools/bin/../lib/gcc/arm-none-eabi/8.2.1/thumb/v7-m/nofp/libcr_eabihelpers.a(double.o)
                0x0000000000009a08                __bhs_ui2d
 .text.__aeabi_i2d
                0x0000000000009a4e       0x12 /usr/local/mcuxpressoide-11.0.1_2563/ide/plugins/com.nxp.mcuxpresso.tools.linux_11.0.1.201907311258/tools/bin/../lib/gcc/arm-none-eabi/8.2.1/thumb/v7-m/nofp/libcr_eabihelpers.a(double.o)
                0x0000000000009a4e                __aeabi_i2d
 .text.__aeabi_dcmpeq
                0x0000000000009a60       0x2a /usr/local/mcuxpressoide-11.0.1_2563/ide/plugins/com.nxp.mcuxpresso.tools.linux_11.0.1.201907311258/tools/bin/../lib/gcc/arm-none-eabi/8.2.1/thumb/v7-m/nofp/libcr_eabihelpers.a(double.o)
                0x0000000000009a60                __aeabi_dcmpeq
 .text.__aeabi_dcmplt
                0x0000000000009a8a       0x52 /usr/local/mcuxpressoide-11.0.1_2563/ide/plugins/com.nxp.mcuxpresso.tools.linux_11.0.1.201907311258/tools/bin/../lib/gcc/arm-none-eabi/8.2.1/thumb/v7-m/nofp/libcr_eabihelpers.a(double.o)
                0x0000000000009a8a                __aeabi_dcmplt
 .text.__aeabi_dcmple
                0x0000000000009adc       0x52 /usr/local/mcuxpressoide-11.0.1_2563/ide/plugins/com.nxp.mcuxpresso.tools.linux_11.0.1.201907311258/tools/bin/../lib/gcc/arm-none-eabi/8.2.1/thumb/v7-m/nofp/libcr_eabihelpers.a(double.o)
                0x0000000000009adc                __aeabi_dcmple
 .text.__aeabi_dcmpge
                0x0000000000009b2e       0x58 /usr/local/mcuxpressoide-11.0.1_2563/ide/plugins/com.nxp.mcuxpresso.tools.linux_11.0.1.201907311258/tools/bin/../lib/gcc/arm-none-eabi/8.2.1/thumb/v7-m/nofp/libcr_eabihelpers.a(double.o)
                0x0000000000009b2e                __aeabi_dcmpge
 .text.__aeabi_memset_lowlevel
                0x0000000000009b86       0x32 /usr/local/mcuxpressoide-11.0.1_2563/ide/plugins/com.nxp.mcuxpresso.tools.linux_11.0.1.201907311258/tools/bin/../lib/gcc/arm-none-eabi/8.2.1/thumb/v7-m/nofp/libcr_eabihelpers.a(memcpy.o)
                0x0000000000009b86                __aeabi_lowlevel_memset
 .text.__sys_appexit
                0x0000000000009bb8        0x2 /usr/local/mcuxpressoide-11.0.1_2563/ide/plugins/com.nxp.mcuxpresso.tools.linux_11.0.1.201907311258/tools/bin/../lib/gcc/arm-none-eabi/8.2.1/../../../../arm-none-eabi/lib/thumb/v7-m/nofp/libcr_nohost.a(__sys_appexit.o)
                0x0000000000009bb8                __exit
                0x0000000000009bb8                __sys_appexit
 .text.__sys_close
                0x0000000000009bba        0x6 /usr/local/mcuxpressoide-11.0.1_2563/ide/plugins/com.nxp.mcuxpresso.tools.linux_11.0.1.201907311258/tools/bin/../lib/gcc/arm-none-eabi/8.2.1/../../../../arm-none-eabi/lib/thumb/v7-m/nofp/libcr_nohost.a(__sys_close.o)
                0x0000000000009bba                __sys_close
 .text.__sys_flen
                0x0000000000009bc0        0x6 /usr/local/mcuxpressoide-11.0.1_2563/ide/plugins/com.nxp.mcuxpresso.tools.linux_11.0.1.201907311258/tools/bin/../lib/gcc/arm-none-eabi/8.2.1/../../../../arm-none-eabi/lib/thumb/v7-m/nofp/libcr_nohost.a(__sys_flen.o)
                0x0000000000009bc0                __sys_flen
 .text.__sys_istty
                0x0000000000009bc6        0x6 /usr/local/mcuxpressoide-11.0.1_2563/ide/plugins/com.nxp.mcuxpresso.tools.linux_11.0.1.201907311258/tools/bin/../lib/gcc/arm-none-eabi/8.2.1/../../../../arm-none-eabi/lib/thumb/v7-m/nofp/libcr_nohost.a(__sys_istty.o)
                0x0000000000009bc6                __sys_istty
 .text.__sys_remove
                0x0000000000009bcc        0x6 /usr/local/mcuxpressoide-11.0.1_2563/ide/plugins/com.nxp.mcuxpresso.tools.linux_11.0.1.201907311258/tools/bin/../lib/gcc/arm-none-eabi/8.2.1/../../../../arm-none-eabi/lib/thumb/v7-m/nofp/libcr_nohost.a(__sys_remove.o)
                0x0000000000009bcc                __sys_remove
 .text.__sys_seek
                0x0000000000009bd2        0x6 /usr/local/mcuxpressoide-11.0.1_2563/ide/plugins/com.nxp.mcuxpresso.tools.linux_11.0.1.201907311258/tools/bin/../lib/gcc/arm-none-eabi/8.2.1/../../../../arm-none-eabi/lib/thumb/v7-m/nofp/libcr_nohost.a(__sys_seek.o)
                0x0000000000009bd2                __sys_seek
 .text.__sys_tmpnam
                0x0000000000009bd8        0x6 /usr/local/mcuxpressoide-11.0.1_2563/ide/plugins/com.nxp.mcuxpresso.tools.linux_11.0.1.201907311258/tools/bin/../lib/gcc/arm-none-eabi/8.2.1/../../../../arm-none-eabi/lib/thumb/v7-m/nofp/libcr_nohost.a(__sys_tmpnam.o)
                0x0000000000009bd8                __sys_tmpnam
 *(.rodata .rodata.* .constdata .constdata.*)
 *fill*         0x0000000000009bde        0x2 ff
 .rodata        0x0000000000009be0       0x10 ./lpcusblib/Drivers/USB/Core/Host.o
 .rodata        0x0000000000009bf0        0xf ./fatfs/src/ff.o
 *fill*         0x0000000000009bff        0x1 ff
 .rodata        0x0000000000009c00       0x1d ./fatfs/src/fs_usb.o
 *fill*         0x0000000000009c1d        0x3 ff
 .rodata        0x0000000000009c20      0x4d2 ./example/src/MassStorageHost.o
 *fill*         0x000000000000a0f2        0x2 ff
 .rodata.OscRateIn
                0x000000000000a0f4        0x4 /home/devil/study_work/RTOS/lambton/2019/fall/ese3025/Real_Time_OS/lpc_board_nxp_lpcxpresso_1769/Debug/liblpc_board_nxp_lpcxpresso_1769.a(board.o)
                0x000000000000a0f4                OscRateIn
 .rodata.RTCOscRateIn
                0x000000000000a0f8        0x4 /home/devil/study_work/RTOS/lambton/2019/fall/ese3025/Real_Time_OS/lpc_board_nxp_lpcxpresso_1769/Debug/liblpc_board_nxp_lpcxpresso_1769.a(board.o)
                0x000000000000a0f8                RTCOscRateIn
 .rodata.pinmuxing
                0x000000000000a0fc       0x5c /home/devil/study_work/RTOS/lambton/2019/fall/ese3025/Real_Time_OS/lpc_board_nxp_lpcxpresso_1769/Debug/liblpc_board_nxp_lpcxpresso_1769.a(board_sysinit.o)
 .rodata.fp_display.str1.1
                0x000000000000a158       0x34 /usr/local/mcuxpressoide-11.0.1_2563/ide/plugins/com.nxp.mcuxpresso.tools.linux_11.0.1.201907311258/tools/bin/../lib/gcc/arm-none-eabi/8.2.1/../../../../arm-none-eabi/lib/thumb/v7-m/nofp/libcr_c.a(fpprintf.o)
                                         0x35 (size before relaxing)
 .rodata._initio.str1.1
                0x000000000000a18c        0x4 /usr/local/mcuxpressoide-11.0.1_2563/ide/plugins/com.nxp.mcuxpresso.tools.linux_11.0.1.201907311258/tools/bin/../lib/gcc/arm-none-eabi/8.2.1/../../../../arm-none-eabi/lib/thumb/v7-m/nofp/libcr_c.a(initio.o)
 .rodata.__vfprintf.str1.1
                0x000000000000a190       0x31 /usr/local/mcuxpressoide-11.0.1_2563/ide/plugins/com.nxp.mcuxpresso.tools.linux_11.0.1.201907311258/tools/bin/../lib/gcc/arm-none-eabi/8.2.1/../../../../arm-none-eabi/lib/thumb/v7-m/nofp/libcr_c.a(printf.o)
                                         0x38 (size before relaxing)
 .rodata._Csys_alloc.str1.1
                0x000000000000a1c1       0x18 /usr/local/mcuxpressoide-11.0.1_2563/ide/plugins/com.nxp.mcuxpresso.tools.linux_11.0.1.201907311258/tools/bin/../lib/gcc/arm-none-eabi/8.2.1/../../../../arm-none-eabi/lib/thumb/v7-m/nofp/libcr_c.a(alloc.o)
 *fill*         0x000000000000a1d9        0x3 ff
 .rodata.__num_Ciob_streams
                0x000000000000a1dc        0x4 /usr/local/mcuxpressoide-11.0.1_2563/ide/plugins/com.nxp.mcuxpresso.tools.linux_11.0.1.201907311258/tools/bin/../lib/gcc/arm-none-eabi/8.2.1/../../../../arm-none-eabi/lib/thumb/v7-m/nofp/libcr_nohost.a(__ciob.o)
                0x000000000000a1dc                __num_Ciob_streams
                0x000000000000a1e0                . = ALIGN (0x4)

.glue_7         0x000000000000a1e0        0x0
 .glue_7        0x000000000000a1e0        0x0 linker stubs

.glue_7t        0x000000000000a1e0        0x0
 .glue_7t       0x000000000000a1e0        0x0 linker stubs

.vfp11_veneer   0x000000000000a1e0        0x0
 .vfp11_veneer  0x000000000000a1e0        0x0 linker stubs

.v4_bx          0x000000000000a1e0        0x0
 .v4_bx         0x000000000000a1e0        0x0 linker stubs

.iplt           0x000000000000a1e0        0x0
 .iplt          0x000000000000a1e0        0x0 ./lpcusblib/Drivers/USB/Core/HCD/OHCI/OHCI.o

.rel.dyn        0x000000000000a1e0        0x0
 .rel.iplt      0x000000000000a1e0        0x0 ./lpcusblib/Drivers/USB/Core/HCD/OHCI/OHCI.o

.ARM.extab
 *(.ARM.extab* .gnu.linkonce.armextab.*)
                0x000000000000a1e0                __exidx_start = .

.ARM.exidx
 *(.ARM.exidx* .gnu.linkonce.armexidx.*)
                0x000000000000a1e0                __exidx_end = .
                0x000000000000a1e0                _etext = .

.data_RAM2      0x0000000010000000        0x0 load address 0x000000000000a1e0
 FILL mask 0xff
                [!provide]                        PROVIDE (__start_data_RAM2 = .)
 *(.ramfunc.$RAM2)
 *(.ramfunc.$RamLoc32)
 *(.data.$RAM2)
 *(.data.$RamLoc32)
 *(.data.$RAM2.*)
 *(.data.$RamLoc32.*)
                0x0000000010000000                . = ALIGN (0x4)
                [!provide]                        PROVIDE (__end_data_RAM2 = .)

.uninit_RESERVED
                0x000000002007c000        0x0
                0x000000002007c000                . = ALIGN (0x4)
 *(.bss.$RESERVED*)
                0x000000002007c000                . = ALIGN (0x4)
                0x000000002007c000                _end_uninit_RESERVED = .

.data           0x000000002007c000       0x18 load address 0x000000000000a1e0
 FILL mask 0xff
                0x000000002007c000                _data = .
 *(vtable)
 *(.ramfunc*)
 *(CodeQuickAccess)
 *(DataQuickAccess)
 *(RamFunction)
 *(.data*)
 .data.Stat     0x000000002007c000        0x1 ./fatfs/src/fs_usb.o
 *fill*         0x000000002007c001        0x3 ff
 .data.FlashDisk_MS_Interface
                0x000000002007c004       0x14 ./example/src/MassStorageHost.o
                0x000000002007c018                . = ALIGN (0x4)
                0x000000002007c018                _edata = .

.igot.plt       0x000000002007c018        0x0 load address 0x000000000000a1f8
 .igot.plt      0x000000002007c018        0x0 ./lpcusblib/Drivers/USB/Core/HCD/OHCI/OHCI.o

.bss_RAM2       0x0000000010000000     0x1508
                0x0000000010000000                . = ALIGN (0x4)
                [!provide]                        PROVIDE (__start_bss_RAM2 = .)
 *(.bss.$RAM2)
 .bss.$RAM2     0x0000000010000000      0x500 ./lpcusblib/Drivers/USB/Core/HCD/OHCI/OHCI.o
                0x0000000010000000                ohci_data
 .bss.$RAM2     0x0000000010000500     0x1000 ./lpcusblib/Drivers/USB/Core/USBMemory.o
 .bss.$RAM2     0x0000000010001500        0x8 ./lpcusblib/Drivers/USB/Core/USBTask.o
                0x0000000010001500                USB_ControlRequest
 *(.bss.$RamLoc32)
 *(.bss.$RAM2.*)
 *(.bss.$RamLoc32.*)
                0x0000000010001508                . = ALIGN ((. != 0x0)?0x4:0x1)
                [!provide]                        PROVIDE (__end_bss_RAM2 = .)

.bss            0x000000002007c018     0x26fc
                0x000000002007c018                . = ALIGN (0x4)
                0x000000002007c018                _bss = .
 *(.bss*)
 .bss.WaitMSRemaining.8456
                0x000000002007c018        0x2 ./lpcusblib/Drivers/USB/Core/Host.o
 .bss.PostWaitState.8457
                0x000000002007c01a        0x1 ./lpcusblib/Drivers/USB/Core/Host.o
 .bss.Mem_IsInitialized
                0x000000002007c01b        0x1 ./lpcusblib/Drivers/USB/Core/USBController.o
                0x000000002007c01b                Mem_IsInitialized
 .bss.FatFs     0x000000002007c01c        0x4 ./fatfs/src/ff.o
 .bss.Fsid      0x000000002007c020        0x2 ./fatfs/src/ff.o
 *fill*         0x000000002007c022        0x2 
 .bss.hDisk     0x000000002007c024        0x4 ./fatfs/src/fs_usb.o
 .bss.init.7342
                0x000000002007c028        0x4 ./fatfs/src/rtc.o
 .bss.DiskCapacity
                0x000000002007c02c        0x8 ./example/src/MassStorageHost.o
 .bss.buffer    0x000000002007c034     0x2000 ./example/src/MassStorageHost.o
 .bss.fatFS     0x000000002007e034      0x230 ./example/src/MassStorageHost.o
 .bss.fileObj   0x000000002007e264      0x224 ./example/src/MassStorageHost.o
 .bss.errno     0x000000002007e488        0x4 /usr/local/mcuxpressoide-11.0.1_2563/ide/plugins/com.nxp.mcuxpresso.tools.linux_11.0.1.201907311258/tools/bin/../lib/gcc/arm-none-eabi/8.2.1/../../../../arm-none-eabi/lib/thumb/v7-m/nofp/libcr_c.a(errno.o)
                0x000000002007e488                errno
 .bss.__end_of_heap
                0x000000002007e48c        0x4 /usr/local/mcuxpressoide-11.0.1_2563/ide/plugins/com.nxp.mcuxpresso.tools.linux_11.0.1.201907311258/tools/bin/../lib/gcc/arm-none-eabi/8.2.1/../../../../arm-none-eabi/lib/thumb/v7-m/nofp/libcr_c.a(__init_alloc.o)
                0x000000002007e48c                __end_of_heap
 .bss.__heaps   0x000000002007e490        0x4 /usr/local/mcuxpressoide-11.0.1_2563/ide/plugins/com.nxp.mcuxpresso.tools.linux_11.0.1.201907311258/tools/bin/../lib/gcc/arm-none-eabi/8.2.1/../../../../arm-none-eabi/lib/thumb/v7-m/nofp/libcr_c.a(__init_alloc.o)
                0x000000002007e490                __heaps
 .bss.__Ciob    0x000000002007e494      0x1e0 /usr/local/mcuxpressoide-11.0.1_2563/ide/plugins/com.nxp.mcuxpresso.tools.linux_11.0.1.201907311258/tools/bin/../lib/gcc/arm-none-eabi/8.2.1/../../../../arm-none-eabi/lib/thumb/v7-m/nofp/libcr_nohost.a(__ciob.o)
                0x000000002007e494                __Ciob
 *(COMMON)
 COMMON         0x000000002007e674        0x1 ./lpcusblib/Drivers/USB/Core/Host.o
                0x000000002007e674                USB_Host_ControlPipeSize
 COMMON         0x000000002007e675        0x1 ./lpcusblib/Drivers/USB/Core/HostStandardReq.o
                0x000000002007e675                USB_Host_ConfigurationNumber
 *fill*         0x000000002007e676        0x2 
 COMMON         0x000000002007e678       0x89 ./lpcusblib/Drivers/USB/Core/Pipe.o
                0x000000002007e678                hostportspeed
                0x000000002007e67c                PipeInfo
                0x000000002007e6fc                hostselected
                0x000000002007e700                pipeselected
 *fill*         0x000000002007e701        0x3 
 COMMON         0x000000002007e704        0x1 ./lpcusblib/Drivers/USB/Core/USBController.o
                0x000000002007e704                USB_CurrentMode
 *fill*         0x000000002007e705        0x3 
 COMMON         0x000000002007e708        0x5 ./lpcusblib/Drivers/USB/Core/USBTask.o
                0x000000002007e708                USB_IsInitialized
                0x000000002007e70c                USB_HostState
 *fill*         0x000000002007e70d        0x3 
 COMMON         0x000000002007e710        0x4 /home/devil/study_work/RTOS/lambton/2019/fall/ese3025/Real_Time_OS/lpc_chip_175x_6x/Debug/liblpc_chip_175x_6x.a(chip_17xx_40xx.o)
                0x000000002007e710                SystemCoreClock
                0x000000002007e714                . = ALIGN (0x4)
                0x000000002007e714                _ebss = .
                [!provide]                        PROVIDE (end = .)

.noinit_RAM2    0x0000000010001508        0x0
                0x0000000010001508                . = ALIGN (0x4)
 *(.noinit.$RAM2)
 *(.noinit.$RamLoc32)
 *(.noinit.$RAM2.*)
 *(.noinit.$RamLoc32.*)
                0x0000000010001508                . = ALIGN (0x4)

.noinit         0x000000002007e714        0x0
                0x000000002007e714                . = ALIGN (0x4)
                0x000000002007e714                _noinit = .
 *(.noinit*)
                0x000000002007e714                . = ALIGN (0x4)
                0x000000002007e714                _end_noinit = .
                0x000000002007e714                PROVIDE (_pvHeapStart = DEFINED (__user_heap_base)?__user_heap_base:.)
                0x0000000020084000                PROVIDE (_vStackTop = DEFINED (__user_stack_top)?__user_stack_top:(__top_RamAHB32 - 0x0))
                [!provide]                        PROVIDE (__valid_user_code_checksum = (0x0 - ((((((_vStackTop + (ResetISR + 0x1)) + (NMI_Handler + 0x1)) + (HardFault_Handler + 0x1)) + (DEFINED (MemManage_Handler)?MemManage_Handler:0x0 + 0x1)) + (DEFINED (BusFault_Handler)?BusFault_Handler:0x0 + 0x1)) + (DEFINED (UsageFault_Handler)?UsageFault_Handler:0x0 + 0x1))))
                0x0000000000000000                _image_start = LOADADDR (.text)
                0x000000000000a1f8                _image_end = (LOADADDR (.data) + SIZEOF (.data))
                0x000000000000a1f8                _image_size = (_image_end - _image_start)
OUTPUT(lpcusblib_MassStorageHost.axf elf32-littlearm)

.debug_info     0x0000000000000000    0x1199c
 .debug_info    0x0000000000000000     0x20b6 ./lpcusblib/Drivers/USB/Core/HCD/OHCI/OHCI.o
 .debug_info    0x00000000000020b6      0x705 ./lpcusblib/Drivers/USB/Core/HCD/HCD.o
 .debug_info    0x00000000000027bb      0xb72 ./lpcusblib/Drivers/USB/Core/HAL/LPC17XX/HAL_LPC17xx.o
 .debug_info    0x000000000000332d      0x913 ./lpcusblib/Drivers/USB/Core/ConfigDescriptor.o
 .debug_info    0x0000000000003c40      0xa0e ./lpcusblib/Drivers/USB/Core/Host.o
 .debug_info    0x000000000000464e      0x982 ./lpcusblib/Drivers/USB/Core/HostStandardReq.o
 .debug_info    0x0000000000004fd0      0x94a ./lpcusblib/Drivers/USB/Core/Pipe.o
 .debug_info    0x000000000000591a      0xbf5 ./lpcusblib/Drivers/USB/Core/PipeStream.o
 .debug_info    0x000000000000650f      0x702 ./lpcusblib/Drivers/USB/Core/USBController.o
 .debug_info    0x0000000000006c11      0x632 ./lpcusblib/Drivers/USB/Core/USBMemory.o
 .debug_info    0x0000000000007243      0x603 ./lpcusblib/Drivers/USB/Core/USBTask.o
 .debug_info    0x0000000000007846     0x1884 ./lpcusblib/Drivers/USB/Class/Host/MassStorageClassHost.o
 .debug_info    0x00000000000090ca     0x17c2 ./fatfs/src/ff.o
 .debug_info    0x000000000000a88c      0x7cf ./fatfs/src/fs_usb.o
 .debug_info    0x000000000000b05b      0x52a ./fatfs/src/rtc.o
 .debug_info    0x000000000000b585     0x1215 ./example/src/MassStorageHost.o
 .debug_info    0x000000000000c79a      0x272 ./example/src/cr_startup_lpc175x_6x.o
 .debug_info    0x000000000000ca0c      0x250 ./example/src/sysinit.o
 .debug_info    0x000000000000cc5c     0x1663 /home/devil/study_work/RTOS/lambton/2019/fall/ese3025/Real_Time_OS/lpc_board_nxp_lpcxpresso_1769/Debug/liblpc_board_nxp_lpcxpresso_1769.a(board.o)
 .debug_info    0x000000000000e2bf      0x71d /home/devil/study_work/RTOS/lambton/2019/fall/ese3025/Real_Time_OS/lpc_board_nxp_lpcxpresso_1769/Debug/liblpc_board_nxp_lpcxpresso_1769.a(board_sysinit.o)
 .debug_info    0x000000000000e9dc      0x591 /home/devil/study_work/RTOS/lambton/2019/fall/ese3025/Real_Time_OS/lpc_chip_175x_6x/Debug/liblpc_chip_175x_6x.a(chip_17xx_40xx.o)
 .debug_info    0x000000000000ef6d      0xc2a /home/devil/study_work/RTOS/lambton/2019/fall/ese3025/Real_Time_OS/lpc_chip_175x_6x/Debug/liblpc_chip_175x_6x.a(clock_17xx_40xx.o)
 .debug_info    0x000000000000fb97      0x347 /home/devil/study_work/RTOS/lambton/2019/fall/ese3025/Real_Time_OS/lpc_chip_175x_6x/Debug/liblpc_chip_175x_6x.a(iocon_17xx_40xx.o)
 .debug_info    0x000000000000fede      0x634 /home/devil/study_work/RTOS/lambton/2019/fall/ese3025/Real_Time_OS/lpc_chip_175x_6x/Debug/liblpc_chip_175x_6x.a(rtc_17xx_40xx.o)
 .debug_info    0x0000000000010512      0x4b0 /home/devil/study_work/RTOS/lambton/2019/fall/ese3025/Real_Time_OS/lpc_chip_175x_6x/Debug/liblpc_chip_175x_6x.a(sysinit_17xx_40xx.o)
 .debug_info    0x00000000000109c2      0xfda /home/devil/study_work/RTOS/lambton/2019/fall/ese3025/Real_Time_OS/lpc_chip_175x_6x/Debug/liblpc_chip_175x_6x.a(uart_17xx_40xx.o)

.debug_abbrev   0x0000000000000000     0x3878
 .debug_abbrev  0x0000000000000000      0x44c ./lpcusblib/Drivers/USB/Core/HCD/OHCI/OHCI.o
 .debug_abbrev  0x000000000000044c      0x17f ./lpcusblib/Drivers/USB/Core/HCD/HCD.o
 .debug_abbrev  0x00000000000005cb      0x271 ./lpcusblib/Drivers/USB/Core/HAL/LPC17XX/HAL_LPC17xx.o
 .debug_abbrev  0x000000000000083c      0x223 ./lpcusblib/Drivers/USB/Core/ConfigDescriptor.o
 .debug_abbrev  0x0000000000000a5f      0x2be ./lpcusblib/Drivers/USB/Core/Host.o
 .debug_abbrev  0x0000000000000d1d      0x21e ./lpcusblib/Drivers/USB/Core/HostStandardReq.o
 .debug_abbrev  0x0000000000000f3b      0x222 ./lpcusblib/Drivers/USB/Core/Pipe.o
 .debug_abbrev  0x000000000000115d      0x24d ./lpcusblib/Drivers/USB/Core/PipeStream.o
 .debug_abbrev  0x00000000000013aa      0x191 ./lpcusblib/Drivers/USB/Core/USBController.o
 .debug_abbrev  0x000000000000153b      0x19f ./lpcusblib/Drivers/USB/Core/USBMemory.o
 .debug_abbrev  0x00000000000016da      0x1b4 ./lpcusblib/Drivers/USB/Core/USBTask.o
 .debug_abbrev  0x000000000000188e      0x30c ./lpcusblib/Drivers/USB/Class/Host/MassStorageClassHost.o
 .debug_abbrev  0x0000000000001b9a      0x1d1 ./fatfs/src/ff.o
 .debug_abbrev  0x0000000000001d6b      0x187 ./fatfs/src/fs_usb.o
 .debug_abbrev  0x0000000000001ef2      0x1bc ./fatfs/src/rtc.o
 .debug_abbrev  0x00000000000020ae      0x344 ./example/src/MassStorageHost.o
 .debug_abbrev  0x00000000000023f2      0x117 ./example/src/cr_startup_lpc175x_6x.o
 .debug_abbrev  0x0000000000002509       0xeb ./example/src/sysinit.o
 .debug_abbrev  0x00000000000025f4      0x413 /home/devil/study_work/RTOS/lambton/2019/fall/ese3025/Real_Time_OS/lpc_board_nxp_lpcxpresso_1769/Debug/liblpc_board_nxp_lpcxpresso_1769.a(board.o)
 .debug_abbrev  0x0000000000002a07      0x1a2 /home/devil/study_work/RTOS/lambton/2019/fall/ese3025/Real_Time_OS/lpc_board_nxp_lpcxpresso_1769/Debug/liblpc_board_nxp_lpcxpresso_1769.a(board_sysinit.o)
 .debug_abbrev  0x0000000000002ba9      0x16d /home/devil/study_work/RTOS/lambton/2019/fall/ese3025/Real_Time_OS/lpc_chip_175x_6x/Debug/liblpc_chip_175x_6x.a(chip_17xx_40xx.o)
 .debug_abbrev  0x0000000000002d16      0x34d /home/devil/study_work/RTOS/lambton/2019/fall/ese3025/Real_Time_OS/lpc_chip_175x_6x/Debug/liblpc_chip_175x_6x.a(clock_17xx_40xx.o)
 .debug_abbrev  0x0000000000003063      0x164 /home/devil/study_work/RTOS/lambton/2019/fall/ese3025/Real_Time_OS/lpc_chip_175x_6x/Debug/liblpc_chip_175x_6x.a(iocon_17xx_40xx.o)
 .debug_abbrev  0x00000000000031c7      0x1ad /home/devil/study_work/RTOS/lambton/2019/fall/ese3025/Real_Time_OS/lpc_chip_175x_6x/Debug/liblpc_chip_175x_6x.a(rtc_17xx_40xx.o)
 .debug_abbrev  0x0000000000003374      0x1b0 /home/devil/study_work/RTOS/lambton/2019/fall/ese3025/Real_Time_OS/lpc_chip_175x_6x/Debug/liblpc_chip_175x_6x.a(sysinit_17xx_40xx.o)
 .debug_abbrev  0x0000000000003524      0x354 /home/devil/study_work/RTOS/lambton/2019/fall/ese3025/Real_Time_OS/lpc_chip_175x_6x/Debug/liblpc_chip_175x_6x.a(uart_17xx_40xx.o)

.debug_aranges  0x0000000000000000      0xd28
 .debug_aranges
                0x0000000000000000      0x178 ./lpcusblib/Drivers/USB/Core/HCD/OHCI/OHCI.o
 .debug_aranges
                0x0000000000000178       0x30 ./lpcusblib/Drivers/USB/Core/HCD/HCD.o
 .debug_aranges
                0x00000000000001a8       0x60 ./lpcusblib/Drivers/USB/Core/HAL/LPC17XX/HAL_LPC17xx.o
 .debug_aranges
                0x0000000000000208       0x48 ./lpcusblib/Drivers/USB/Core/ConfigDescriptor.o
 .debug_aranges
                0x0000000000000250       0x60 ./lpcusblib/Drivers/USB/Core/Host.o
 .debug_aranges
                0x00000000000002b0       0x50 ./lpcusblib/Drivers/USB/Core/HostStandardReq.o
 .debug_aranges
                0x0000000000000300       0x48 ./lpcusblib/Drivers/USB/Core/Pipe.o
 .debug_aranges
                0x0000000000000348       0x80 ./lpcusblib/Drivers/USB/Core/PipeStream.o
 .debug_aranges
                0x00000000000003c8       0x38 ./lpcusblib/Drivers/USB/Core/USBController.o
 .debug_aranges
                0x0000000000000400       0x30 ./lpcusblib/Drivers/USB/Core/USBMemory.o
 .debug_aranges
                0x0000000000000430       0x28 ./lpcusblib/Drivers/USB/Core/USBTask.o
 .debug_aranges
                0x0000000000000458       0x98 ./lpcusblib/Drivers/USB/Class/Host/MassStorageClassHost.o
 .debug_aranges
                0x00000000000004f0      0x168 ./fatfs/src/ff.o
 .debug_aranges
                0x0000000000000658       0x40 ./fatfs/src/fs_usb.o
 .debug_aranges
                0x0000000000000698       0x38 ./fatfs/src/rtc.o
 .debug_aranges
                0x00000000000006d0       0xa0 ./example/src/MassStorageHost.o
 .debug_aranges
                0x0000000000000770       0x80 ./example/src/cr_startup_lpc175x_6x.o
 .debug_aranges
                0x00000000000007f0       0x20 ./example/src/sysinit.o
 .debug_aranges
                0x0000000000000810      0x160 /home/devil/study_work/RTOS/lambton/2019/fall/ese3025/Real_Time_OS/lpc_board_nxp_lpcxpresso_1769/Debug/liblpc_board_nxp_lpcxpresso_1769.a(board.o)
 .debug_aranges
                0x0000000000000970       0x38 /home/devil/study_work/RTOS/lambton/2019/fall/ese3025/Real_Time_OS/lpc_board_nxp_lpcxpresso_1769/Debug/liblpc_board_nxp_lpcxpresso_1769.a(board_sysinit.o)
 .debug_aranges
                0x00000000000009a8       0x38 /home/devil/study_work/RTOS/lambton/2019/fall/ese3025/Real_Time_OS/lpc_chip_175x_6x/Debug/liblpc_chip_175x_6x.a(chip_17xx_40xx.o)
 .debug_aranges
                0x00000000000009e0      0x120 /home/devil/study_work/RTOS/lambton/2019/fall/ese3025/Real_Time_OS/lpc_chip_175x_6x/Debug/liblpc_chip_175x_6x.a(clock_17xx_40xx.o)
 .debug_aranges
                0x0000000000000b00       0x30 /home/devil/study_work/RTOS/lambton/2019/fall/ese3025/Real_Time_OS/lpc_chip_175x_6x/Debug/liblpc_chip_175x_6x.a(iocon_17xx_40xx.o)
 .debug_aranges
                0x0000000000000b30       0x70 /home/devil/study_work/RTOS/lambton/2019/fall/ese3025/Real_Time_OS/lpc_chip_175x_6x/Debug/liblpc_chip_175x_6x.a(rtc_17xx_40xx.o)
 .debug_aranges
                0x0000000000000ba0       0x60 /home/devil/study_work/RTOS/lambton/2019/fall/ese3025/Real_Time_OS/lpc_chip_175x_6x/Debug/liblpc_chip_175x_6x.a(sysinit_17xx_40xx.o)
 .debug_aranges
                0x0000000000000c00      0x128 /home/devil/study_work/RTOS/lambton/2019/fall/ese3025/Real_Time_OS/lpc_chip_175x_6x/Debug/liblpc_chip_175x_6x.a(uart_17xx_40xx.o)

.debug_ranges   0x0000000000000000      0xb88
 .debug_ranges  0x0000000000000000      0x168 ./lpcusblib/Drivers/USB/Core/HCD/OHCI/OHCI.o
 .debug_ranges  0x0000000000000168       0x20 ./lpcusblib/Drivers/USB/Core/HCD/HCD.o
 .debug_ranges  0x0000000000000188       0x50 ./lpcusblib/Drivers/USB/Core/HAL/LPC17XX/HAL_LPC17xx.o
 .debug_ranges  0x00000000000001d8       0x38 ./lpcusblib/Drivers/USB/Core/ConfigDescriptor.o
 .debug_ranges  0x0000000000000210       0x50 ./lpcusblib/Drivers/USB/Core/Host.o
 .debug_ranges  0x0000000000000260       0x40 ./lpcusblib/Drivers/USB/Core/HostStandardReq.o
 .debug_ranges  0x00000000000002a0       0x38 ./lpcusblib/Drivers/USB/Core/Pipe.o
 .debug_ranges  0x00000000000002d8       0x70 ./lpcusblib/Drivers/USB/Core/PipeStream.o
 .debug_ranges  0x0000000000000348       0x28 ./lpcusblib/Drivers/USB/Core/USBController.o
 .debug_ranges  0x0000000000000370       0x20 ./lpcusblib/Drivers/USB/Core/USBMemory.o
 .debug_ranges  0x0000000000000390       0x18 ./lpcusblib/Drivers/USB/Core/USBTask.o
 .debug_ranges  0x00000000000003a8       0x88 ./lpcusblib/Drivers/USB/Class/Host/MassStorageClassHost.o
 .debug_ranges  0x0000000000000430      0x158 ./fatfs/src/ff.o
 .debug_ranges  0x0000000000000588       0x30 ./fatfs/src/fs_usb.o
 .debug_ranges  0x00000000000005b8       0x28 ./fatfs/src/rtc.o
 .debug_ranges  0x00000000000005e0       0x90 ./example/src/MassStorageHost.o
 .debug_ranges  0x0000000000000670       0x70 ./example/src/cr_startup_lpc175x_6x.o
 .debug_ranges  0x00000000000006e0       0x10 ./example/src/sysinit.o
 .debug_ranges  0x00000000000006f0      0x150 /home/devil/study_work/RTOS/lambton/2019/fall/ese3025/Real_Time_OS/lpc_board_nxp_lpcxpresso_1769/Debug/liblpc_board_nxp_lpcxpresso_1769.a(board.o)
 .debug_ranges  0x0000000000000840       0x28 /home/devil/study_work/RTOS/lambton/2019/fall/ese3025/Real_Time_OS/lpc_board_nxp_lpcxpresso_1769/Debug/liblpc_board_nxp_lpcxpresso_1769.a(board_sysinit.o)
 .debug_ranges  0x0000000000000868       0x28 /home/devil/study_work/RTOS/lambton/2019/fall/ese3025/Real_Time_OS/lpc_chip_175x_6x/Debug/liblpc_chip_175x_6x.a(chip_17xx_40xx.o)
 .debug_ranges  0x0000000000000890      0x110 /home/devil/study_work/RTOS/lambton/2019/fall/ese3025/Real_Time_OS/lpc_chip_175x_6x/Debug/liblpc_chip_175x_6x.a(clock_17xx_40xx.o)
 .debug_ranges  0x00000000000009a0       0x20 /home/devil/study_work/RTOS/lambton/2019/fall/ese3025/Real_Time_OS/lpc_chip_175x_6x/Debug/liblpc_chip_175x_6x.a(iocon_17xx_40xx.o)
 .debug_ranges  0x00000000000009c0       0x60 /home/devil/study_work/RTOS/lambton/2019/fall/ese3025/Real_Time_OS/lpc_chip_175x_6x/Debug/liblpc_chip_175x_6x.a(rtc_17xx_40xx.o)
 .debug_ranges  0x0000000000000a20       0x50 /home/devil/study_work/RTOS/lambton/2019/fall/ese3025/Real_Time_OS/lpc_chip_175x_6x/Debug/liblpc_chip_175x_6x.a(sysinit_17xx_40xx.o)
 .debug_ranges  0x0000000000000a70      0x118 /home/devil/study_work/RTOS/lambton/2019/fall/ese3025/Real_Time_OS/lpc_chip_175x_6x/Debug/liblpc_chip_175x_6x.a(uart_17xx_40xx.o)

.debug_macro    0x0000000000000000     0xae95
 .debug_macro   0x0000000000000000      0x394 ./lpcusblib/Drivers/USB/Core/HCD/OHCI/OHCI.o
 .debug_macro   0x0000000000000394      0xaa8 ./lpcusblib/Drivers/USB/Core/HCD/OHCI/OHCI.o
 .debug_macro   0x0000000000000e3c       0x28 ./lpcusblib/Drivers/USB/Core/HCD/OHCI/OHCI.o
 .debug_macro   0x0000000000000e64       0x2e ./lpcusblib/Drivers/USB/Core/HCD/OHCI/OHCI.o
 .debug_macro   0x0000000000000e92       0x10 ./lpcusblib/Drivers/USB/Core/HCD/OHCI/OHCI.o
 .debug_macro   0x0000000000000ea2       0x10 ./lpcusblib/Drivers/USB/Core/HCD/OHCI/OHCI.o
 .debug_macro   0x0000000000000eb2      0x12e ./lpcusblib/Drivers/USB/Core/HCD/OHCI/OHCI.o
 .debug_macro   0x0000000000000fe0      0x5b3 ./lpcusblib/Drivers/USB/Core/HCD/OHCI/OHCI.o
 .debug_macro   0x0000000000001593       0x22 ./lpcusblib/Drivers/USB/Core/HCD/OHCI/OHCI.o
 .debug_macro   0x00000000000015b5       0x10 ./lpcusblib/Drivers/USB/Core/HCD/OHCI/OHCI.o
 .debug_macro   0x00000000000015c5       0x1c ./lpcusblib/Drivers/USB/Core/HCD/OHCI/OHCI.o
 .debug_macro   0x00000000000015e1       0xc7 ./lpcusblib/Drivers/USB/Core/HCD/OHCI/OHCI.o
 .debug_macro   0x00000000000016a8       0x22 ./lpcusblib/Drivers/USB/Core/HCD/OHCI/OHCI.o
 .debug_macro   0x00000000000016ca       0x86 ./lpcusblib/Drivers/USB/Core/HCD/OHCI/OHCI.o
 .debug_macro   0x0000000000001750       0x2b ./lpcusblib/Drivers/USB/Core/HCD/OHCI/OHCI.o
 .debug_macro   0x000000000000177b       0x3a ./lpcusblib/Drivers/USB/Core/HCD/OHCI/OHCI.o
 .debug_macro   0x00000000000017b5       0x8d ./lpcusblib/Drivers/USB/Core/HCD/OHCI/OHCI.o
 .debug_macro   0x0000000000001842       0x22 ./lpcusblib/Drivers/USB/Core/HCD/OHCI/OHCI.o
 .debug_macro   0x0000000000001864       0x5d ./lpcusblib/Drivers/USB/Core/HCD/OHCI/OHCI.o
 .debug_macro   0x00000000000018c1       0x82 ./lpcusblib/Drivers/USB/Core/HCD/OHCI/OHCI.o
 .debug_macro   0x0000000000001943       0x6c ./lpcusblib/Drivers/USB/Core/HCD/OHCI/OHCI.o
 .debug_macro   0x00000000000019af       0x10 ./lpcusblib/Drivers/USB/Core/HCD/OHCI/OHCI.o
 .debug_macro   0x00000000000019bf       0x2d ./lpcusblib/Drivers/USB/Core/HCD/OHCI/OHCI.o
 .debug_macro   0x00000000000019ec       0x3a ./lpcusblib/Drivers/USB/Core/HCD/OHCI/OHCI.o
 .debug_macro   0x0000000000001a26       0x2d ./lpcusblib/Drivers/USB/Core/HCD/OHCI/OHCI.o
 .debug_macro   0x0000000000001a53      0xbb1 ./lpcusblib/Drivers/USB/Core/HCD/OHCI/OHCI.o
 .debug_macro   0x0000000000002604      0x22c ./lpcusblib/Drivers/USB/Core/HCD/OHCI/OHCI.o
 .debug_macro   0x0000000000002830       0x42 ./lpcusblib/Drivers/USB/Core/HCD/OHCI/OHCI.o
 .debug_macro   0x0000000000002872       0x52 ./lpcusblib/Drivers/USB/Core/HCD/OHCI/OHCI.o
 .debug_macro   0x00000000000028c4       0x78 ./lpcusblib/Drivers/USB/Core/HCD/OHCI/OHCI.o
 .debug_macro   0x000000000000293c       0x82 ./lpcusblib/Drivers/USB/Core/HCD/OHCI/OHCI.o
 .debug_macro   0x00000000000029be      0x48c ./lpcusblib/Drivers/USB/Core/HCD/OHCI/OHCI.o
 .debug_macro   0x0000000000002e4a       0x34 ./lpcusblib/Drivers/USB/Core/HCD/OHCI/OHCI.o
 .debug_macro   0x0000000000002e7e      0x4c5 ./lpcusblib/Drivers/USB/Core/HCD/OHCI/OHCI.o
 .debug_macro   0x0000000000003343      0x1b7 ./lpcusblib/Drivers/USB/Core/HCD/OHCI/OHCI.o
 .debug_macro   0x00000000000034fa       0x10 ./lpcusblib/Drivers/USB/Core/HCD/OHCI/OHCI.o
 .debug_macro   0x000000000000350a      0x21b ./lpcusblib/Drivers/USB/Core/HCD/OHCI/OHCI.o
 .debug_macro   0x0000000000003725      0x1b9 ./lpcusblib/Drivers/USB/Core/HCD/OHCI/OHCI.o
 .debug_macro   0x00000000000038de       0x40 ./lpcusblib/Drivers/USB/Core/HCD/OHCI/OHCI.o
 .debug_macro   0x000000000000391e       0x22 ./lpcusblib/Drivers/USB/Core/HCD/OHCI/OHCI.o
 .debug_macro   0x0000000000003940      0x162 ./lpcusblib/Drivers/USB/Core/HCD/OHCI/OHCI.o
 .debug_macro   0x0000000000003aa2       0x94 ./lpcusblib/Drivers/USB/Core/HCD/OHCI/OHCI.o
 .debug_macro   0x0000000000003b36       0xb8 ./lpcusblib/Drivers/USB/Core/HCD/OHCI/OHCI.o
 .debug_macro   0x0000000000003bee       0x4c ./lpcusblib/Drivers/USB/Core/HCD/OHCI/OHCI.o
 .debug_macro   0x0000000000003c3a       0x16 ./lpcusblib/Drivers/USB/Core/HCD/OHCI/OHCI.o
 .debug_macro   0x0000000000003c50      0x328 ./lpcusblib/Drivers/USB/Core/HCD/OHCI/OHCI.o
 .debug_macro   0x0000000000003f78       0x49 ./lpcusblib/Drivers/USB/Core/HCD/OHCI/OHCI.o
 .debug_macro   0x0000000000003fc1       0x16 ./lpcusblib/Drivers/USB/Core/HCD/OHCI/OHCI.o
 .debug_macro   0x0000000000003fd7       0xca ./lpcusblib/Drivers/USB/Core/HCD/OHCI/OHCI.o
 .debug_macro   0x00000000000040a1       0x11 ./lpcusblib/Drivers/USB/Core/HCD/OHCI/OHCI.o
 .debug_macro   0x00000000000040b2       0x70 ./lpcusblib/Drivers/USB/Core/HCD/OHCI/OHCI.o
 .debug_macro   0x0000000000004122       0x9a ./lpcusblib/Drivers/USB/Core/HCD/OHCI/OHCI.o
 .debug_macro   0x00000000000041bc       0x20 ./lpcusblib/Drivers/USB/Core/HCD/OHCI/OHCI.o
 .debug_macro   0x00000000000041dc       0x28 ./lpcusblib/Drivers/USB/Core/HCD/OHCI/OHCI.o
 .debug_macro   0x0000000000004204       0x10 ./lpcusblib/Drivers/USB/Core/HCD/OHCI/OHCI.o
 .debug_macro   0x0000000000004214       0x56 ./lpcusblib/Drivers/USB/Core/HCD/OHCI/OHCI.o
 .debug_macro   0x000000000000426a       0x72 ./lpcusblib/Drivers/USB/Core/HCD/OHCI/OHCI.o
 .debug_macro   0x00000000000042dc       0x19 ./lpcusblib/Drivers/USB/Core/HCD/OHCI/OHCI.o
 .debug_macro   0x00000000000042f5       0x27 ./lpcusblib/Drivers/USB/Core/HCD/OHCI/OHCI.o
 .debug_macro   0x000000000000431c      0x222 ./lpcusblib/Drivers/USB/Core/HCD/OHCI/OHCI.o
 .debug_macro   0x000000000000453e      0x36f ./lpcusblib/Drivers/USB/Core/HCD/HCD.o
 .debug_macro   0x00000000000048ad      0x369 ./lpcusblib/Drivers/USB/Core/HAL/LPC17XX/HAL_LPC17xx.o
 .debug_macro   0x0000000000004c16       0x7b ./lpcusblib/Drivers/USB/Core/HAL/LPC17XX/HAL_LPC17xx.o
 .debug_macro   0x0000000000004c91       0x18 ./lpcusblib/Drivers/USB/Core/HAL/LPC17XX/HAL_LPC17xx.o
 .debug_macro   0x0000000000004ca9       0x1e ./lpcusblib/Drivers/USB/Core/HAL/LPC17XX/HAL_LPC17xx.o
 .debug_macro   0x0000000000004cc7      0x36c ./lpcusblib/Drivers/USB/Core/ConfigDescriptor.o
 .debug_macro   0x0000000000005033       0x63 ./lpcusblib/Drivers/USB/Core/ConfigDescriptor.o
 .debug_macro   0x0000000000005096       0x1c ./lpcusblib/Drivers/USB/Core/ConfigDescriptor.o
 .debug_macro   0x00000000000050b2      0x377 ./lpcusblib/Drivers/USB/Core/Host.o
 .debug_macro   0x0000000000005429       0x87 ./lpcusblib/Drivers/USB/Core/Host.o
 .debug_macro   0x00000000000054b0       0x12 ./lpcusblib/Drivers/USB/Core/Host.o
 .debug_macro   0x00000000000054c2      0x363 ./lpcusblib/Drivers/USB/Core/HostStandardReq.o