queue.c:1408:13:prvCopyDataToQueue	16	static
queue.c:1458:13:prvCopyDataFromQueue	8	static
queue.c:1472:13:prvUnlockQueue	16	static
queue.c:239:15:xQueueGenericReset	16	static
queue.c:284:14:xQueueGenericCreate	24	static
queue.c:530:15:xQueueCreateCountingSemaphore	8	static
queue.c:554:22:xQueueGenericSend	48	static
queue.c:344:15:xQueueCreateMutex	16	static
queue.c:439:16:xQueueGiveMutexRecursive	16	static
queue.c:924:22:xQueueGenericSendFromISR	24	static
queue.c:1036:22:xQueueGenericReceive	48	static
queue.c:489:16:xQueueTakeMutexRecursive	16	static
queue.c:1191:22:xQueueReceiveFromISR	24	static
queue.c:1266:22:xQueuePeekFromISR	24	static
queue.c:1319:24:uxQueueMessagesWaiting	8	static
queue.c:1333:24:uxQueueSpacesAvailable	16	static
queue.c:1349:24:uxQueueMessagesWaitingFromISR	0	static
queue.c:1380:16:ucQueueGetQueueNumber	0	static
queue.c:1390:7:vQueueSetQueueNumber	0	static
queue.c:1400:16:ucQueueGetQueueType	0	static
queue.c:1592:22:xQueueIsQueueEmptyFromISR	0	static
queue.c:1631:22:xQueueIsQueueFullFromISR	0	static
queue.c:1870:7:vQueueAddToRegistry	12	static
queue.c:1893:7:vQueueUnregisterQueue	0	static
queue.c:1361:6:vQueueDelete	8	static
