tasks.c:1320:22:prvGetExpectedIdleTime	0	static
tasks.c:2426:13:prvAddCurrentTaskToDelayedList	8	static
tasks.c:2486:32:prvListTaskWithinSingleList	28	static
tasks.c:479:22:xTaskGenericCreate	40	static
tasks.c:635:7:vTaskDelete	16	static
tasks.c:877:25:uxTaskPriorityGet	8	static
tasks.c:899:7:vTaskPrioritySet	24	static
tasks.c:1091:23:xTaskIsTaskSuspended	0	static
tasks.c:1125:7:vTaskResume	16	static
tasks.c:1166:16:xTaskResumeFromISR	24	static
tasks.c:1225:6:vTaskStartScheduler	32	static
tasks.c:1299:6:vTaskEndScheduler	8	static
tasks.c:1310:6:vTaskSuspendAll	0	static
tasks.c:1414:14:xTaskGetTickCount	8	static
tasks.c:1429:14:xTaskGetTickCountFromISR	8	static
tasks.c:1458:24:uxTaskGetNumberOfTasks	0	static
tasks.c:1570:7:vTaskStepTick	0	static
tasks.c:1583:15:xTaskIncrementTick	40	static
tasks.c:1346:22:xTaskResumeAll	24	static
tasks.c:689:7:vTaskDelayUntil	8	static
tasks.c:765:7:vTaskDelay	8	static
tasks.c:2128:8:prvIdleTask	16	static
tasks.c:1483:25:uxTaskGetSystemState	32	static
tasks.c:1814:6:vTaskSwitchContext	12	static
tasks.c:1030:7:vTaskSuspend	24	static
tasks.c:1868:6:vTaskPlaceOnEventList	16	static
tasks.c:1961:22:xTaskRemoveFromEventList	16	static
tasks.c:2016:6:vTaskSetTimeOutState	0	static
tasks.c:2024:15:xTaskCheckForTimeOut	16	static
tasks.c:2073:6:vTaskMissedYield	0	static
tasks.c:2081:25:uxTaskGetTaskNumber	0	static
tasks.c:2104:7:vTaskSetTaskNumber	0	static
tasks.c:2221:19:eTaskConfirmSleepModeStatus	0	static
tasks.c:2572:25:uxTaskGetStackHighWaterMark	0	static
tasks.c:2618:14:xTaskGetCurrentTaskHandle	0	static
tasks.c:2663:7:vTaskPriorityInherit	24	static
tasks.c:2705:7:vTaskPriorityDisinherit	16	static
