MassStorageClassHost.c:43:9:MS_Host_ConfigurePipes	80	static
MassStorageClassHost.c:131:16:DCOMP_MS_Host_NextMSInterface	24	static
MassStorageClassHost.c:150:16:DCOMP_MS_Host_NextMSInterfaceEndpoint	32	static
MassStorageClassHost.c:173:16:MS_Host_SendCommand	56	static
MassStorageClassHost.c:215:16:MS_Host_WaitForDataReceived	40	static
MassStorageClassHost.c:271:16:MS_Host_SendReceiveData	48	static
MassStorageClassHost.c:338:16:MS_Host_GetReturnedStatus	32	static
MassStorageClassHost.c:365:9:MS_Host_ResetMSInterface	32	static
MassStorageClassHost.c:396:9:MS_Host_GetMaxLUN	24	static
MassStorageClassHost.c:421:9:MS_Host_GetInquiryData	64	static
MassStorageClassHost.c:453:9:MS_Host_TestUnitReady	48	static
MassStorageClassHost.c:484:9:MS_Host_ReadDeviceCapacity	56	static
MassStorageClassHost.c:523:9:MS_Host_RequestSense	56	static
MassStorageClassHost.c:555:9:MS_Host_PreventAllowMediumRemoval	48	static
MassStorageClassHost.c:587:9:MS_Host_ReadDeviceBlocks	56	static
MassStorageClassHost.c:626:9:MS_Host_WriteDeviceBlocks	56	static
